*** Using Compiler 'V6.16', folder: 'D:\Develop\Keil_MDK\ARM\ARMCLANG\Bin'
Build target 'Target 1'
Bsp/se_cmd.c(36): warning: no previous prototype for function 'dump_data' [-Wmissing-prototypes]
void dump_data( uint16_t len, uint8_t *buf )
     ^
Bsp/se_cmd.c(36): note: declare 'static' if the function is not intended to be used outside of this translation unit
void dump_data( uint16_t len, uint8_t *buf )
^
static 
Bsp/se_cmd.c(67): warning: cast from 'const void *' to 'char *' drops const qualifier [-Wcast-qual]
    char* tmpsrc = (char *) src;
                            ^
Bsp/se_cmd.c(96): warning: declaration shadows a variable in the global scope [-Wshadow]
    u8 apdu_padding[8]={0x80,0,0,0,0,0,0,0};
       ^
Bsp/se_cmd.c(27): note: previous declaration is here
static uint8_t apdu_padding[8]={0x80,0,0,0,0,0,0,0};
               ^
Bsp/se_cmd.c(97): warning: declaration shadows a variable in the global scope [-Wshadow]
    u8 apdu_cipher[32];
       ^
Bsp/se_cmd.c(28): note: previous declaration is here
static uint8_t apdu_cipher[32];
               ^
Bsp/se_cmd.c(93): warning: no previous prototype for function 'cmd_data_wrap' [-Wmissing-prototypes]
void cmd_data_wrap(u8 *inbuf, u8 inlen, u8 *keybuf, u8 keylen, u8 *outbuf, u8 *outlen)
     ^
Bsp/se_cmd.c(93): note: declare 'static' if the function is not intended to be used outside of this translation unit
void cmd_data_wrap(u8 *inbuf, u8 inlen, u8 *keybuf, u8 keylen, u8 *outbuf, u8 *outlen)
^
static 
Bsp/se_cmd.c(112): warning: unused parameter 'keylen' [-Wunused-parameter]
void response_data_unwrap(u8 *inbuf, u8 inlen, u8 *keybuf, u8 keylen, u8 *outbuf, u16 *outlen)
                                                              ^
Bsp/se_cmd.c(112): warning: no previous prototype for function 'response_data_unwrap' [-Wmissing-prototypes]
void response_data_unwrap(u8 *inbuf, u8 inlen, u8 *keybuf, u8 keylen, u8 *outbuf, u16 *outlen)
     ^
Bsp/se_cmd.c(112): note: declare 'static' if the function is not intended to be used outside of this translation unit
void response_data_unwrap(u8 *inbuf, u8 inlen, u8 *keybuf, u8 keylen, u8 *outbuf, u16 *outlen)
^
static 
Bsp/se_cmd.c(4): warning: In file included from..../Head/se_cmd.h(107): warning: padding struct 'StSeFunc' with 3 bytes to align 'fm_driver_register' [-Wpadded]
    void (*fm_driver_register)( void *user_drv );
           ^
Bsp/se_cmd.c(6): warning: In file included from..../Head\fmse_port.h(18): warning: padding struct 'StSeI2CDriver' with 3 bytes to align 'fm_i2c_power_on' [-Wpadded]
    void (*fm_i2c_power_on)(void);
           ^
Bsp/se_cmd.c(161): warning: no previous prototype for function 'fm_chk_result' [-Wmissing-prototypes]
uint16_t fm_chk_result( uint8_t result )
         ^
Bsp/se_cmd.c(161): note: declare 'static' if the function is not intended to be used outside of this translation unit
uint16_t fm_chk_result( uint8_t result )
^
static 
Bsp/se_cmd.c(218): warning: implicit conversion loses integer precision: 'uint16_t' (aka 'unsigned short') to 'uint8_t' (aka 'unsigned char') [-Wimplicit-int-conversion]
    gfm_SeCmdHand.p3.lc = inlen;
                        ~ ^~~~~
Bsp/se_cmd.c(229): warning: implicit conversion loses integer precision: 'int' to 'uint8_t' (aka 'unsigned char') [-Wimplicit-int-conversion]
        gfm_SeCmdHand.p3.lc = inlen + padding_num;
                            ~ ~~~~~~^~~~~~~~~~~~~
Bsp/se_cmd.c(239): warning: implicit conversion loses integer precision: 'int' to 'uint16_t' (aka 'unsigned short') [-Wimplicit-int-conversion]
            if (*rlen >= 2) SW = rbuf[*rlen - 2] << 8 | rbuf[*rlen - 1];
                               ~ ~~~~~~~~~~~~~~~~~~~~~^~~~~~~~~~~~~~~~~
Bsp/se_cmd.c(274): warning: cast from 'const unsigned char *' to 'unsigned char *' drops const qualifier [-Wcast-qual]
        fm_memmove(gfm_SeCmdHand.capdu, (uint8_t *)inbuf, inlen);
                                                   ^
Bsp/se_cmd.c(282): warning: implicit conversion loses integer precision: 'int' to 'uint16_t' (aka 'unsigned short') [-Wimplicit-int-conversion]
            if (*rlen >= 2) SW = rbuf[*rlen - 2] << 8 | rbuf[*rlen - 1];
                               ~ ~~~~~~~~~~~~~~~~~~~~~^~~~~~~~~~~~~~~~~
Bsp/se_cmd.c(309): warning: implicit conversion loses integer precision: 'TAG_CHN' to 'uint8_t' (aka 'unsigned char') [-Wimplicit-int-conversion]
    gfm_SeCmdHand.p2    = para;
                        ~ ^~~~
Bsp/se_cmd.c(320): warning: implicit conversion loses integer precision: 'int' to 'uint16_t' (aka 'unsigned short') [-Wimplicit-int-conversion]
            SW = apdu_rbuf[apdu_rlen - 2] << 8 | apdu_rbuf[apdu_rlen - 1];
               ~ ~~~~~~~~~~~~~~~~~~~~~~~~~~~~~~^~~~~~~~~~~~~~~~~~~~~~~~~~
Bsp/se_cmd.c(328): warning: implicit conversion loses integer precision: 'int' to 'u8' (aka 'unsigned char') [-Wimplicit-int-conversion]
    response_data_unwrap(apdu_rbuf, apdu_rlen - 2, session_key, 16, rbuf, rlen);
    ~~~~~~~~~~~~~~~~~~~~            ~~~~~~~~~~^~~
Bsp/se_cmd.c(346): warning: implicit conversion loses integer precision: 'int' to 'uint8_t' (aka 'unsigned char') [-Wimplicit-int-conversion]
    gfm_SeCmdHand.p3.lc = inlen + 2;
                        ~ ~~~~~~^~~
Bsp/se_cmd.c(359): warning: implicit conversion loses integer precision: 'int' to 'uint16_t' (aka 'unsigned short') [-Wimplicit-int-conversion]
            SW = apdu_rbuf[apdu_rlen - 2] << 8 | apdu_rbuf[apdu_rlen - 1];
               ~ ~~~~~~~~~~~~~~~~~~~~~~~~~~~~~~^~~~~~~~~~~~~~~~~~~~~~~~~~
Bsp/se_cmd.c(367): warning: implicit conversion loses integer precision: 'int' to 'u8' (aka 'unsigned char') [-Wimplicit-int-conversion]
    response_data_unwrap(apdu_rbuf, apdu_rlen - 2, session_key, 16, rbuf, rlen);
    ~~~~~~~~~~~~~~~~~~~~            ~~~~~~~~~~^~~
Bsp/se_cmd.c(384): warning: implicit conversion loses integer precision: 'TAG_ROOT_KEY' to 'uint8_t' (aka 'unsigned char') [-Wimplicit-int-conversion]
    gfm_SeCmdHand.p2    = para;
                        ~ ^~~~
Bsp/se_cmd.c(395): warning: implicit conversion loses integer precision: 'int' to 'uint16_t' (aka 'unsigned short') [-Wimplicit-int-conversion]
            SW = apdu_rbuf[apdu_rlen - 2] << 8 | apdu_rbuf[apdu_rlen - 1];
               ~ ~~~~~~~~~~~~~~~~~~~~~~~~~~~~~~^~~~~~~~~~~~~~~~~~~~~~~~~~
Bsp/se_cmd.c(403): warning: implicit conversion loses integer precision: 'int' to 'u8' (aka 'unsigned char') [-Wimplicit-int-conversion]
    response_data_unwrap(apdu_rbuf, apdu_rlen - 2, session_key, 16, rbuf, rlen);
    ~~~~~~~~~~~~~~~~~~~~            ~~~~~~~~~~^~~
Bsp/se_cmd.c(420): warning: implicit conversion loses integer precision: 'uint16_t' (aka 'unsigned short') to 'uint8_t' (aka 'unsigned char') [-Wimplicit-int-conversion]
    gfm_SeCmdHand.p2    = para;
                        ~ ^~~~
Bsp/se_cmd.c(421): warning: implicit conversion loses integer precision: 'uint16_t' (aka 'unsigned short') to 'uint8_t' (aka 'unsigned char') [-Wimplicit-int-conversion]
    gfm_SeCmdHand.p3.lc = inlen;
                        ~ ^~~~~
Bsp/se_cmd.c(431): warning: implicit conversion loses integer precision: 'int' to 'uint16_t' (aka 'unsigned short') [-Wimplicit-int-conversion]
            SW = rbuf[*rlen - 2] << 8 | rbuf[*rlen - 1];
               ~ ~~~~~~~~~~~~~~~~~~~~~^~~~~~~~~~~~~~~~~
Bsp/se_cmd.c(451): warning: implicit conversion loses integer precision: 'uint16_t' (aka 'unsigned short') to 'uint8_t' (aka 'unsigned char') [-Wimplicit-int-conversion]
    gfm_SeCmdHand.p2    = para;
                        ~ ^~~~
Bsp/se_cmd.c(461): warning: implicit conversion loses integer precision: 'int' to 'uint16_t' (aka 'unsigned short') [-Wimplicit-int-conversion]
            SW = apdu_rbuf[apdu_rlen - 2] << 8 | apdu_rbuf[apdu_rlen - 1];
               ~ ~~~~~~~~~~~~~~~~~~~~~~~~~~~~~~^~~~~~~~~~~~~~~~~~~~~~~~~~
Bsp/se_cmd.c(469): warning: implicit conversion loses integer precision: 'int' to 'u8' (aka 'unsigned char') [-Wimplicit-int-conversion]
    response_data_unwrap(apdu_rbuf, apdu_rlen - 2, session_key, 16, rbuf, rlen);
    ~~~~~~~~~~~~~~~~~~~~            ~~~~~~~~~~^~~
Bsp/se_cmd.c(487): warning: implicit conversion loses integer precision: 'uint16_t' (aka 'unsigned short') to 'uint8_t' (aka 'unsigned char') [-Wimplicit-int-conversion]
    gfm_SeCmdHand.p3.lc = inlen;
                        ~ ^~~~~
Bsp/se_cmd.c(497): warning: implicit conversion loses integer precision: 'int' to 'uint16_t' (aka 'unsigned short') [-Wimplicit-int-conversion]
            SW = apdu_rbuf[apdu_rlen - 2] << 8 | apdu_rbuf[apdu_rlen - 1];
               ~ ~~~~~~~~~~~~~~~~~~~~~~~~~~~~~~^~~~~~~~~~~~~~~~~~~~~~~~~~
Bsp/se_cmd.c(505): warning: implicit conversion loses integer precision: 'int' to 'u8' (aka 'unsigned char') [-Wimplicit-int-conversion]
    response_data_unwrap(apdu_rbuf, apdu_rlen - 2, session_key, 16, rbuf, rlen);
    ~~~~~~~~~~~~~~~~~~~~            ~~~~~~~~~~^~~
Bsp/se_cmd.c(532): warning: implicit conversion loses integer precision: 'int' to 'uint16_t' (aka 'unsigned short') [-Wimplicit-int-conversion]
            SW = apdu_rbuf[apdu_rlen - 2] << 8 | apdu_rbuf[apdu_rlen - 1];
               ~ ~~~~~~~~~~~~~~~~~~~~~~~~~~~~~~^~~~~~~~~~~~~~~~~~~~~~~~~~
Bsp/se_cmd.c(540): warning: implicit conversion loses integer precision: 'int' to 'u8' (aka 'unsigned char') [-Wimplicit-int-conversion]
    response_data_unwrap(apdu_rbuf, apdu_rlen - 2, session_key, 16, rbuf, rlen);
    ~~~~~~~~~~~~~~~~~~~~            ~~~~~~~~~~^~~
Bsp/se_cmd.c(568): warning: implicit conversion loses integer precision: 'int' to 'uint16_t' (aka 'unsigned short') [-Wimplicit-int-conversion]
                SW = rbuf[*rlen - 2] << 8 | rbuf[*rlen - 1];
                   ~ ~~~~~~~~~~~~~~~~~~~~~^~~~~~~~~~~~~~~~~
Bsp/se_cmd.c(546): warning: no previous prototype for function 'se_auth1' [-Wmissing-prototypes]
uint16_t se_auth1( uint16_t inlen, uint8_t *inbuf, uint8_t *rbuf, uint16_t *rlen )
         ^
Bsp/se_cmd.c(546): note: declare 'static' if the function is not intended to be used outside of this translation unit
uint16_t se_auth1( uint16_t inlen, uint8_t *inbuf, uint8_t *rbuf, uint16_t *rlen )
^
static 
Bsp/se_cmd.c(602): warning: implicit conversion loses integer precision: 'int' to 'uint16_t' (aka 'unsigned short') [-Wimplicit-int-conversion]
                SW = rbuf[*rlen - 2] << 8 | rbuf[*rlen - 1];
                   ~ ~~~~~~~~~~~~~~~~~~~~~^~~~~~~~~~~~~~~~~
Bsp/se_cmd.c(580): warning: no previous prototype for function 'se_auth2' [-Wmissing-prototypes]
uint16_t se_auth2( uint16_t inlen, uint8_t *inbuf, uint8_t *rbuf, uint16_t *rlen )
         ^
Bsp/se_cmd.c(580): note: declare 'static' if the function is not intended to be used outside of this translation unit
uint16_t se_auth2( uint16_t inlen, uint8_t *inbuf, uint8_t *rbuf, uint16_t *rlen )
^
static 
Bsp/se_cmd.c(631): warning: implicit conversion loses integer precision: 'int' to 'uint8_t' (aka 'unsigned char') [-Wimplicit-int-conversion]
        mcu_rnd[i] = rand();
                   ~ ^~~~~~
Bsp/se_cmd.c(674): warning: implicit conversion loses integer precision: 'uint16_t' (aka 'unsigned short') to 'uint8_t' (aka 'unsigned char') [-Wimplicit-int-conversion]
    gfm_SeCmdHand.p2    = para;
                        ~ ^~~~
Bsp/se_cmd.c(686): warning: implicit conversion loses integer precision: 'int' to 'uint16_t' (aka 'unsigned short') [-Wimplicit-int-conversion]
            SW = apdu_rbuf[apdu_rlen - 2] << 8 | apdu_rbuf[apdu_rlen - 1];
               ~ ~~~~~~~~~~~~~~~~~~~~~~~~~~~~~~^~~~~~~~~~~~~~~~~~~~~~~~~~
Bsp/se_cmd.c(716): warning: implicit conversion loses integer precision: 'uint16_t' (aka 'unsigned short') to 'uint8_t' (aka 'unsigned char') [-Wimplicit-int-conversion]
    gfm_SeCmdHand.p2    = para;
                        ~ ^~~~
Bsp/se_cmd.c(728): warning: implicit conversion loses integer precision: 'int' to 'uint16_t' (aka 'unsigned short') [-Wimplicit-int-conversion]
            SW = apdu_rbuf[apdu_rlen - 2] << 8 | apdu_rbuf[apdu_rlen - 1];
               ~ ~~~~~~~~~~~~~~~~~~~~~~~~~~~~~~^~~~~~~~~~~~~~~~~~~~~~~~~~
Bsp/se_cmd.c(765): warning: implicit conversion loses integer precision: 'uint16_t' (aka 'unsigned short') to 'uint8_t' (aka 'unsigned char') [-Wimplicit-int-conversion]
    gfm_SeCmdHand.p2    = para;
                        ~ ^~~~
Bsp/se_cmd.c(766): warning: implicit conversion loses integer precision: 'uint16_t' (aka 'unsigned short') to 'uint8_t' (aka 'unsigned char') [-Wimplicit-int-conversion]
    gfm_SeCmdHand.p3.lc = inlen;
                        ~ ^~~~~
Bsp/se_cmd.c(774): warning: implicit conversion loses integer precision: 'int' to 'uint8_t' (aka 'unsigned char') [-Wimplicit-int-conversion]
        gfm_SeCmdHand.p3.lc = inlen+padding_num;
                            ~ ~~~~~^~~~~~~~~~~~
Bsp/se_cmd.c(787): warning: implicit conversion loses integer precision: 'int' to 'uint16_t' (aka 'unsigned short') [-Wimplicit-int-conversion]
                SW = rbuf[*rlen - 2] << 8 | rbuf[*rlen - 1];
                   ~ ~~~~~~~~~~~~~~~~~~~~~^~~~~~~~~~~~~~~~~
Bsp/se_cmd.c(818): warning: implicit conversion loses integer precision: 'uint16_t' (aka 'unsigned short') to 'uint8_t' (aka 'unsigned char') [-Wimplicit-int-conversion]
    gfm_SeCmdHand.p2    = para;
                        ~ ^~~~
Bsp/se_cmd.c(819): warning: implicit conversion loses integer precision: 'uint16_t' (aka 'unsigned short') to 'uint8_t' (aka 'unsigned char') [-Wimplicit-int-conversion]
    gfm_SeCmdHand.p3.lc = inlen;
                        ~ ^~~~~
Bsp/se_cmd.c(828): warning: implicit conversion loses integer precision: 'int' to 'uint8_t' (aka 'unsigned char') [-Wimplicit-int-conversion]
        gfm_SeCmdHand.p3.lc = inlen+padding_num;
                            ~ ~~~~~^~~~~~~~~~~~
Bsp/se_cmd.c(841): warning: implicit conversion loses integer precision: 'int' to 'uint16_t' (aka 'unsigned short') [-Wimplicit-int-conversion]
                SW = apdu_rbuf[apdu_rlen - 2] << 8 | apdu_rbuf[apdu_rlen - 1];
                   ~ ~~~~~~~~~~~~~~~~~~~~~~~~~~~~~~^~~~~~~~~~~~~~~~~~~~~~~~~~
Bsp/se_cmd.c(879): warning: implicit conversion loses integer precision: 'uint16_t' (aka 'unsigned short') to 'uint8_t' (aka 'unsigned char') [-Wimplicit-int-conversion]
    gfm_SeCmdHand.p2    = para;
                        ~ ^~~~
Bsp/se_cmd.c(880): warning: implicit conversion loses integer precision: 'uint16_t' (aka 'unsigned short') to 'uint8_t' (aka 'unsigned char') [-Wimplicit-int-conversion]
    gfm_SeCmdHand.p3.lc = inlen;
                        ~ ^~~~~
Bsp/se_cmd.c(888): warning: implicit conversion loses integer precision: 'int' to 'uint8_t' (aka 'unsigned char') [-Wimplicit-int-conversion]
        gfm_SeCmdHand.p3.lc = inlen+padding_num;
                            ~ ~~~~~^~~~~~~~~~~~
Bsp/se_cmd.c(899): warning: implicit conversion loses integer precision: 'int' to 'uint16_t' (aka 'unsigned short') [-Wimplicit-int-conversion]
            SW = apdu_rbuf[apdu_rlen - 2] << 8 | apdu_rbuf[apdu_rlen - 1];
               ~ ~~~~~~~~~~~~~~~~~~~~~~~~~~~~~~^~~~~~~~~~~~~~~~~~~~~~~~~~
Bsp/se_cmd.c(867): warning: unused parameter 'rbuf' [-Wunused-parameter]
uint16_t dec_se_life_count( uint16_t para, uint16_t inlen, uint8_t *inbuf, uint8_t *rbuf, uint16_t *rlen )
                                                                                    ^
Bsp/se_cmd.c(925): warning: implicit conversion loses integer precision: 'uint16_t' (aka 'unsigned short') to 'uint8_t' (aka 'unsigned char') [-Wimplicit-int-conversion]
    gfm_SeCmdHand.p2    = para;
                        ~ ^~~~
Bsp/se_cmd.c(926): warning: implicit conversion loses integer precision: 'uint16_t' (aka 'unsigned short') to 'uint8_t' (aka 'unsigned char') [-Wimplicit-int-conversion]
    gfm_SeCmdHand.p3.lc = inlen;
                        ~ ^~~~~
Bsp/se_cmd.c(935): warning: implicit conversion loses integer precision: 'int' to 'uint8_t' (aka 'unsigned char') [-Wimplicit-int-conversion]
        gfm_SeCmdHand.p3.lc = inlen+padding_num;
                            ~ ~~~~~^~~~~~~~~~~~
Bsp/se_cmd.c(946): warning: implicit conversion loses integer precision: 'int' to 'uint16_t' (aka 'unsigned short') [-Wimplicit-int-conversion]
            SW = apdu_rbuf[apdu_rlen - 2] << 8 | apdu_rbuf[apdu_rlen - 1];
               ~ ~~~~~~~~~~~~~~~~~~~~~~~~~~~~~~^~~~~~~~~~~~~~~~~~~~~~~~~~
Bsp/se_cmd.c(977): warning: implicit conversion loses integer precision: 'uint16_t' (aka 'unsigned short') to 'uint8_t' (aka 'unsigned char') [-Wimplicit-int-conversion]
    gfm_SeCmdHand.p2    = para;
                        ~ ^~~~
Bsp/se_cmd.c(978): warning: implicit conversion loses integer precision: 'uint16_t' (aka 'unsigned short') to 'uint8_t' (aka 'unsigned char') [-Wimplicit-int-conversion]
    gfm_SeCmdHand.p3.lc = inlen;
                        ~ ^~~~~
Bsp/se_cmd.c(987): warning: implicit conversion loses integer precision: 'int' to 'uint8_t' (aka 'unsigned char') [-Wimplicit-int-conversion]
        gfm_SeCmdHand.p3.lc = inlen+padding_num;
                            ~ ~~~~~^~~~~~~~~~~~
Bsp/se_cmd.c(998): warning: implicit conversion loses integer precision: 'int' to 'uint16_t' (aka 'unsigned short') [-Wimplicit-int-conversion]
            SW = apdu_rbuf[apdu_rlen - 2] << 8 | apdu_rbuf[apdu_rlen - 1];
               ~ ~~~~~~~~~~~~~~~~~~~~~~~~~~~~~~^~~~~~~~~~~~~~~~~~~~~~~~~~
65 warnings generated.
compiling se_cmd.c...
linking...
Program Size: Code=14884 RO-data=3636 RW-data=128 ZI-data=3832  
FromELF: creating hex file...
After Build - User command #1: D:\Develop\Keil_MDK\ARM\ARMCC\bin\fromelf.exe  --bin -o "D:\Project\RFID_M1\RFID\Objects\project.bin" "D:\Project\RFID_M1\RFID\Objects\project.axf"
".\Objects\project.axf" - 0 Error(s), 65 Warning(s).
Build Time Elapsed:  00:00:01
