*** Using Compiler 'V6.16', folder: 'D:\Develop\Keil_MDK\ARM\ARMCLANG\Bin'
Build target 'Target 1'
Bsp/app_protocol.c(3): warning: In file included from..../Head\bsp_usart.h(25): warning: no newline at end of file [-Wnewline-eof]
#endif 
       ^
Bsp/app_protocol.c(5): warning: In file included from..../Head\bsp_flash.h(56): warning: no newline at end of file [-Wnewline-eof]
#endif 
       ^
Bsp/app_protocol.c(135): warning: passing 'const uint8_t *' (aka 'const unsigned char *') to parameter of type 'uint8_t *' (aka 'unsigned char *') discards qualifiers [-Wincompatible-pointer-types-discards-qualifiers]
    uint16_t frame_len = Pack_Data_Frame(cmd, pData, dataLen, s_tx_buf);
                                              ^~~~~
./Head/protocol.h(60): note: passing argument to parameter 'pData' here
uint16_t Pack_Data_Frame(uint8_t cmd, uint8_t *pData, uint8_t dataLen, uint8_t *outBuffer);
                                               ^
Bsp/app_protocol.c(229): warning: cast from 'const unsigned char *' to 'unsigned char *' drops const qualifier [-Wcast-qual]
                        (uint8_t *)s_nfc_param, 0x28, SOFT_RST, rbuf, &rlen);
                                   ^
Bsp/app_protocol.c(239): warning: cast from 'const unsigned char *' to 'unsigned char *' drops const qualifier [-Wcast-qual]
                        (uint8_t *)s_nfc_reg, 0x28, SOFT_RST, rbuf, &rlen);
                                   ^
Bsp/app_protocol.c(321): warning: cast from function call of type 'FlagStatus' to non-matching type 'unsigned int' [-Wbad-function-cast]
               (unsigned)gpio_input_bit_get(GPIOA, GPIO_PIN_3));
               ~~~~~~~~~~^~~~~~~~~~~~~~~~~~~~~~~~~~~~~~~~~~~~~~
./Head\debug_config.h(95): note: expanded from macro 'DBG_PRINTF'
    #define DBG_PRINTF(...)        printf(__VA_ARGS__)
                                          ^~~~~~~~~~~
Bsp/app_protocol.c(367): warning: cast from function call of type 'FlagStatus' to non-matching type 'uint8_t' (aka 'unsigned char') [-Wbad-function-cast]
    uint8_t  prev  = (uint8_t)gpio_input_bit_get(GPIOA, pin);
                              ^~~~~~~~~~~~~~~~~~~~~~~~~~~~~~
Bsp/app_protocol.c(370): warning: cast from function call of type 'FlagStatus' to non-matching type 'uint8_t' (aka 'unsigned char') [-Wbad-function-cast]
        uint8_t now = (uint8_t)gpio_input_bit_get(GPIOA, pin);
                               ^~~~~~~~~~~~~~~~~~~~~~~~~~~~~~
Bsp/app_protocol.c(448): warning: cast from 'const unsigned char *' to 'unsigned char *' drops const qualifier [-Wcast-qual]
                                  (uint8_t *)s_nfc_param, 0x28, SOFT_RST, rb, &len_w);
                                             ^
Bsp/app_protocol.c(455): warning: cast from 'const unsigned char *' to 'unsigned char *' drops const qualifier [-Wcast-qual]
                                  (uint8_t *)s_nfc_reg, 0x28, SOFT_RST, rb, &len_r);
                                             ^
Bsp/app_protocol.c(381): warning: unused variable 'rl' [-Wunused-variable]
    uint16_t rl;
             ^
Bsp/app_protocol.c(382): warning: unused variable 'sw' [-Wunused-variable]
    uint16_t sw;
             ^
Bsp/app_protocol.c(379): warning: function 'se_reader_blink_probe' could be declared with attribute 'noreturn' [-Wmissing-noreturn]
{
^
Bsp/app_protocol.c(511): warning: cast from 'const unsigned char *' to 'unsigned char *' drops const qualifier [-Wcast-qual]
                        sizeof(s_nfc_param), (uint8_t *)s_nfc_param,
                                                        ^
Bsp/app_protocol.c(526): warning: cast from 'const unsigned char *' to 'unsigned char *' drops const qualifier [-Wcast-qual]
                        (uint8_t *)s_nfc_reg, addr, SOFT_RST, rbuf, &rlen);
                                   ^
Bsp/app_protocol.c(362): warning: unused function 'dbg_count_edges' [-Wunused-function]
static uint32_t dbg_count_edges(uint32_t pin, uint32_t window_ms, uint8_t *last_lvl)
                ^
16 warnings generated.
compiling app_protocol.c...
linking...
Program Size: Code=14956 RO-data=3444 RW-data=128 ZI-data=3832  
FromELF: creating hex file...
After Build - User command #1: D:\Develop\Keil_MDK\ARM\ARMCC\bin\fromelf.exe  --bin -o "D:\Project\RFID_M1\RFID\Objects\project.bin" "D:\Project\RFID_M1\RFID\Objects\project.axf"
".\Objects\project.axf" - 0 Error(s), 16 Warning(s).
Build Time Elapsed:  00:00:01
