<!doctype html public "-//w3c//dtd html 4.0 transitional//en">
<html><head>
<title>Static Call Graph - [.\Objects\project.axf]</title></head>
<body><HR>
<H1>Static Call Graph for image .\Objects\project.axf</H1><HR>
<BR><P>#&#060CALLGRAPH&#062# ARM Linker, 6160001: Last Updated: Thu May 28 14:36:24 2026
<BR><P>
<H3>Maximum Stack Usage =       1344 bytes + Unknown(Cycles, Untraceable Function Pointers)</H3><H3>
Call chain for Maximum Stack Depth:</H3>
main &rArr; app_rfid_poll_task &rArr; crypto_chip_encrypt &rArr; write_se_data &rArr; des3_ecb_encrypt &rArr; des3_set2key_enc &rArr; des3_set2key &rArr; des_setkey
<P>
<H3>
Mutually Recursive functions
</H3> <LI><a href="#[11]">ADC_CMP_IRQHandler</a>&nbsp;&nbsp;&nbsp;&rArr;&nbsp;&nbsp;&nbsp;<a href="#[11]">ADC_CMP_IRQHandler</a><BR>
 <LI><a href="#[2]">HardFault_Handler</a>&nbsp;&nbsp;&nbsp;&rArr;&nbsp;&nbsp;&nbsp;<a href="#[2]">HardFault_Handler</a><BR>
 <LI><a href="#[4]">PendSV_Handler</a>&nbsp;&nbsp;&nbsp;&rArr;&nbsp;&nbsp;&nbsp;<a href="#[4]">PendSV_Handler</a><BR>
 <LI><a href="#[3]">SVC_Handler</a>&nbsp;&nbsp;&nbsp;&rArr;&nbsp;&nbsp;&nbsp;<a href="#[3]">SVC_Handler</a><BR>
</UL>
<P>
<H3>
Function Pointers
</H3><UL>
 <LI><a href="#[11]">ADC_CMP_IRQHandler</a> from startup_gd32e23x.o(.text) referenced from startup_gd32e23x.o(RESET)
 <LI><a href="#[e]">DMA_Channel0_IRQHandler</a> from startup_gd32e23x.o(.text) referenced from startup_gd32e23x.o(RESET)
 <LI><a href="#[f]">DMA_Channel1_2_IRQHandler</a> from startup_gd32e23x.o(.text) referenced from startup_gd32e23x.o(RESET)
 <LI><a href="#[10]">DMA_Channel3_4_IRQHandler</a> from startup_gd32e23x.o(.text) referenced from startup_gd32e23x.o(RESET)
 <LI><a href="#[b]">EXTI0_1_IRQHandler</a> from startup_gd32e23x.o(.text) referenced from startup_gd32e23x.o(RESET)
 <LI><a href="#[c]">EXTI2_3_IRQHandler</a> from startup_gd32e23x.o(.text) referenced from startup_gd32e23x.o(RESET)
 <LI><a href="#[d]">EXTI4_15_IRQHandler</a> from startup_gd32e23x.o(.text) referenced from startup_gd32e23x.o(RESET)
 <LI><a href="#[9]">FMC_IRQHandler</a> from startup_gd32e23x.o(.text) referenced from startup_gd32e23x.o(RESET)
 <LI><a href="#[2]">HardFault_Handler</a> from gd32e23x_it.o(.text.HardFault_Handler) referenced from startup_gd32e23x.o(RESET)
 <LI><a href="#[20]">I2C0_ER_IRQHandler</a> from startup_gd32e23x.o(.text) referenced from startup_gd32e23x.o(RESET)
 <LI><a href="#[1a]">I2C0_EV_IRQHandler</a> from startup_gd32e23x.o(.text) referenced from startup_gd32e23x.o(RESET)
 <LI><a href="#[21]">I2C1_ER_IRQHandler</a> from startup_gd32e23x.o(.text) referenced from startup_gd32e23x.o(RESET)
 <LI><a href="#[1b]">I2C1_EV_IRQHandler</a> from startup_gd32e23x.o(.text) referenced from startup_gd32e23x.o(RESET)
 <LI><a href="#[7]">LVD_IRQHandler</a> from startup_gd32e23x.o(.text) referenced from startup_gd32e23x.o(RESET)
 <LI><a href="#[1]">NMI_Handler</a> from gd32e23x_it.o(.text.NMI_Handler) referenced from startup_gd32e23x.o(RESET)
 <LI><a href="#[4]">PendSV_Handler</a> from gd32e23x_it.o(.text.PendSV_Handler) referenced from startup_gd32e23x.o(RESET)
 <LI><a href="#[a]">RCU_IRQHandler</a> from startup_gd32e23x.o(.text) referenced from startup_gd32e23x.o(RESET)
 <LI><a href="#[8]">RTC_IRQHandler</a> from startup_gd32e23x.o(.text) referenced from startup_gd32e23x.o(RESET)
 <LI><a href="#[0]">Reset_Handler</a> from startup_gd32e23x.o(.text) referenced from startup_gd32e23x.o(RESET)
 <LI><a href="#[1c]">SPI0_IRQHandler</a> from startup_gd32e23x.o(.text) referenced from startup_gd32e23x.o(RESET)
 <LI><a href="#[1d]">SPI1_IRQHandler</a> from startup_gd32e23x.o(.text) referenced from startup_gd32e23x.o(RESET)
 <LI><a href="#[3]">SVC_Handler</a> from gd32e23x_it.o(.text.SVC_Handler) referenced from startup_gd32e23x.o(RESET)
 <LI><a href="#[5]">SysTick_Handler</a> from bsp_systick.o(.text.SysTick_Handler) referenced from startup_gd32e23x.o(RESET)
 <LI><a href="#[23]">SystemInit</a> from system_gd32e23x.o(.text.SystemInit) referenced from startup_gd32e23x.o(.text)
 <LI><a href="#[12]">TIMER0_BRK_UP_TRG_COM_IRQHandler</a> from startup_gd32e23x.o(.text) referenced from startup_gd32e23x.o(RESET)
 <LI><a href="#[13]">TIMER0_Channel_IRQHandler</a> from startup_gd32e23x.o(.text) referenced from startup_gd32e23x.o(RESET)
 <LI><a href="#[16]">TIMER13_IRQHandler</a> from startup_gd32e23x.o(.text) referenced from startup_gd32e23x.o(RESET)
 <LI><a href="#[17]">TIMER14_IRQHandler</a> from startup_gd32e23x.o(.text) referenced from startup_gd32e23x.o(RESET)
 <LI><a href="#[18]">TIMER15_IRQHandler</a> from startup_gd32e23x.o(.text) referenced from startup_gd32e23x.o(RESET)
 <LI><a href="#[19]">TIMER16_IRQHandler</a> from startup_gd32e23x.o(.text) referenced from startup_gd32e23x.o(RESET)
 <LI><a href="#[14]">TIMER2_IRQHandler</a> from startup_gd32e23x.o(.text) referenced from startup_gd32e23x.o(RESET)
 <LI><a href="#[15]">TIMER5_IRQHandler</a> from startup_gd32e23x.o(.text) referenced from startup_gd32e23x.o(RESET)
 <LI><a href="#[1e]">USART0_IRQHandler</a> from gd32e23x_it.o(.text.USART0_IRQHandler) referenced from startup_gd32e23x.o(RESET)
 <LI><a href="#[1f]">USART1_IRQHandler</a> from startup_gd32e23x.o(.text) referenced from startup_gd32e23x.o(RESET)
 <LI><a href="#[6]">WWDGT_IRQHandler</a> from startup_gd32e23x.o(.text) referenced from startup_gd32e23x.o(RESET)
 <LI><a href="#[24]">__main</a> from entry.o(.ARM.Collect$$$$00000000) referenced from startup_gd32e23x.o(.text)
 <LI><a href="#[29]">fm_i2c_close_device</a> from fmse_i2c.o(.text.fm_i2c_close_device) referenced from fmse_i2c.o(.data.gfm_se_i2c)
 <LI><a href="#[27]">fm_i2c_dev_init</a> from fmse_i2c.o(.text.fm_i2c_dev_init) referenced from fmse_i2c.o(.data.gfm_se_i2c)
 <LI><a href="#[26]">fm_i2c_drv_reg</a> from fmse_i2c.o(.text.fm_i2c_drv_reg) referenced from fmse_i2c.o(.data.gfm_se_i2c)
 <LI><a href="#[2c]">fm_i2c_drv_unreg</a> from fmse_i2c.o(.text.fm_i2c_drv_unreg) referenced from fmse_i2c.o(.data.gfm_se_i2c)
 <LI><a href="#[2a]">fm_i2c_get_atr</a> from fmse_i2c.o(.text.fm_i2c_get_atr) referenced from fmse_i2c.o(.data.gfm_se_i2c)
 <LI><a href="#[28]">fm_i2c_open_device</a> from fmse_i2c.o(.text.fm_i2c_open_device) referenced from fmse_i2c.o(.data.gfm_se_i2c)
 <LI><a href="#[2b]">fm_i2c_transceive</a> from fmse_i2c.o(.text.fm_i2c_transceive) referenced from fmse_i2c.o(.data.gfm_se_i2c)
 <LI><a href="#[2f]">fmse_i2c_init</a> from fmse_port.o(.text.fmse_i2c_init) referenced from fmse_port.o(.data.gusr_i2c_drv)
 <LI><a href="#[33]">fmse_i2c_recv_char</a> from fmse_port.o(.text.fmse_i2c_recv_char) referenced from fmse_port.o(.data.gusr_i2c_drv)
 <LI><a href="#[35]">fmse_i2c_recv_char_nak</a> from fmse_port.o(.text.fmse_i2c_recv_char_nak) referenced from fmse_port.o(.data.gusr_i2c_drv)
 <LI><a href="#[34]">fmse_i2c_send_addr</a> from fmse_port.o(.text.fmse_i2c_send_addr) referenced from fmse_port.o(.data.gusr_i2c_drv)
 <LI><a href="#[32]">fmse_i2c_send_char</a> from fmse_port.o(.text.fmse_i2c_send_char) referenced from fmse_port.o(.data.gusr_i2c_drv)
 <LI><a href="#[30]">fmse_i2c_start</a> from fmse_port.o(.text.fmse_i2c_start) referenced from fmse_port.o(.data.gusr_i2c_drv)
 <LI><a href="#[31]">fmse_i2c_stop</a> from fmse_port.o(.text.fmse_i2c_stop) referenced from fmse_port.o(.data.gusr_i2c_drv)
 <LI><a href="#[2e]">fmse_power_off</a> from fmse_port.o(.text.fmse_power_off) referenced from fmse_port.o(.data.gusr_i2c_drv)
 <LI><a href="#[2d]">fmse_power_on</a> from fmse_port.o(.text.fmse_power_on) referenced from fmse_port.o(.data.gusr_i2c_drv)
 <LI><a href="#[25]">fputc</a> from bsp_usart.o(.text.fputc) referenced from printf8.o(i.__0printf$8)
 <LI><a href="#[22]">main</a> from main.o(.text.main) referenced from entry9a.o(.ARM.Collect$$$$0000000B)
</UL>
<P>
<H3>
Global Symbols
</H3>
<P><STRONG><a name="[24]"></a>__main</STRONG> (Thumb, 0 bytes, Stack size unknown bytes, entry.o(.ARM.Collect$$$$00000000))
<BR>[Address Reference Count : 1]<UL><LI> startup_gd32e23x.o(.text)
</UL>
<P><STRONG><a name="[ca]"></a>_main_stk</STRONG> (Thumb, 0 bytes, Stack size unknown bytes, entry2.o(.ARM.Collect$$$$00000001))

<P><STRONG><a name="[36]"></a>_main_scatterload</STRONG> (Thumb, 0 bytes, Stack size unknown bytes, entry5.o(.ARM.Collect$$$$00000004))
<BR><BR>[Calls]<UL><LI><a href="#[37]">&gt;&gt;</a>&nbsp;&nbsp;&nbsp;__scatterload
</UL>

<P><STRONG><a name="[3e]"></a>__main_after_scatterload</STRONG> (Thumb, 0 bytes, Stack size unknown bytes, entry5.o(.ARM.Collect$$$$00000004))
<BR><BR>[Called By]<UL><LI><a href="#[37]">&gt;&gt;</a>&nbsp;&nbsp;&nbsp;__scatterload
</UL>

<P><STRONG><a name="[cb]"></a>_main_clock</STRONG> (Thumb, 0 bytes, Stack size unknown bytes, entry7b.o(.ARM.Collect$$$$00000008))

<P><STRONG><a name="[cc]"></a>_main_cpp_init</STRONG> (Thumb, 0 bytes, Stack size unknown bytes, entry8b.o(.ARM.Collect$$$$0000000A))

<P><STRONG><a name="[cd]"></a>_main_init</STRONG> (Thumb, 0 bytes, Stack size unknown bytes, entry9a.o(.ARM.Collect$$$$0000000B))

<P><STRONG><a name="[ce]"></a>__rt_final_cpp</STRONG> (Thumb, 0 bytes, Stack size unknown bytes, entry10a.o(.ARM.Collect$$$$0000000D))

<P><STRONG><a name="[cf]"></a>__rt_final_exit</STRONG> (Thumb, 0 bytes, Stack size unknown bytes, entry11a.o(.ARM.Collect$$$$0000000F))

<P><STRONG><a name="[0]"></a>Reset_Handler</STRONG> (Thumb, 34 bytes, Stack size 0 bytes, startup_gd32e23x.o(.text))
<BR>[Address Reference Count : 1]<UL><LI> startup_gd32e23x.o(RESET)
</UL>
<P><STRONG><a name="[11]"></a>ADC_CMP_IRQHandler</STRONG> (Thumb, 0 bytes, Stack size 0 bytes, startup_gd32e23x.o(.text))
<BR><BR>[Calls]<UL><LI><a href="#[11]">&gt;&gt;</a>&nbsp;&nbsp;&nbsp;ADC_CMP_IRQHandler
</UL>
<BR>[Called By]<UL><LI><a href="#[11]">&gt;&gt;</a>&nbsp;&nbsp;&nbsp;ADC_CMP_IRQHandler
</UL>
<BR>[Address Reference Count : 1]<UL><LI> startup_gd32e23x.o(RESET)
</UL>
<P><STRONG><a name="[e]"></a>DMA_Channel0_IRQHandler</STRONG> (Thumb, 0 bytes, Stack size 0 bytes, startup_gd32e23x.o(.text))
<BR>[Address Reference Count : 1]<UL><LI> startup_gd32e23x.o(RESET)
</UL>
<P><STRONG><a name="[f]"></a>DMA_Channel1_2_IRQHandler</STRONG> (Thumb, 0 bytes, Stack size 0 bytes, startup_gd32e23x.o(.text))
<BR>[Address Reference Count : 1]<UL><LI> startup_gd32e23x.o(RESET)
</UL>
<P><STRONG><a name="[10]"></a>DMA_Channel3_4_IRQHandler</STRONG> (Thumb, 0 bytes, Stack size 0 bytes, startup_gd32e23x.o(.text))
<BR>[Address Reference Count : 1]<UL><LI> startup_gd32e23x.o(RESET)
</UL>
<P><STRONG><a name="[b]"></a>EXTI0_1_IRQHandler</STRONG> (Thumb, 0 bytes, Stack size 0 bytes, startup_gd32e23x.o(.text))
<BR>[Address Reference Count : 1]<UL><LI> startup_gd32e23x.o(RESET)
</UL>
<P><STRONG><a name="[c]"></a>EXTI2_3_IRQHandler</STRONG> (Thumb, 0 bytes, Stack size 0 bytes, startup_gd32e23x.o(.text))
<BR>[Address Reference Count : 1]<UL><LI> startup_gd32e23x.o(RESET)
</UL>
<P><STRONG><a name="[d]"></a>EXTI4_15_IRQHandler</STRONG> (Thumb, 0 bytes, Stack size 0 bytes, startup_gd32e23x.o(.text))
<BR>[Address Reference Count : 1]<UL><LI> startup_gd32e23x.o(RESET)
</UL>
<P><STRONG><a name="[9]"></a>FMC_IRQHandler</STRONG> (Thumb, 0 bytes, Stack size 0 bytes, startup_gd32e23x.o(.text))
<BR>[Address Reference Count : 1]<UL><LI> startup_gd32e23x.o(RESET)
</UL>
<P><STRONG><a name="[20]"></a>I2C0_ER_IRQHandler</STRONG> (Thumb, 0 bytes, Stack size 0 bytes, startup_gd32e23x.o(.text))
<BR>[Address Reference Count : 1]<UL><LI> startup_gd32e23x.o(RESET)
</UL>
<P><STRONG><a name="[1a]"></a>I2C0_EV_IRQHandler</STRONG> (Thumb, 0 bytes, Stack size 0 bytes, startup_gd32e23x.o(.text))
<BR>[Address Reference Count : 1]<UL><LI> startup_gd32e23x.o(RESET)
</UL>
<P><STRONG><a name="[21]"></a>I2C1_ER_IRQHandler</STRONG> (Thumb, 0 bytes, Stack size 0 bytes, startup_gd32e23x.o(.text))
<BR>[Address Reference Count : 1]<UL><LI> startup_gd32e23x.o(RESET)
</UL>
<P><STRONG><a name="[1b]"></a>I2C1_EV_IRQHandler</STRONG> (Thumb, 0 bytes, Stack size 0 bytes, startup_gd32e23x.o(.text))
<BR>[Address Reference Count : 1]<UL><LI> startup_gd32e23x.o(RESET)
</UL>
<P><STRONG><a name="[7]"></a>LVD_IRQHandler</STRONG> (Thumb, 0 bytes, Stack size 0 bytes, startup_gd32e23x.o(.text))
<BR>[Address Reference Count : 1]<UL><LI> startup_gd32e23x.o(RESET)
</UL>
<P><STRONG><a name="[a]"></a>RCU_IRQHandler</STRONG> (Thumb, 0 bytes, Stack size 0 bytes, startup_gd32e23x.o(.text))
<BR>[Address Reference Count : 1]<UL><LI> startup_gd32e23x.o(RESET)
</UL>
<P><STRONG><a name="[8]"></a>RTC_IRQHandler</STRONG> (Thumb, 0 bytes, Stack size 0 bytes, startup_gd32e23x.o(.text))
<BR>[Address Reference Count : 1]<UL><LI> startup_gd32e23x.o(RESET)
</UL>
<P><STRONG><a name="[1c]"></a>SPI0_IRQHandler</STRONG> (Thumb, 0 bytes, Stack size 0 bytes, startup_gd32e23x.o(.text))
<BR>[Address Reference Count : 1]<UL><LI> startup_gd32e23x.o(RESET)
</UL>
<P><STRONG><a name="[1d]"></a>SPI1_IRQHandler</STRONG> (Thumb, 0 bytes, Stack size 0 bytes, startup_gd32e23x.o(.text))
<BR>[Address Reference Count : 1]<UL><LI> startup_gd32e23x.o(RESET)
</UL>
<P><STRONG><a name="[12]"></a>TIMER0_BRK_UP_TRG_COM_IRQHandler</STRONG> (Thumb, 0 bytes, Stack size 0 bytes, startup_gd32e23x.o(.text))
<BR>[Address Reference Count : 1]<UL><LI> startup_gd32e23x.o(RESET)
</UL>
<P><STRONG><a name="[13]"></a>TIMER0_Channel_IRQHandler</STRONG> (Thumb, 0 bytes, Stack size 0 bytes, startup_gd32e23x.o(.text))
<BR>[Address Reference Count : 1]<UL><LI> startup_gd32e23x.o(RESET)
</UL>
<P><STRONG><a name="[16]"></a>TIMER13_IRQHandler</STRONG> (Thumb, 0 bytes, Stack size 0 bytes, startup_gd32e23x.o(.text))
<BR>[Address Reference Count : 1]<UL><LI> startup_gd32e23x.o(RESET)
</UL>
<P><STRONG><a name="[17]"></a>TIMER14_IRQHandler</STRONG> (Thumb, 0 bytes, Stack size 0 bytes, startup_gd32e23x.o(.text))
<BR>[Address Reference Count : 1]<UL><LI> startup_gd32e23x.o(RESET)
</UL>
<P><STRONG><a name="[18]"></a>TIMER15_IRQHandler</STRONG> (Thumb, 0 bytes, Stack size 0 bytes, startup_gd32e23x.o(.text))
<BR>[Address Reference Count : 1]<UL><LI> startup_gd32e23x.o(RESET)
</UL>
<P><STRONG><a name="[19]"></a>TIMER16_IRQHandler</STRONG> (Thumb, 0 bytes, Stack size 0 bytes, startup_gd32e23x.o(.text))
<BR>[Address Reference Count : 1]<UL><LI> startup_gd32e23x.o(RESET)
</UL>
<P><STRONG><a name="[14]"></a>TIMER2_IRQHandler</STRONG> (Thumb, 0 bytes, Stack size 0 bytes, startup_gd32e23x.o(.text))
<BR>[Address Reference Count : 1]<UL><LI> startup_gd32e23x.o(RESET)
</UL>
<P><STRONG><a name="[15]"></a>TIMER5_IRQHandler</STRONG> (Thumb, 0 bytes, Stack size 0 bytes, startup_gd32e23x.o(.text))
<BR>[Address Reference Count : 1]<UL><LI> startup_gd32e23x.o(RESET)
</UL>
<P><STRONG><a name="[1f]"></a>USART1_IRQHandler</STRONG> (Thumb, 0 bytes, Stack size 0 bytes, startup_gd32e23x.o(.text))
<BR>[Address Reference Count : 1]<UL><LI> startup_gd32e23x.o(RESET)
</UL>
<P><STRONG><a name="[6]"></a>WWDGT_IRQHandler</STRONG> (Thumb, 0 bytes, Stack size 0 bytes, startup_gd32e23x.o(.text))
<BR>[Address Reference Count : 1]<UL><LI> startup_gd32e23x.o(RESET)
</UL>
<P><STRONG><a name="[b9]"></a>rand</STRONG> (Thumb, 18 bytes, Stack size 0 bytes, rand.o(.text))
<BR><BR>[Called By]<UL><LI><a href="#[8d]">&gt;&gt;</a>&nbsp;&nbsp;&nbsp;mcu_l013_mutual_auth
</UL>

<P><STRONG><a name="[b8]"></a>srand</STRONG> (Thumb, 6 bytes, Stack size 0 bytes, rand.o(.text))
<BR><BR>[Called By]<UL><LI><a href="#[8d]">&gt;&gt;</a>&nbsp;&nbsp;&nbsp;mcu_l013_mutual_auth
</UL>

<P><STRONG><a name="[48]"></a>__aeabi_memcpy</STRONG> (Thumb, 36 bytes, Stack size 0 bytes, memcpya.o(.text))
<BR><BR>[Called By]<UL><LI><a href="#[8b]">&gt;&gt;</a>&nbsp;&nbsp;&nbsp;get_se_data
<LI><a href="#[68]">&gt;&gt;</a>&nbsp;&nbsp;&nbsp;crypto_chip_init
<LI><a href="#[6e]">&gt;&gt;</a>&nbsp;&nbsp;&nbsp;crypto_chip_encrypt
<LI><a href="#[6d]">&gt;&gt;</a>&nbsp;&nbsp;&nbsp;tag_data_serialize
<LI><a href="#[4a]">&gt;&gt;</a>&nbsp;&nbsp;&nbsp;FM17622_MifareReadBlock
<LI><a href="#[47]">&gt;&gt;</a>&nbsp;&nbsp;&nbsp;FM17622_MifareAuth
<LI><a href="#[52]">&gt;&gt;</a>&nbsp;&nbsp;&nbsp;block_to_tag_data
<LI><a href="#[93]">&gt;&gt;</a>&nbsp;&nbsp;&nbsp;des3_ecb_encrypt
</UL>

<P><STRONG><a name="[6a]"></a>__aeabi_memcpy4</STRONG> (Thumb, 0 bytes, Stack size 0 bytes, memcpya.o(.text))
<BR><BR>[Called By]<UL><LI><a href="#[69]">&gt;&gt;</a>&nbsp;&nbsp;&nbsp;app_rfid_poll_task
</UL>

<P><STRONG><a name="[d0]"></a>__aeabi_memcpy8</STRONG> (Thumb, 0 bytes, Stack size 0 bytes, memcpya.o(.text), UNUSED)

<P><STRONG><a name="[39]"></a>__aeabi_memset</STRONG> (Thumb, 14 bytes, Stack size 0 bytes, memseta.o(.text))
<BR><BR>[Called By]<UL><LI><a href="#[3a]">&gt;&gt;</a>&nbsp;&nbsp;&nbsp;_memset$wrapper
<LI><a href="#[38]">&gt;&gt;</a>&nbsp;&nbsp;&nbsp;__aeabi_memclr
</UL>

<P><STRONG><a name="[d1]"></a>__aeabi_memset4</STRONG> (Thumb, 0 bytes, Stack size 0 bytes, memseta.o(.text), UNUSED)

<P><STRONG><a name="[d2]"></a>__aeabi_memset8</STRONG> (Thumb, 0 bytes, Stack size 0 bytes, memseta.o(.text), UNUSED)

<P><STRONG><a name="[38]"></a>__aeabi_memclr</STRONG> (Thumb, 4 bytes, Stack size 0 bytes, memseta.o(.text))
<BR><BR>[Calls]<UL><LI><a href="#[39]">&gt;&gt;</a>&nbsp;&nbsp;&nbsp;__aeabi_memset
</UL>
<BR>[Called By]<UL><LI><a href="#[93]">&gt;&gt;</a>&nbsp;&nbsp;&nbsp;des3_ecb_encrypt
</UL>

<P><STRONG><a name="[be]"></a>__aeabi_memclr4</STRONG> (Thumb, 0 bytes, Stack size 0 bytes, memseta.o(.text))
<BR><BR>[Called By]<UL><LI><a href="#[67]">&gt;&gt;</a>&nbsp;&nbsp;&nbsp;protocol_parser_init
<LI><a href="#[73]">&gt;&gt;</a>&nbsp;&nbsp;&nbsp;protocol_parse_byte
</UL>

<P><STRONG><a name="[d3]"></a>__aeabi_memclr8</STRONG> (Thumb, 0 bytes, Stack size 0 bytes, memseta.o(.text), UNUSED)

<P><STRONG><a name="[3a]"></a>_memset$wrapper</STRONG> (Thumb, 18 bytes, Stack size 8 bytes, memseta.o(.text), UNUSED)
<BR><BR>[Calls]<UL><LI><a href="#[39]">&gt;&gt;</a>&nbsp;&nbsp;&nbsp;__aeabi_memset
</UL>

<P><STRONG><a name="[a3]"></a>memcmp</STRONG> (Thumb, 26 bytes, Stack size 12 bytes, memcmp.o(.text))
<BR><BR>[Stack]<UL><LI>Max Depth = 12<LI>Call Chain = memcmp
</UL>
<BR>[Called By]<UL><LI><a href="#[8d]">&gt;&gt;</a>&nbsp;&nbsp;&nbsp;mcu_l013_mutual_auth
<LI><a href="#[64]">&gt;&gt;</a>&nbsp;&nbsp;&nbsp;flash_key_write
</UL>

<P><STRONG><a name="[3b]"></a>__aeabi_uldivmod</STRONG> (Thumb, 96 bytes, Stack size 48 bytes, uldiv.o(.text), UNUSED)
<BR><BR>[Calls]<UL><LI><a href="#[3c]">&gt;&gt;</a>&nbsp;&nbsp;&nbsp;__aeabi_llsr
<LI><a href="#[3d]">&gt;&gt;</a>&nbsp;&nbsp;&nbsp;__aeabi_llsl
</UL>
<BR>[Called By]<UL><LI><a href="#[c7]">&gt;&gt;</a>&nbsp;&nbsp;&nbsp;_printf_core
</UL>

<P><STRONG><a name="[37]"></a>__scatterload</STRONG> (Thumb, 28 bytes, Stack size 0 bytes, init.o(.text))
<BR><BR>[Calls]<UL><LI><a href="#[3e]">&gt;&gt;</a>&nbsp;&nbsp;&nbsp;__main_after_scatterload
</UL>
<BR>[Called By]<UL><LI><a href="#[36]">&gt;&gt;</a>&nbsp;&nbsp;&nbsp;_main_scatterload
</UL>

<P><STRONG><a name="[d4]"></a>__scatterload_rt2</STRONG> (Thumb, 0 bytes, Stack size 0 bytes, init.o(.text), UNUSED)

<P><STRONG><a name="[3d]"></a>__aeabi_llsl</STRONG> (Thumb, 32 bytes, Stack size 8 bytes, llshl.o(.text), UNUSED)
<BR><BR>[Called By]<UL><LI><a href="#[3b]">&gt;&gt;</a>&nbsp;&nbsp;&nbsp;__aeabi_uldivmod
</UL>

<P><STRONG><a name="[d5]"></a>_ll_shift_l</STRONG> (Thumb, 0 bytes, Stack size 8 bytes, llshl.o(.text), UNUSED)

<P><STRONG><a name="[3c]"></a>__aeabi_llsr</STRONG> (Thumb, 34 bytes, Stack size 8 bytes, llushr.o(.text), UNUSED)
<BR><BR>[Called By]<UL><LI><a href="#[3b]">&gt;&gt;</a>&nbsp;&nbsp;&nbsp;__aeabi_uldivmod
</UL>

<P><STRONG><a name="[d6]"></a>_ll_ushift_r</STRONG> (Thumb, 0 bytes, Stack size 8 bytes, llushr.o(.text), UNUSED)

<P><STRONG><a name="[57]"></a>Calculate_CRC16_Modbus</STRONG> (Thumb, 56 bytes, Stack size 20 bytes, protocol.o(.text.Calculate_CRC16_Modbus))
<BR><BR>[Stack]<UL><LI>Max Depth = 20<LI>Call Chain = Calculate_CRC16_Modbus
</UL>
<BR>[Called By]<UL><LI><a href="#[bf]">&gt;&gt;</a>&nbsp;&nbsp;&nbsp;protocol_verify_crc
<LI><a href="#[56]">&gt;&gt;</a>&nbsp;&nbsp;&nbsp;Pack_Data_Frame
</UL>

<P><STRONG><a name="[3f]"></a>FM17622_AntennaOn</STRONG> (Thumb, 26 bytes, Stack size 8 bytes, bsp_fm17622.o(.text.FM17622_AntennaOn))
<BR><BR>[Stack]<UL><LI>Max Depth = 84<LI>Call Chain = FM17622_AntennaOn &rArr; FM17622_SetBitMask &rArr; FM17622_WriteReg &rArr; i2c_err_track &rArr; i2c_bus_recovery &rArr; i2c_stop &rArr; i2c_delay
</UL>
<BR>[Calls]<UL><LI><a href="#[40]">&gt;&gt;</a>&nbsp;&nbsp;&nbsp;FM17622_ReadReg
<LI><a href="#[41]">&gt;&gt;</a>&nbsp;&nbsp;&nbsp;FM17622_SetBitMask
</UL>
<BR>[Called By]<UL><LI><a href="#[46]">&gt;&gt;</a>&nbsp;&nbsp;&nbsp;FM17622_Init
</UL>

<P><STRONG><a name="[42]"></a>FM17622_Anticoll</STRONG> (Thumb, 476 bytes, Stack size 64 bytes, bsp_fm17622.o(.text.FM17622_Anticoll))
<BR><BR>[Stack]<UL><LI>Max Depth = 140<LI>Call Chain = FM17622_Anticoll &rArr; FM17622_SetBitMask &rArr; FM17622_WriteReg &rArr; i2c_err_track &rArr; i2c_bus_recovery &rArr; i2c_stop &rArr; i2c_delay
</UL>
<BR>[Calls]<UL><LI><a href="#[44]">&gt;&gt;</a>&nbsp;&nbsp;&nbsp;FM17622_WriteReg
<LI><a href="#[40]">&gt;&gt;</a>&nbsp;&nbsp;&nbsp;FM17622_ReadReg
<LI><a href="#[41]">&gt;&gt;</a>&nbsp;&nbsp;&nbsp;FM17622_SetBitMask
<LI><a href="#[43]">&gt;&gt;</a>&nbsp;&nbsp;&nbsp;FM17622_ClearBitMask
</UL>
<BR>[Called By]<UL><LI><a href="#[69]">&gt;&gt;</a>&nbsp;&nbsp;&nbsp;app_rfid_poll_task
</UL>

<P><STRONG><a name="[45]"></a>FM17622_CheckComm</STRONG> (Thumb, 18 bytes, Stack size 8 bytes, bsp_fm17622.o(.text.FM17622_CheckComm))
<BR><BR>[Stack]<UL><LI>Max Depth = 68<LI>Call Chain = FM17622_CheckComm &rArr; FM17622_ReadReg &rArr; i2c_err_track &rArr; i2c_bus_recovery &rArr; i2c_stop &rArr; i2c_delay
</UL>
<BR>[Calls]<UL><LI><a href="#[40]">&gt;&gt;</a>&nbsp;&nbsp;&nbsp;FM17622_ReadReg
</UL>
<BR>[Called By]<UL><LI><a href="#[22]">&gt;&gt;</a>&nbsp;&nbsp;&nbsp;main
</UL>

<P><STRONG><a name="[46]"></a>FM17622_Init</STRONG> (Thumb, 80 bytes, Stack size 16 bytes, bsp_fm17622.o(.text.FM17622_Init))
<BR><BR>[Stack]<UL><LI>Max Depth = 100<LI>Call Chain = FM17622_Init &rArr; FM17622_AntennaOn &rArr; FM17622_SetBitMask &rArr; FM17622_WriteReg &rArr; i2c_err_track &rArr; i2c_bus_recovery &rArr; i2c_stop &rArr; i2c_delay
</UL>
<BR>[Calls]<UL><LI><a href="#[44]">&gt;&gt;</a>&nbsp;&nbsp;&nbsp;FM17622_WriteReg
<LI><a href="#[3f]">&gt;&gt;</a>&nbsp;&nbsp;&nbsp;FM17622_AntennaOn
</UL>
<BR>[Called By]<UL><LI><a href="#[22]">&gt;&gt;</a>&nbsp;&nbsp;&nbsp;main
</UL>

<P><STRONG><a name="[47]"></a>FM17622_MifareAuth</STRONG> (Thumb, 64 bytes, Stack size 32 bytes, bsp_fm17622.o(.text.FM17622_MifareAuth))
<BR><BR>[Stack]<UL><LI>Max Depth = 140<LI>Call Chain = FM17622_MifareAuth &rArr; fm_transceive &rArr; FM17622_SetBitMask &rArr; FM17622_WriteReg &rArr; i2c_err_track &rArr; i2c_bus_recovery &rArr; i2c_stop &rArr; i2c_delay
</UL>
<BR>[Calls]<UL><LI><a href="#[49]">&gt;&gt;</a>&nbsp;&nbsp;&nbsp;fm_transceive
<LI><a href="#[48]">&gt;&gt;</a>&nbsp;&nbsp;&nbsp;__aeabi_memcpy
</UL>
<BR>[Called By]<UL><LI><a href="#[51]">&gt;&gt;</a>&nbsp;&nbsp;&nbsp;FM17622_ReadTagData
</UL>

<P><STRONG><a name="[4a]"></a>FM17622_MifareReadBlock</STRONG> (Thumb, 64 bytes, Stack size 48 bytes, bsp_fm17622.o(.text.FM17622_MifareReadBlock))
<BR><BR>[Stack]<UL><LI>Max Depth = 156<LI>Call Chain = FM17622_MifareReadBlock &rArr; fm_transceive &rArr; FM17622_SetBitMask &rArr; FM17622_WriteReg &rArr; i2c_err_track &rArr; i2c_bus_recovery &rArr; i2c_stop &rArr; i2c_delay
</UL>
<BR>[Calls]<UL><LI><a href="#[49]">&gt;&gt;</a>&nbsp;&nbsp;&nbsp;fm_transceive
<LI><a href="#[48]">&gt;&gt;</a>&nbsp;&nbsp;&nbsp;__aeabi_memcpy
</UL>
<BR>[Called By]<UL><LI><a href="#[51]">&gt;&gt;</a>&nbsp;&nbsp;&nbsp;FM17622_ReadTagData
</UL>

<P><STRONG><a name="[40]"></a>FM17622_ReadReg</STRONG> (Thumb, 82 bytes, Stack size 16 bytes, bsp_fm17622.o(.text.FM17622_ReadReg))
<BR><BR>[Stack]<UL><LI>Max Depth = 60<LI>Call Chain = FM17622_ReadReg &rArr; i2c_err_track &rArr; i2c_bus_recovery &rArr; i2c_stop &rArr; i2c_delay
</UL>
<BR>[Calls]<UL><LI><a href="#[50]">&gt;&gt;</a>&nbsp;&nbsp;&nbsp;i2c_err_track
<LI><a href="#[4d]">&gt;&gt;</a>&nbsp;&nbsp;&nbsp;i2c_wait_ack
<LI><a href="#[4f]">&gt;&gt;</a>&nbsp;&nbsp;&nbsp;i2c_stop
<LI><a href="#[4b]">&gt;&gt;</a>&nbsp;&nbsp;&nbsp;i2c_start
<LI><a href="#[4c]">&gt;&gt;</a>&nbsp;&nbsp;&nbsp;i2c_send_byte
<LI><a href="#[4e]">&gt;&gt;</a>&nbsp;&nbsp;&nbsp;i2c_read_byte
</UL>
<BR>[Called By]<UL><LI><a href="#[54]">&gt;&gt;</a>&nbsp;&nbsp;&nbsp;FM17622_Select
<LI><a href="#[53]">&gt;&gt;</a>&nbsp;&nbsp;&nbsp;FM17622_RequestA
<LI><a href="#[42]">&gt;&gt;</a>&nbsp;&nbsp;&nbsp;FM17622_Anticoll
<LI><a href="#[3f]">&gt;&gt;</a>&nbsp;&nbsp;&nbsp;FM17622_AntennaOn
<LI><a href="#[49]">&gt;&gt;</a>&nbsp;&nbsp;&nbsp;fm_transceive
<LI><a href="#[41]">&gt;&gt;</a>&nbsp;&nbsp;&nbsp;FM17622_SetBitMask
<LI><a href="#[43]">&gt;&gt;</a>&nbsp;&nbsp;&nbsp;FM17622_ClearBitMask
<LI><a href="#[45]">&gt;&gt;</a>&nbsp;&nbsp;&nbsp;FM17622_CheckComm
</UL>

<P><STRONG><a name="[51]"></a>FM17622_ReadTagData</STRONG> (Thumb, 70 bytes, Stack size 72 bytes, bsp_fm17622.o(.text.FM17622_ReadTagData))
<BR><BR>[Stack]<UL><LI>Max Depth = 228<LI>Call Chain = FM17622_ReadTagData &rArr; FM17622_MifareReadBlock &rArr; fm_transceive &rArr; FM17622_SetBitMask &rArr; FM17622_WriteReg &rArr; i2c_err_track &rArr; i2c_bus_recovery &rArr; i2c_stop &rArr; i2c_delay
</UL>
<BR>[Calls]<UL><LI><a href="#[4a]">&gt;&gt;</a>&nbsp;&nbsp;&nbsp;FM17622_MifareReadBlock
<LI><a href="#[47]">&gt;&gt;</a>&nbsp;&nbsp;&nbsp;FM17622_MifareAuth
<LI><a href="#[52]">&gt;&gt;</a>&nbsp;&nbsp;&nbsp;block_to_tag_data
</UL>
<BR>[Called By]<UL><LI><a href="#[69]">&gt;&gt;</a>&nbsp;&nbsp;&nbsp;app_rfid_poll_task
</UL>

<P><STRONG><a name="[53]"></a>FM17622_RequestA</STRONG> (Thumb, 156 bytes, Stack size 24 bytes, bsp_fm17622.o(.text.FM17622_RequestA))
<BR><BR>[Stack]<UL><LI>Max Depth = 100<LI>Call Chain = FM17622_RequestA &rArr; FM17622_SetBitMask &rArr; FM17622_WriteReg &rArr; i2c_err_track &rArr; i2c_bus_recovery &rArr; i2c_stop &rArr; i2c_delay
</UL>
<BR>[Calls]<UL><LI><a href="#[44]">&gt;&gt;</a>&nbsp;&nbsp;&nbsp;FM17622_WriteReg
<LI><a href="#[40]">&gt;&gt;</a>&nbsp;&nbsp;&nbsp;FM17622_ReadReg
<LI><a href="#[41]">&gt;&gt;</a>&nbsp;&nbsp;&nbsp;FM17622_SetBitMask
<LI><a href="#[43]">&gt;&gt;</a>&nbsp;&nbsp;&nbsp;FM17622_ClearBitMask
</UL>
<BR>[Called By]<UL><LI><a href="#[69]">&gt;&gt;</a>&nbsp;&nbsp;&nbsp;app_rfid_poll_task
</UL>

<P><STRONG><a name="[54]"></a>FM17622_Select</STRONG> (Thumb, 188 bytes, Stack size 24 bytes, bsp_fm17622.o(.text.FM17622_Select))
<BR><BR>[Stack]<UL><LI>Max Depth = 100<LI>Call Chain = FM17622_Select &rArr; FM17622_SetBitMask &rArr; FM17622_WriteReg &rArr; i2c_err_track &rArr; i2c_bus_recovery &rArr; i2c_stop &rArr; i2c_delay
</UL>
<BR>[Calls]<UL><LI><a href="#[44]">&gt;&gt;</a>&nbsp;&nbsp;&nbsp;FM17622_WriteReg
<LI><a href="#[40]">&gt;&gt;</a>&nbsp;&nbsp;&nbsp;FM17622_ReadReg
<LI><a href="#[41]">&gt;&gt;</a>&nbsp;&nbsp;&nbsp;FM17622_SetBitMask
<LI><a href="#[43]">&gt;&gt;</a>&nbsp;&nbsp;&nbsp;FM17622_ClearBitMask
</UL>
<BR>[Called By]<UL><LI><a href="#[69]">&gt;&gt;</a>&nbsp;&nbsp;&nbsp;app_rfid_poll_task
</UL>

<P><STRONG><a name="[44]"></a>FM17622_WriteReg</STRONG> (Thumb, 70 bytes, Stack size 16 bytes, bsp_fm17622.o(.text.FM17622_WriteReg))
<BR><BR>[Stack]<UL><LI>Max Depth = 60<LI>Call Chain = FM17622_WriteReg &rArr; i2c_err_track &rArr; i2c_bus_recovery &rArr; i2c_stop &rArr; i2c_delay
</UL>
<BR>[Calls]<UL><LI><a href="#[50]">&gt;&gt;</a>&nbsp;&nbsp;&nbsp;i2c_err_track
<LI><a href="#[4d]">&gt;&gt;</a>&nbsp;&nbsp;&nbsp;i2c_wait_ack
<LI><a href="#[4f]">&gt;&gt;</a>&nbsp;&nbsp;&nbsp;i2c_stop
<LI><a href="#[4b]">&gt;&gt;</a>&nbsp;&nbsp;&nbsp;i2c_start
<LI><a href="#[4c]">&gt;&gt;</a>&nbsp;&nbsp;&nbsp;i2c_send_byte
</UL>
<BR>[Called By]<UL><LI><a href="#[54]">&gt;&gt;</a>&nbsp;&nbsp;&nbsp;FM17622_Select
<LI><a href="#[53]">&gt;&gt;</a>&nbsp;&nbsp;&nbsp;FM17622_RequestA
<LI><a href="#[42]">&gt;&gt;</a>&nbsp;&nbsp;&nbsp;FM17622_Anticoll
<LI><a href="#[49]">&gt;&gt;</a>&nbsp;&nbsp;&nbsp;fm_transceive
<LI><a href="#[41]">&gt;&gt;</a>&nbsp;&nbsp;&nbsp;FM17622_SetBitMask
<LI><a href="#[43]">&gt;&gt;</a>&nbsp;&nbsp;&nbsp;FM17622_ClearBitMask
<LI><a href="#[46]">&gt;&gt;</a>&nbsp;&nbsp;&nbsp;FM17622_Init
</UL>

<P><STRONG><a name="[2]"></a>HardFault_Handler</STRONG> (Thumb, 2 bytes, Stack size 0 bytes, gd32e23x_it.o(.text.HardFault_Handler))
<BR><BR>[Calls]<UL><LI><a href="#[2]">&gt;&gt;</a>&nbsp;&nbsp;&nbsp;HardFault_Handler
</UL>
<BR>[Called By]<UL><LI><a href="#[2]">&gt;&gt;</a>&nbsp;&nbsp;&nbsp;HardFault_Handler
</UL>
<BR>[Address Reference Count : 1]<UL><LI> startup_gd32e23x.o(RESET)
</UL>
<P><STRONG><a name="[1]"></a>NMI_Handler</STRONG> (Thumb, 16 bytes, Stack size 0 bytes, gd32e23x_it.o(.text.NMI_Handler))
<BR><BR>[Calls]<UL><LI><a href="#[55]">&gt;&gt;</a>&nbsp;&nbsp;&nbsp;syscfg_flag_get
</UL>
<BR>[Address Reference Count : 1]<UL><LI> startup_gd32e23x.o(RESET)
</UL>
<P><STRONG><a name="[56]"></a>Pack_Data_Frame</STRONG> (Thumb, 64 bytes, Stack size 16 bytes, protocol.o(.text.Pack_Data_Frame))
<BR><BR>[Stack]<UL><LI>Max Depth = 36<LI>Call Chain = Pack_Data_Frame &rArr; Calculate_CRC16_Modbus
</UL>
<BR>[Calls]<UL><LI><a href="#[57]">&gt;&gt;</a>&nbsp;&nbsp;&nbsp;Calculate_CRC16_Modbus
</UL>
<BR>[Called By]<UL><LI><a href="#[6f]">&gt;&gt;</a>&nbsp;&nbsp;&nbsp;app_upload_data
<LI><a href="#[63]">&gt;&gt;</a>&nbsp;&nbsp;&nbsp;app_handle_write_key
<LI><a href="#[5e]">&gt;&gt;</a>&nbsp;&nbsp;&nbsp;app_handle_query_uid
</UL>

<P><STRONG><a name="[4]"></a>PendSV_Handler</STRONG> (Thumb, 2 bytes, Stack size 0 bytes, gd32e23x_it.o(.text.PendSV_Handler))
<BR><BR>[Calls]<UL><LI><a href="#[4]">&gt;&gt;</a>&nbsp;&nbsp;&nbsp;PendSV_Handler
</UL>
<BR>[Called By]<UL><LI><a href="#[4]">&gt;&gt;</a>&nbsp;&nbsp;&nbsp;PendSV_Handler
</UL>
<BR>[Address Reference Count : 1]<UL><LI> startup_gd32e23x.o(RESET)
</UL>
<P><STRONG><a name="[3]"></a>SVC_Handler</STRONG> (Thumb, 2 bytes, Stack size 0 bytes, gd32e23x_it.o(.text.SVC_Handler))
<BR><BR>[Calls]<UL><LI><a href="#[3]">&gt;&gt;</a>&nbsp;&nbsp;&nbsp;SVC_Handler
</UL>
<BR>[Called By]<UL><LI><a href="#[3]">&gt;&gt;</a>&nbsp;&nbsp;&nbsp;SVC_Handler
</UL>
<BR>[Address Reference Count : 1]<UL><LI> startup_gd32e23x.o(RESET)
</UL>
<P><STRONG><a name="[5]"></a>SysTick_Handler</STRONG> (Thumb, 24 bytes, Stack size 0 bytes, bsp_systick.o(.text.SysTick_Handler))
<BR>[Address Reference Count : 1]<UL><LI> startup_gd32e23x.o(RESET)
</UL>
<P><STRONG><a name="[23]"></a>SystemInit</STRONG> (Thumb, 220 bytes, Stack size 24 bytes, system_gd32e23x.o(.text.SystemInit))
<BR><BR>[Stack]<UL><LI>Max Depth = 60<LI>Call Chain = SystemInit &rArr; system_clock_config &rArr; system_clock_72m_hxtal
</UL>
<BR>[Calls]<UL><LI><a href="#[5c]">&gt;&gt;</a>&nbsp;&nbsp;&nbsp;nvic_vector_table_set
<LI><a href="#[5b]">&gt;&gt;</a>&nbsp;&nbsp;&nbsp;system_clock_config
<LI><a href="#[5a]">&gt;&gt;</a>&nbsp;&nbsp;&nbsp;_soft_delay_
</UL>
<BR>[Address Reference Count : 1]<UL><LI> startup_gd32e23x.o(.text)
</UL>
<P><STRONG><a name="[1e]"></a>USART0_IRQHandler</STRONG> (Thumb, 8 bytes, Stack size 8 bytes, gd32e23x_it.o(.text.USART0_IRQHandler))
<BR><BR>[Stack]<UL><LI>Max Depth = 16<LI>Call Chain = USART0_IRQHandler &rArr; usart0_isr
</UL>
<BR>[Calls]<UL><LI><a href="#[5d]">&gt;&gt;</a>&nbsp;&nbsp;&nbsp;usart0_isr
</UL>
<BR>[Address Reference Count : 1]<UL><LI> startup_gd32e23x.o(RESET)
</UL>
<P><STRONG><a name="[65]"></a>app_process_frame</STRONG> (Thumb, 68 bytes, Stack size 8 bytes, app_protocol.o(.text.app_process_frame))
<BR><BR>[Stack]<UL><LI>Max Depth = 104<LI>Call Chain = app_process_frame &rArr; app_handle_write_key &rArr; flash_key_write &rArr; fmc_word_program &rArr; fmc_ready_wait
</UL>
<BR>[Calls]<UL><LI><a href="#[63]">&gt;&gt;</a>&nbsp;&nbsp;&nbsp;app_handle_write_key
<LI><a href="#[5e]">&gt;&gt;</a>&nbsp;&nbsp;&nbsp;app_handle_query_uid
<LI><a href="#[61]">&gt;&gt;</a>&nbsp;&nbsp;&nbsp;__2printf
</UL>
<BR>[Called By]<UL><LI><a href="#[70]">&gt;&gt;</a>&nbsp;&nbsp;&nbsp;app_uart_rx_task
</UL>

<P><STRONG><a name="[66]"></a>app_protocol_init</STRONG> (Thumb, 48 bytes, Stack size 8 bytes, app_protocol.o(.text.app_protocol_init))
<BR><BR>[Stack]<UL><LI>Max Depth = 1168<LI>Call Chain = app_protocol_init &rArr; crypto_chip_init &rArr; mcu_l013_mutual_auth &rArr; des3_ecb_encrypt &rArr; des3_set2key_enc &rArr; des3_set2key &rArr; des_setkey
</UL>
<BR>[Calls]<UL><LI><a href="#[68]">&gt;&gt;</a>&nbsp;&nbsp;&nbsp;crypto_chip_init
<LI><a href="#[67]">&gt;&gt;</a>&nbsp;&nbsp;&nbsp;protocol_parser_init
<LI><a href="#[62]">&gt;&gt;</a>&nbsp;&nbsp;&nbsp;puts
</UL>
<BR>[Called By]<UL><LI><a href="#[22]">&gt;&gt;</a>&nbsp;&nbsp;&nbsp;main
</UL>

<P><STRONG><a name="[69]"></a>app_rfid_poll_task</STRONG> (Thumb, 300 bytes, Stack size 208 bytes, app_protocol.o(.text.app_rfid_poll_task))
<BR><BR>[Stack]<UL><LI>Max Depth = 1312<LI>Call Chain = app_rfid_poll_task &rArr; crypto_chip_encrypt &rArr; write_se_data &rArr; des3_ecb_encrypt &rArr; des3_set2key_enc &rArr; des3_set2key &rArr; des_setkey
</UL>
<BR>[Calls]<UL><LI><a href="#[6e]">&gt;&gt;</a>&nbsp;&nbsp;&nbsp;crypto_chip_encrypt
<LI><a href="#[6f]">&gt;&gt;</a>&nbsp;&nbsp;&nbsp;app_upload_data
<LI><a href="#[6d]">&gt;&gt;</a>&nbsp;&nbsp;&nbsp;tag_data_serialize
<LI><a href="#[54]">&gt;&gt;</a>&nbsp;&nbsp;&nbsp;FM17622_Select
<LI><a href="#[53]">&gt;&gt;</a>&nbsp;&nbsp;&nbsp;FM17622_RequestA
<LI><a href="#[51]">&gt;&gt;</a>&nbsp;&nbsp;&nbsp;FM17622_ReadTagData
<LI><a href="#[42]">&gt;&gt;</a>&nbsp;&nbsp;&nbsp;FM17622_Anticoll
<LI><a href="#[6c]">&gt;&gt;</a>&nbsp;&nbsp;&nbsp;flash_key_read
<LI><a href="#[6b]">&gt;&gt;</a>&nbsp;&nbsp;&nbsp;flash_key_is_stored
<LI><a href="#[61]">&gt;&gt;</a>&nbsp;&nbsp;&nbsp;__2printf
<LI><a href="#[6a]">&gt;&gt;</a>&nbsp;&nbsp;&nbsp;__aeabi_memcpy4
<LI><a href="#[62]">&gt;&gt;</a>&nbsp;&nbsp;&nbsp;puts
</UL>
<BR>[Called By]<UL><LI><a href="#[22]">&gt;&gt;</a>&nbsp;&nbsp;&nbsp;main
</UL>

<P><STRONG><a name="[70]"></a>app_uart_rx_task</STRONG> (Thumb, 64 bytes, Stack size 16 bytes, app_protocol.o(.text.app_uart_rx_task))
<BR><BR>[Stack]<UL><LI>Max Depth = 120<LI>Call Chain = app_uart_rx_task &rArr; app_process_frame &rArr; app_handle_write_key &rArr; flash_key_write &rArr; fmc_word_program &rArr; fmc_ready_wait
</UL>
<BR>[Calls]<UL><LI><a href="#[72]">&gt;&gt;</a>&nbsp;&nbsp;&nbsp;uart_rx_read_byte
<LI><a href="#[71]">&gt;&gt;</a>&nbsp;&nbsp;&nbsp;uart_rx_available
<LI><a href="#[65]">&gt;&gt;</a>&nbsp;&nbsp;&nbsp;app_process_frame
<LI><a href="#[73]">&gt;&gt;</a>&nbsp;&nbsp;&nbsp;protocol_parse_byte
<LI><a href="#[74]">&gt;&gt;</a>&nbsp;&nbsp;&nbsp;protocol_get_parsed_frame
<LI><a href="#[62]">&gt;&gt;</a>&nbsp;&nbsp;&nbsp;puts
</UL>
<BR>[Called By]<UL><LI><a href="#[22]">&gt;&gt;</a>&nbsp;&nbsp;&nbsp;main
</UL>

<P><STRONG><a name="[75]"></a>bsp_i2c_init</STRONG> (Thumb, 56 bytes, Stack size 16 bytes, bsp_i2c.o(.text.bsp_i2c_init))
<BR><BR>[Stack]<UL><LI>Max Depth = 44<LI>Call Chain = bsp_i2c_init &rArr; gpio_mode_set
</UL>
<BR>[Calls]<UL><LI><a href="#[76]">&gt;&gt;</a>&nbsp;&nbsp;&nbsp;rcu_periph_clock_enable
<LI><a href="#[78]">&gt;&gt;</a>&nbsp;&nbsp;&nbsp;gpio_output_options_set
<LI><a href="#[77]">&gt;&gt;</a>&nbsp;&nbsp;&nbsp;gpio_mode_set
<LI><a href="#[79]">&gt;&gt;</a>&nbsp;&nbsp;&nbsp;gpio_bit_set
</UL>
<BR>[Called By]<UL><LI><a href="#[22]">&gt;&gt;</a>&nbsp;&nbsp;&nbsp;main
</UL>

<P><STRONG><a name="[7a]"></a>bsp_uart_init</STRONG> (Thumb, 184 bytes, Stack size 32 bytes, bsp_usart.o(.text.bsp_uart_init))
<BR><BR>[Stack]<UL><LI>Max Depth = 72<LI>Call Chain = bsp_uart_init &rArr; usart_baudrate_set &rArr; rcu_clock_freq_get
</UL>
<BR>[Calls]<UL><LI><a href="#[76]">&gt;&gt;</a>&nbsp;&nbsp;&nbsp;rcu_periph_clock_enable
<LI><a href="#[81]">&gt;&gt;</a>&nbsp;&nbsp;&nbsp;nvic_irq_enable
<LI><a href="#[78]">&gt;&gt;</a>&nbsp;&nbsp;&nbsp;gpio_output_options_set
<LI><a href="#[77]">&gt;&gt;</a>&nbsp;&nbsp;&nbsp;gpio_mode_set
<LI><a href="#[7b]">&gt;&gt;</a>&nbsp;&nbsp;&nbsp;gpio_af_set
<LI><a href="#[7e]">&gt;&gt;</a>&nbsp;&nbsp;&nbsp;usart_transmit_config
<LI><a href="#[7f]">&gt;&gt;</a>&nbsp;&nbsp;&nbsp;usart_receive_config
<LI><a href="#[80]">&gt;&gt;</a>&nbsp;&nbsp;&nbsp;usart_interrupt_enable
<LI><a href="#[82]">&gt;&gt;</a>&nbsp;&nbsp;&nbsp;usart_enable
<LI><a href="#[7c]">&gt;&gt;</a>&nbsp;&nbsp;&nbsp;usart_deinit
<LI><a href="#[7d]">&gt;&gt;</a>&nbsp;&nbsp;&nbsp;usart_baudrate_set
</UL>
<BR>[Called By]<UL><LI><a href="#[22]">&gt;&gt;</a>&nbsp;&nbsp;&nbsp;main
</UL>

<P><STRONG><a name="[83]"></a>bsp_watchdog_feed</STRONG> (Thumb, 8 bytes, Stack size 8 bytes, bsp_watchdog.o(.text.bsp_watchdog_feed))
<BR><BR>[Stack]<UL><LI>Max Depth = 8<LI>Call Chain = bsp_watchdog_feed
</UL>
<BR>[Calls]<UL><LI><a href="#[84]">&gt;&gt;</a>&nbsp;&nbsp;&nbsp;fwdgt_counter_reload
</UL>
<BR>[Called By]<UL><LI><a href="#[22]">&gt;&gt;</a>&nbsp;&nbsp;&nbsp;main
<LI><a href="#[2b]">&gt;&gt;</a>&nbsp;&nbsp;&nbsp;fm_i2c_transceive
<LI><a href="#[2a]">&gt;&gt;</a>&nbsp;&nbsp;&nbsp;fm_i2c_get_atr
</UL>

<P><STRONG><a name="[85]"></a>bsp_watchdog_init</STRONG> (Thumb, 60 bytes, Stack size 8 bytes, bsp_watchdog.o(.text.bsp_watchdog_init))
<BR><BR>[Stack]<UL><LI>Max Depth = 24<LI>Call Chain = bsp_watchdog_init &rArr; fwdgt_config
</UL>
<BR>[Calls]<UL><LI><a href="#[86]">&gt;&gt;</a>&nbsp;&nbsp;&nbsp;fwdgt_write_enable
<LI><a href="#[87]">&gt;&gt;</a>&nbsp;&nbsp;&nbsp;fwdgt_flag_get
<LI><a href="#[89]">&gt;&gt;</a>&nbsp;&nbsp;&nbsp;fwdgt_enable
<LI><a href="#[84]">&gt;&gt;</a>&nbsp;&nbsp;&nbsp;fwdgt_counter_reload
<LI><a href="#[88]">&gt;&gt;</a>&nbsp;&nbsp;&nbsp;fwdgt_config
</UL>
<BR>[Called By]<UL><LI><a href="#[22]">&gt;&gt;</a>&nbsp;&nbsp;&nbsp;main
</UL>

<P><STRONG><a name="[6e]"></a>crypto_chip_encrypt</STRONG> (Thumb, 128 bytes, Stack size 104 bytes, bsp_crypto.o(.text.crypto_chip_encrypt))
<BR><BR>[Stack]<UL><LI>Max Depth = 1104<LI>Call Chain = crypto_chip_encrypt &rArr; write_se_data &rArr; des3_ecb_encrypt &rArr; des3_set2key_enc &rArr; des3_set2key &rArr; des_setkey
</UL>
<BR>[Calls]<UL><LI><a href="#[8a]">&gt;&gt;</a>&nbsp;&nbsp;&nbsp;write_se_data
<LI><a href="#[8b]">&gt;&gt;</a>&nbsp;&nbsp;&nbsp;get_se_data
<LI><a href="#[61]">&gt;&gt;</a>&nbsp;&nbsp;&nbsp;__2printf
<LI><a href="#[48]">&gt;&gt;</a>&nbsp;&nbsp;&nbsp;__aeabi_memcpy
</UL>
<BR>[Called By]<UL><LI><a href="#[69]">&gt;&gt;</a>&nbsp;&nbsp;&nbsp;app_rfid_poll_task
</UL>

<P><STRONG><a name="[68]"></a>crypto_chip_init</STRONG> (Thumb, 128 bytes, Stack size 88 bytes, bsp_crypto.o(.text.crypto_chip_init))
<BR><BR>[Stack]<UL><LI>Max Depth = 1160<LI>Call Chain = crypto_chip_init &rArr; mcu_l013_mutual_auth &rArr; des3_ecb_encrypt &rArr; des3_set2key_enc &rArr; des3_set2key &rArr; des_setkey
</UL>
<BR>[Calls]<UL><LI><a href="#[8d]">&gt;&gt;</a>&nbsp;&nbsp;&nbsp;mcu_l013_mutual_auth
<LI><a href="#[8c]">&gt;&gt;</a>&nbsp;&nbsp;&nbsp;fm_se_register
<LI><a href="#[61]">&gt;&gt;</a>&nbsp;&nbsp;&nbsp;__2printf
<LI><a href="#[48]">&gt;&gt;</a>&nbsp;&nbsp;&nbsp;__aeabi_memcpy
<LI><a href="#[62]">&gt;&gt;</a>&nbsp;&nbsp;&nbsp;puts
</UL>
<BR>[Called By]<UL><LI><a href="#[66]">&gt;&gt;</a>&nbsp;&nbsp;&nbsp;app_protocol_init
</UL>

<P><STRONG><a name="[ad]"></a>delay_ms</STRONG> (Thumb, 12 bytes, Stack size 0 bytes, bsp_systick.o(.text.delay_ms))
<BR><BR>[Called By]<UL><LI><a href="#[2b]">&gt;&gt;</a>&nbsp;&nbsp;&nbsp;fm_i2c_transceive
<LI><a href="#[a9]">&gt;&gt;</a>&nbsp;&nbsp;&nbsp;fm_i2c_send_frame
<LI><a href="#[ab]">&gt;&gt;</a>&nbsp;&nbsp;&nbsp;fm_i2c_recv_frame
<LI><a href="#[2d]">&gt;&gt;</a>&nbsp;&nbsp;&nbsp;fmse_power_on
<LI><a href="#[2e]">&gt;&gt;</a>&nbsp;&nbsp;&nbsp;fmse_power_off
</UL>

<P><STRONG><a name="[91]"></a>des3_crypt_ecb</STRONG> (Thumb, 896 bytes, Stack size 48 bytes, des.o(.text.des3_crypt_ecb))
<BR><BR>[Stack]<UL><LI>Max Depth = 48<LI>Call Chain = des3_crypt_ecb
</UL>
<BR>[Called By]<UL><LI><a href="#[93]">&gt;&gt;</a>&nbsp;&nbsp;&nbsp;des3_ecb_encrypt
<LI><a href="#[8e]">&gt;&gt;</a>&nbsp;&nbsp;&nbsp;des3_ecb_decrypt
</UL>

<P><STRONG><a name="[8e]"></a>des3_ecb_decrypt</STRONG> (Thumb, 82 bytes, Stack size 408 bytes, des.o(.text.des3_ecb_decrypt))
<BR><BR>[Stack]<UL><LI>Max Depth = 960<LI>Call Chain = des3_ecb_decrypt &rArr; des3_set2key_dec &rArr; des3_set2key &rArr; des_setkey
</UL>
<BR>[Calls]<UL><LI><a href="#[90]">&gt;&gt;</a>&nbsp;&nbsp;&nbsp;des3_set3key_dec
<LI><a href="#[8f]">&gt;&gt;</a>&nbsp;&nbsp;&nbsp;des3_set2key_dec
<LI><a href="#[92]">&gt;&gt;</a>&nbsp;&nbsp;&nbsp;des3_free
<LI><a href="#[91]">&gt;&gt;</a>&nbsp;&nbsp;&nbsp;des3_crypt_ecb
</UL>
<BR>[Called By]<UL><LI><a href="#[8d]">&gt;&gt;</a>&nbsp;&nbsp;&nbsp;mcu_l013_mutual_auth
<LI><a href="#[8b]">&gt;&gt;</a>&nbsp;&nbsp;&nbsp;get_se_data
</UL>

<P><STRONG><a name="[93]"></a>des3_ecb_encrypt</STRONG> (Thumb, 164 bytes, Stack size 416 bytes, des.o(.text.des3_ecb_encrypt))
<BR><BR>[Stack]<UL><LI>Max Depth = 968<LI>Call Chain = des3_ecb_encrypt &rArr; des3_set2key_enc &rArr; des3_set2key &rArr; des_setkey
</UL>
<BR>[Calls]<UL><LI><a href="#[38]">&gt;&gt;</a>&nbsp;&nbsp;&nbsp;__aeabi_memclr
<LI><a href="#[48]">&gt;&gt;</a>&nbsp;&nbsp;&nbsp;__aeabi_memcpy
<LI><a href="#[95]">&gt;&gt;</a>&nbsp;&nbsp;&nbsp;des3_set3key_enc
<LI><a href="#[94]">&gt;&gt;</a>&nbsp;&nbsp;&nbsp;des3_set2key_enc
<LI><a href="#[92]">&gt;&gt;</a>&nbsp;&nbsp;&nbsp;des3_free
<LI><a href="#[91]">&gt;&gt;</a>&nbsp;&nbsp;&nbsp;des3_crypt_ecb
<LI><a href="#[96]">&gt;&gt;</a>&nbsp;&nbsp;&nbsp;malloc
<LI><a href="#[97]">&gt;&gt;</a>&nbsp;&nbsp;&nbsp;free
</UL>
<BR>[Called By]<UL><LI><a href="#[8a]">&gt;&gt;</a>&nbsp;&nbsp;&nbsp;write_se_data
<LI><a href="#[8d]">&gt;&gt;</a>&nbsp;&nbsp;&nbsp;mcu_l013_mutual_auth
<LI><a href="#[8b]">&gt;&gt;</a>&nbsp;&nbsp;&nbsp;get_se_data
</UL>

<P><STRONG><a name="[92]"></a>des3_free</STRONG> (Thumb, 14 bytes, Stack size 8 bytes, des.o(.text.des3_free))
<BR><BR>[Stack]<UL><LI>Max Depth = 8<LI>Call Chain = des3_free
</UL>
<BR>[Calls]<UL><LI><a href="#[98]">&gt;&gt;</a>&nbsp;&nbsp;&nbsp;zeroize
</UL>
<BR>[Called By]<UL><LI><a href="#[93]">&gt;&gt;</a>&nbsp;&nbsp;&nbsp;des3_ecb_encrypt
<LI><a href="#[8e]">&gt;&gt;</a>&nbsp;&nbsp;&nbsp;des3_ecb_decrypt
</UL>

<P><STRONG><a name="[8f]"></a>des3_set2key_dec</STRONG> (Thumb, 32 bytes, Stack size 392 bytes, des.o(.text.des3_set2key_dec))
<BR><BR>[Stack]<UL><LI>Max Depth = 552<LI>Call Chain = des3_set2key_dec &rArr; des3_set2key &rArr; des_setkey
</UL>
<BR>[Calls]<UL><LI><a href="#[99]">&gt;&gt;</a>&nbsp;&nbsp;&nbsp;des3_set2key
<LI><a href="#[98]">&gt;&gt;</a>&nbsp;&nbsp;&nbsp;zeroize
</UL>
<BR>[Called By]<UL><LI><a href="#[8e]">&gt;&gt;</a>&nbsp;&nbsp;&nbsp;des3_ecb_decrypt
</UL>

<P><STRONG><a name="[94]"></a>des3_set2key_enc</STRONG> (Thumb, 30 bytes, Stack size 392 bytes, des.o(.text.des3_set2key_enc))
<BR><BR>[Stack]<UL><LI>Max Depth = 552<LI>Call Chain = des3_set2key_enc &rArr; des3_set2key &rArr; des_setkey
</UL>
<BR>[Calls]<UL><LI><a href="#[99]">&gt;&gt;</a>&nbsp;&nbsp;&nbsp;des3_set2key
<LI><a href="#[98]">&gt;&gt;</a>&nbsp;&nbsp;&nbsp;zeroize
</UL>
<BR>[Called By]<UL><LI><a href="#[93]">&gt;&gt;</a>&nbsp;&nbsp;&nbsp;des3_ecb_encrypt
</UL>

<P><STRONG><a name="[90]"></a>des3_set3key_dec</STRONG> (Thumb, 32 bytes, Stack size 392 bytes, des.o(.text.des3_set3key_dec))
<BR><BR>[Stack]<UL><LI>Max Depth = 544<LI>Call Chain = des3_set3key_dec &rArr; des3_set3key &rArr; des_setkey
</UL>
<BR>[Calls]<UL><LI><a href="#[9b]">&gt;&gt;</a>&nbsp;&nbsp;&nbsp;des3_set3key
<LI><a href="#[98]">&gt;&gt;</a>&nbsp;&nbsp;&nbsp;zeroize
</UL>
<BR>[Called By]<UL><LI><a href="#[8e]">&gt;&gt;</a>&nbsp;&nbsp;&nbsp;des3_ecb_decrypt
</UL>

<P><STRONG><a name="[95]"></a>des3_set3key_enc</STRONG> (Thumb, 30 bytes, Stack size 392 bytes, des.o(.text.des3_set3key_enc))
<BR><BR>[Stack]<UL><LI>Max Depth = 544<LI>Call Chain = des3_set3key_enc &rArr; des3_set3key &rArr; des_setkey
</UL>
<BR>[Calls]<UL><LI><a href="#[9b]">&gt;&gt;</a>&nbsp;&nbsp;&nbsp;des3_set3key
<LI><a href="#[98]">&gt;&gt;</a>&nbsp;&nbsp;&nbsp;zeroize
</UL>
<BR>[Called By]<UL><LI><a href="#[93]">&gt;&gt;</a>&nbsp;&nbsp;&nbsp;des3_ecb_encrypt
</UL>

<P><STRONG><a name="[9a]"></a>des_setkey</STRONG> (Thumb, 800 bytes, Stack size 104 bytes, des.o(.text.des_setkey))
<BR><BR>[Stack]<UL><LI>Max Depth = 104<LI>Call Chain = des_setkey
</UL>
<BR>[Called By]<UL><LI><a href="#[9b]">&gt;&gt;</a>&nbsp;&nbsp;&nbsp;des3_set3key
<LI><a href="#[99]">&gt;&gt;</a>&nbsp;&nbsp;&nbsp;des3_set2key
</UL>

<P><STRONG><a name="[6b]"></a>flash_key_is_stored</STRONG> (Thumb, 16 bytes, Stack size 0 bytes, bsp_flash.o(.text.flash_key_is_stored))
<BR><BR>[Called By]<UL><LI><a href="#[22]">&gt;&gt;</a>&nbsp;&nbsp;&nbsp;main
<LI><a href="#[6c]">&gt;&gt;</a>&nbsp;&nbsp;&nbsp;flash_key_read
<LI><a href="#[69]">&gt;&gt;</a>&nbsp;&nbsp;&nbsp;app_rfid_poll_task
</UL>

<P><STRONG><a name="[6c]"></a>flash_key_read</STRONG> (Thumb, 48 bytes, Stack size 16 bytes, bsp_flash.o(.text.flash_key_read))
<BR><BR>[Stack]<UL><LI>Max Depth = 16<LI>Call Chain = flash_key_read
</UL>
<BR>[Calls]<UL><LI><a href="#[6b]">&gt;&gt;</a>&nbsp;&nbsp;&nbsp;flash_key_is_stored
</UL>
<BR>[Called By]<UL><LI><a href="#[64]">&gt;&gt;</a>&nbsp;&nbsp;&nbsp;flash_key_write
<LI><a href="#[22]">&gt;&gt;</a>&nbsp;&nbsp;&nbsp;main
<LI><a href="#[69]">&gt;&gt;</a>&nbsp;&nbsp;&nbsp;app_rfid_poll_task
</UL>

<P><STRONG><a name="[64]"></a>flash_key_write</STRONG> (Thumb, 172 bytes, Stack size 40 bytes, bsp_flash.o(.text.flash_key_write))
<BR><BR>[Stack]<UL><LI>Max Depth = 80<LI>Call Chain = flash_key_write &rArr; fmc_word_program &rArr; fmc_ready_wait
</UL>
<BR>[Calls]<UL><LI><a href="#[a2]">&gt;&gt;</a>&nbsp;&nbsp;&nbsp;fmc_word_program
<LI><a href="#[9d]">&gt;&gt;</a>&nbsp;&nbsp;&nbsp;fmc_unlock
<LI><a href="#[9f]">&gt;&gt;</a>&nbsp;&nbsp;&nbsp;fmc_page_erase
<LI><a href="#[a0]">&gt;&gt;</a>&nbsp;&nbsp;&nbsp;fmc_lock
<LI><a href="#[9e]">&gt;&gt;</a>&nbsp;&nbsp;&nbsp;fmc_flag_clear
<LI><a href="#[a1]">&gt;&gt;</a>&nbsp;&nbsp;&nbsp;flash_uart_protect_exit
<LI><a href="#[9c]">&gt;&gt;</a>&nbsp;&nbsp;&nbsp;flash_uart_protect_enter
<LI><a href="#[6c]">&gt;&gt;</a>&nbsp;&nbsp;&nbsp;flash_key_read
<LI><a href="#[a3]">&gt;&gt;</a>&nbsp;&nbsp;&nbsp;memcmp
</UL>
<BR>[Called By]<UL><LI><a href="#[63]">&gt;&gt;</a>&nbsp;&nbsp;&nbsp;app_handle_write_key
</UL>

<P><STRONG><a name="[b2]"></a>fm_chk_result</STRONG> (Thumb, 116 bytes, Stack size 8 bytes, se_cmd.o(.text.fm_chk_result))
<BR><BR>[Stack]<UL><LI>Max Depth = 8<LI>Call Chain = fm_chk_result
</UL>
<BR>[Called By]<UL><LI><a href="#[8a]">&gt;&gt;</a>&nbsp;&nbsp;&nbsp;write_se_data
<LI><a href="#[8b]">&gt;&gt;</a>&nbsp;&nbsp;&nbsp;get_se_data
<LI><a href="#[bb]">&gt;&gt;</a>&nbsp;&nbsp;&nbsp;se_auth2
<LI><a href="#[ba]">&gt;&gt;</a>&nbsp;&nbsp;&nbsp;se_auth1
</UL>

<P><STRONG><a name="[29]"></a>fm_i2c_close_device</STRONG> (Thumb, 20 bytes, Stack size 8 bytes, fmse_i2c.o(.text.fm_i2c_close_device))
<BR><BR>[Stack]<UL><LI>Max Depth = 8<LI>Call Chain = fm_i2c_close_device
</UL>
<BR>[Address Reference Count : 1]<UL><LI> fmse_i2c.o(.data.gfm_se_i2c)
</UL>
<P><STRONG><a name="[27]"></a>fm_i2c_dev_init</STRONG> (Thumb, 16 bytes, Stack size 8 bytes, fmse_i2c.o(.text.fm_i2c_dev_init))
<BR><BR>[Stack]<UL><LI>Max Depth = 8<LI>Call Chain = fm_i2c_dev_init
</UL>
<BR>[Address Reference Count : 1]<UL><LI> fmse_i2c.o(.data.gfm_se_i2c)
</UL>
<P><STRONG><a name="[26]"></a>fm_i2c_drv_reg</STRONG> (Thumb, 8 bytes, Stack size 0 bytes, fmse_i2c.o(.text.fm_i2c_drv_reg))
<BR>[Address Reference Count : 1]<UL><LI> fmse_i2c.o(.data.gfm_se_i2c)
</UL>
<P><STRONG><a name="[2c]"></a>fm_i2c_drv_unreg</STRONG> (Thumb, 8 bytes, Stack size 0 bytes, fmse_i2c.o(.text.fm_i2c_drv_unreg))
<BR>[Address Reference Count : 1]<UL><LI> fmse_i2c.o(.data.gfm_se_i2c)
</UL>
<P><STRONG><a name="[2a]"></a>fm_i2c_get_atr</STRONG> (Thumb, 56 bytes, Stack size 16 bytes, fmse_i2c.o(.text.fm_i2c_get_atr))
<BR><BR>[Stack]<UL><LI>Max Depth = 56<LI>Call Chain = fm_i2c_get_atr &rArr; fm_i2c_send_frame
</UL>
<BR>[Calls]<UL><LI><a href="#[83]">&gt;&gt;</a>&nbsp;&nbsp;&nbsp;bsp_watchdog_feed
<LI><a href="#[a9]">&gt;&gt;</a>&nbsp;&nbsp;&nbsp;fm_i2c_send_frame
<LI><a href="#[ab]">&gt;&gt;</a>&nbsp;&nbsp;&nbsp;fm_i2c_recv_frame
<LI><a href="#[aa]">&gt;&gt;</a>&nbsp;&nbsp;&nbsp;fmse_init_timeout_ms
<LI><a href="#[ac]">&gt;&gt;</a>&nbsp;&nbsp;&nbsp;fmse_check_timeout
</UL>
<BR>[Address Reference Count : 1]<UL><LI> fmse_i2c.o(.data.gfm_se_i2c)
</UL>
<P><STRONG><a name="[28]"></a>fm_i2c_open_device</STRONG> (Thumb, 20 bytes, Stack size 8 bytes, fmse_i2c.o(.text.fm_i2c_open_device))
<BR><BR>[Stack]<UL><LI>Max Depth = 8<LI>Call Chain = fm_i2c_open_device
</UL>
<BR>[Address Reference Count : 1]<UL><LI> fmse_i2c.o(.data.gfm_se_i2c)
</UL>
<P><STRONG><a name="[ab]"></a>fm_i2c_recv_frame</STRONG> (Thumb, 212 bytes, Stack size 40 bytes, fmse_i2c.o(.text.fm_i2c_recv_frame))
<BR><BR>[Stack]<UL><LI>Max Depth = 40<LI>Call Chain = fm_i2c_recv_frame
</UL>
<BR>[Calls]<UL><LI><a href="#[ad]">&gt;&gt;</a>&nbsp;&nbsp;&nbsp;delay_ms
</UL>
<BR>[Called By]<UL><LI><a href="#[2b]">&gt;&gt;</a>&nbsp;&nbsp;&nbsp;fm_i2c_transceive
<LI><a href="#[2a]">&gt;&gt;</a>&nbsp;&nbsp;&nbsp;fm_i2c_get_atr
</UL>

<P><STRONG><a name="[a9]"></a>fm_i2c_send_frame</STRONG> (Thumb, 152 bytes, Stack size 40 bytes, fmse_i2c.o(.text.fm_i2c_send_frame))
<BR><BR>[Stack]<UL><LI>Max Depth = 40<LI>Call Chain = fm_i2c_send_frame
</UL>
<BR>[Calls]<UL><LI><a href="#[ad]">&gt;&gt;</a>&nbsp;&nbsp;&nbsp;delay_ms
</UL>
<BR>[Called By]<UL><LI><a href="#[2b]">&gt;&gt;</a>&nbsp;&nbsp;&nbsp;fm_i2c_transceive
<LI><a href="#[2a]">&gt;&gt;</a>&nbsp;&nbsp;&nbsp;fm_i2c_get_atr
</UL>

<P><STRONG><a name="[2b]"></a>fm_i2c_transceive</STRONG> (Thumb, 80 bytes, Stack size 24 bytes, fmse_i2c.o(.text.fm_i2c_transceive))
<BR><BR>[Stack]<UL><LI>Max Depth = 64<LI>Call Chain = fm_i2c_transceive &rArr; fm_i2c_send_frame
</UL>
<BR>[Calls]<UL><LI><a href="#[ad]">&gt;&gt;</a>&nbsp;&nbsp;&nbsp;delay_ms
<LI><a href="#[83]">&gt;&gt;</a>&nbsp;&nbsp;&nbsp;bsp_watchdog_feed
<LI><a href="#[a9]">&gt;&gt;</a>&nbsp;&nbsp;&nbsp;fm_i2c_send_frame
<LI><a href="#[ab]">&gt;&gt;</a>&nbsp;&nbsp;&nbsp;fm_i2c_recv_frame
<LI><a href="#[aa]">&gt;&gt;</a>&nbsp;&nbsp;&nbsp;fmse_init_timeout_ms
<LI><a href="#[ac]">&gt;&gt;</a>&nbsp;&nbsp;&nbsp;fmse_check_timeout
</UL>
<BR>[Address Reference Count : 1]<UL><LI> fmse_i2c.o(.data.gfm_se_i2c)
</UL>
<P><STRONG><a name="[b1]"></a>fm_memmove</STRONG> (Thumb, 56 bytes, Stack size 16 bytes, se_cmd.o(.text.fm_memmove))
<BR><BR>[Stack]<UL><LI>Max Depth = 16<LI>Call Chain = fm_memmove
</UL>
<BR>[Called By]<UL><LI><a href="#[8a]">&gt;&gt;</a>&nbsp;&nbsp;&nbsp;write_se_data
<LI><a href="#[8d]">&gt;&gt;</a>&nbsp;&nbsp;&nbsp;mcu_l013_mutual_auth
<LI><a href="#[8b]">&gt;&gt;</a>&nbsp;&nbsp;&nbsp;get_se_data
<LI><a href="#[bb]">&gt;&gt;</a>&nbsp;&nbsp;&nbsp;se_auth2
<LI><a href="#[ba]">&gt;&gt;</a>&nbsp;&nbsp;&nbsp;se_auth1
</UL>

<P><STRONG><a name="[8c]"></a>fm_se_register</STRONG> (Thumb, 24 bytes, Stack size 8 bytes, se_cmd.o(.text.fm_se_register))
<BR><BR>[Stack]<UL><LI>Max Depth = 8<LI>Call Chain = fm_se_register
</UL>
<BR>[Called By]<UL><LI><a href="#[68]">&gt;&gt;</a>&nbsp;&nbsp;&nbsp;crypto_chip_init
</UL>

<P><STRONG><a name="[9e]"></a>fmc_flag_clear</STRONG> (Thumb, 8 bytes, Stack size 0 bytes, gd32e23x_fmc.o(.text.fmc_flag_clear))
<BR><BR>[Called By]<UL><LI><a href="#[64]">&gt;&gt;</a>&nbsp;&nbsp;&nbsp;flash_key_write
</UL>

<P><STRONG><a name="[a0]"></a>fmc_lock</STRONG> (Thumb, 12 bytes, Stack size 0 bytes, gd32e23x_fmc.o(.text.fmc_lock))
<BR><BR>[Called By]<UL><LI><a href="#[64]">&gt;&gt;</a>&nbsp;&nbsp;&nbsp;flash_key_write
</UL>

<P><STRONG><a name="[9f]"></a>fmc_page_erase</STRONG> (Thumb, 60 bytes, Stack size 24 bytes, gd32e23x_fmc.o(.text.fmc_page_erase))
<BR><BR>[Stack]<UL><LI>Max Depth = 40<LI>Call Chain = fmc_page_erase &rArr; fmc_ready_wait
</UL>
<BR>[Calls]<UL><LI><a href="#[ae]">&gt;&gt;</a>&nbsp;&nbsp;&nbsp;fmc_ready_wait
</UL>
<BR>[Called By]<UL><LI><a href="#[64]">&gt;&gt;</a>&nbsp;&nbsp;&nbsp;flash_key_write
</UL>

<P><STRONG><a name="[ae]"></a>fmc_ready_wait</STRONG> (Thumb, 32 bytes, Stack size 16 bytes, gd32e23x_fmc.o(.text.fmc_ready_wait))
<BR><BR>[Stack]<UL><LI>Max Depth = 16<LI>Call Chain = fmc_ready_wait
</UL>
<BR>[Calls]<UL><LI><a href="#[af]">&gt;&gt;</a>&nbsp;&nbsp;&nbsp;fmc_state_get
</UL>
<BR>[Called By]<UL><LI><a href="#[a2]">&gt;&gt;</a>&nbsp;&nbsp;&nbsp;fmc_word_program
<LI><a href="#[9f]">&gt;&gt;</a>&nbsp;&nbsp;&nbsp;fmc_page_erase
</UL>

<P><STRONG><a name="[af]"></a>fmc_state_get</STRONG> (Thumb, 32 bytes, Stack size 0 bytes, gd32e23x_fmc.o(.text.fmc_state_get))
<BR><BR>[Called By]<UL><LI><a href="#[ae]">&gt;&gt;</a>&nbsp;&nbsp;&nbsp;fmc_ready_wait
</UL>

<P><STRONG><a name="[9d]"></a>fmc_unlock</STRONG> (Thumb, 20 bytes, Stack size 0 bytes, gd32e23x_fmc.o(.text.fmc_unlock))
<BR><BR>[Called By]<UL><LI><a href="#[64]">&gt;&gt;</a>&nbsp;&nbsp;&nbsp;flash_key_write
</UL>

<P><STRONG><a name="[a2]"></a>fmc_word_program</STRONG> (Thumb, 56 bytes, Stack size 24 bytes, gd32e23x_fmc.o(.text.fmc_word_program))
<BR><BR>[Stack]<UL><LI>Max Depth = 40<LI>Call Chain = fmc_word_program &rArr; fmc_ready_wait
</UL>
<BR>[Calls]<UL><LI><a href="#[ae]">&gt;&gt;</a>&nbsp;&nbsp;&nbsp;fmc_ready_wait
</UL>
<BR>[Called By]<UL><LI><a href="#[64]">&gt;&gt;</a>&nbsp;&nbsp;&nbsp;flash_key_write
</UL>

<P><STRONG><a name="[25]"></a>fputc</STRONG> (Thumb, 32 bytes, Stack size 16 bytes, bsp_usart.o(.text.fputc))
<BR><BR>[Stack]<UL><LI>Max Depth = 16<LI>Call Chain = fputc
</UL>
<BR>[Calls]<UL><LI><a href="#[a5]">&gt;&gt;</a>&nbsp;&nbsp;&nbsp;usart_flag_get
<LI><a href="#[b0]">&gt;&gt;</a>&nbsp;&nbsp;&nbsp;usart_data_transmit
</UL>
<BR>[Called By]<UL><LI><a href="#[62]">&gt;&gt;</a>&nbsp;&nbsp;&nbsp;puts
</UL>
<BR>[Address Reference Count : 1]<UL><LI> printf8.o(i.__0printf$8)
</UL>
<P><STRONG><a name="[88]"></a>fwdgt_config</STRONG> (Thumb, 72 bytes, Stack size 16 bytes, gd32e23x_fwdgt.o(.text.fwdgt_config))
<BR><BR>[Stack]<UL><LI>Max Depth = 16<LI>Call Chain = fwdgt_config
</UL>
<BR>[Called By]<UL><LI><a href="#[85]">&gt;&gt;</a>&nbsp;&nbsp;&nbsp;bsp_watchdog_init
</UL>

<P><STRONG><a name="[84]"></a>fwdgt_counter_reload</STRONG> (Thumb, 8 bytes, Stack size 0 bytes, gd32e23x_fwdgt.o(.text.fwdgt_counter_reload))
<BR><BR>[Called By]<UL><LI><a href="#[85]">&gt;&gt;</a>&nbsp;&nbsp;&nbsp;bsp_watchdog_init
<LI><a href="#[83]">&gt;&gt;</a>&nbsp;&nbsp;&nbsp;bsp_watchdog_feed
</UL>

<P><STRONG><a name="[89]"></a>fwdgt_enable</STRONG> (Thumb, 8 bytes, Stack size 0 bytes, gd32e23x_fwdgt.o(.text.fwdgt_enable))
<BR><BR>[Called By]<UL><LI><a href="#[85]">&gt;&gt;</a>&nbsp;&nbsp;&nbsp;bsp_watchdog_init
</UL>

<P><STRONG><a name="[87]"></a>fwdgt_flag_get</STRONG> (Thumb, 16 bytes, Stack size 0 bytes, gd32e23x_fwdgt.o(.text.fwdgt_flag_get))
<BR><BR>[Called By]<UL><LI><a href="#[85]">&gt;&gt;</a>&nbsp;&nbsp;&nbsp;bsp_watchdog_init
</UL>

<P><STRONG><a name="[86]"></a>fwdgt_write_enable</STRONG> (Thumb, 8 bytes, Stack size 0 bytes, gd32e23x_fwdgt.o(.text.fwdgt_write_enable))
<BR><BR>[Called By]<UL><LI><a href="#[85]">&gt;&gt;</a>&nbsp;&nbsp;&nbsp;bsp_watchdog_init
</UL>

<P><STRONG><a name="[8b]"></a>get_se_data</STRONG> (Thumb, 216 bytes, Stack size 32 bytes, se_cmd.o(.text.get_se_data))
<BR><BR>[Stack]<UL><LI>Max Depth = 1000<LI>Call Chain = get_se_data &rArr; des3_ecb_encrypt &rArr; des3_set2key_enc &rArr; des3_set2key &rArr; des_setkey
</UL>
<BR>[Calls]<UL><LI><a href="#[48]">&gt;&gt;</a>&nbsp;&nbsp;&nbsp;__aeabi_memcpy
<LI><a href="#[b1]">&gt;&gt;</a>&nbsp;&nbsp;&nbsp;fm_memmove
<LI><a href="#[b2]">&gt;&gt;</a>&nbsp;&nbsp;&nbsp;fm_chk_result
<LI><a href="#[93]">&gt;&gt;</a>&nbsp;&nbsp;&nbsp;des3_ecb_encrypt
<LI><a href="#[8e]">&gt;&gt;</a>&nbsp;&nbsp;&nbsp;des3_ecb_decrypt
</UL>
<BR>[Called By]<UL><LI><a href="#[6e]">&gt;&gt;</a>&nbsp;&nbsp;&nbsp;crypto_chip_encrypt
</UL>

<P><STRONG><a name="[7b]"></a>gpio_af_set</STRONG> (Thumb, 94 bytes, Stack size 28 bytes, gd32e23x_gpio.o(.text.gpio_af_set))
<BR><BR>[Stack]<UL><LI>Max Depth = 28<LI>Call Chain = gpio_af_set
</UL>
<BR>[Called By]<UL><LI><a href="#[7a]">&gt;&gt;</a>&nbsp;&nbsp;&nbsp;bsp_uart_init
</UL>

<P><STRONG><a name="[b5]"></a>gpio_bit_reset</STRONG> (Thumb, 4 bytes, Stack size 0 bytes, gd32e23x_gpio.o(.text.gpio_bit_reset))
<BR><BR>[Called By]<UL><LI><a href="#[4d]">&gt;&gt;</a>&nbsp;&nbsp;&nbsp;i2c_wait_ack
<LI><a href="#[4f]">&gt;&gt;</a>&nbsp;&nbsp;&nbsp;i2c_stop
<LI><a href="#[4b]">&gt;&gt;</a>&nbsp;&nbsp;&nbsp;i2c_start
<LI><a href="#[4c]">&gt;&gt;</a>&nbsp;&nbsp;&nbsp;i2c_send_byte
<LI><a href="#[4e]">&gt;&gt;</a>&nbsp;&nbsp;&nbsp;i2c_read_byte
<LI><a href="#[b3]">&gt;&gt;</a>&nbsp;&nbsp;&nbsp;i2c_bus_recovery
</UL>

<P><STRONG><a name="[79]"></a>gpio_bit_set</STRONG> (Thumb, 4 bytes, Stack size 0 bytes, gd32e23x_gpio.o(.text.gpio_bit_set))
<BR><BR>[Called By]<UL><LI><a href="#[4d]">&gt;&gt;</a>&nbsp;&nbsp;&nbsp;i2c_wait_ack
<LI><a href="#[4f]">&gt;&gt;</a>&nbsp;&nbsp;&nbsp;i2c_stop
<LI><a href="#[4b]">&gt;&gt;</a>&nbsp;&nbsp;&nbsp;i2c_start
<LI><a href="#[4c]">&gt;&gt;</a>&nbsp;&nbsp;&nbsp;i2c_send_byte
<LI><a href="#[4e]">&gt;&gt;</a>&nbsp;&nbsp;&nbsp;i2c_read_byte
<LI><a href="#[b3]">&gt;&gt;</a>&nbsp;&nbsp;&nbsp;i2c_bus_recovery
<LI><a href="#[75]">&gt;&gt;</a>&nbsp;&nbsp;&nbsp;bsp_i2c_init
</UL>

<P><STRONG><a name="[b6]"></a>gpio_input_bit_get</STRONG> (Thumb, 10 bytes, Stack size 0 bytes, gd32e23x_gpio.o(.text.gpio_input_bit_get))
<BR><BR>[Called By]<UL><LI><a href="#[4d]">&gt;&gt;</a>&nbsp;&nbsp;&nbsp;i2c_wait_ack
<LI><a href="#[4e]">&gt;&gt;</a>&nbsp;&nbsp;&nbsp;i2c_read_byte
</UL>

<P><STRONG><a name="[77]"></a>gpio_mode_set</STRONG> (Thumb, 66 bytes, Stack size 28 bytes, gd32e23x_gpio.o(.text.gpio_mode_set))
<BR><BR>[Stack]<UL><LI>Max Depth = 28<LI>Call Chain = gpio_mode_set
</UL>
<BR>[Called By]<UL><LI><a href="#[7a]">&gt;&gt;</a>&nbsp;&nbsp;&nbsp;bsp_uart_init
<LI><a href="#[75]">&gt;&gt;</a>&nbsp;&nbsp;&nbsp;bsp_i2c_init
</UL>

<P><STRONG><a name="[78]"></a>gpio_output_options_set</STRONG> (Thumb, 70 bytes, Stack size 24 bytes, gd32e23x_gpio.o(.text.gpio_output_options_set))
<BR><BR>[Stack]<UL><LI>Max Depth = 24<LI>Call Chain = gpio_output_options_set
</UL>
<BR>[Called By]<UL><LI><a href="#[7a]">&gt;&gt;</a>&nbsp;&nbsp;&nbsp;bsp_uart_init
<LI><a href="#[75]">&gt;&gt;</a>&nbsp;&nbsp;&nbsp;bsp_i2c_init
</UL>

<P><STRONG><a name="[b3]"></a>i2c_bus_recovery</STRONG> (Thumb, 56 bytes, Stack size 16 bytes, bsp_i2c.o(.text.i2c_bus_recovery))
<BR><BR>[Stack]<UL><LI>Max Depth = 36<LI>Call Chain = i2c_bus_recovery &rArr; i2c_stop &rArr; i2c_delay
</UL>
<BR>[Calls]<UL><LI><a href="#[79]">&gt;&gt;</a>&nbsp;&nbsp;&nbsp;gpio_bit_set
<LI><a href="#[b5]">&gt;&gt;</a>&nbsp;&nbsp;&nbsp;gpio_bit_reset
<LI><a href="#[4f]">&gt;&gt;</a>&nbsp;&nbsp;&nbsp;i2c_stop
<LI><a href="#[b4]">&gt;&gt;</a>&nbsp;&nbsp;&nbsp;i2c_delay
</UL>
<BR>[Called By]<UL><LI><a href="#[50]">&gt;&gt;</a>&nbsp;&nbsp;&nbsp;i2c_err_track
</UL>

<P><STRONG><a name="[4e]"></a>i2c_read_byte</STRONG> (Thumb, 136 bytes, Stack size 40 bytes, bsp_i2c.o(.text.i2c_read_byte))
<BR><BR>[Stack]<UL><LI>Max Depth = 44<LI>Call Chain = i2c_read_byte &rArr; i2c_delay
</UL>
<BR>[Calls]<UL><LI><a href="#[b6]">&gt;&gt;</a>&nbsp;&nbsp;&nbsp;gpio_input_bit_get
<LI><a href="#[79]">&gt;&gt;</a>&nbsp;&nbsp;&nbsp;gpio_bit_set
<LI><a href="#[b5]">&gt;&gt;</a>&nbsp;&nbsp;&nbsp;gpio_bit_reset
<LI><a href="#[b4]">&gt;&gt;</a>&nbsp;&nbsp;&nbsp;i2c_delay
</UL>
<BR>[Called By]<UL><LI><a href="#[40]">&gt;&gt;</a>&nbsp;&nbsp;&nbsp;FM17622_ReadReg
<LI><a href="#[35]">&gt;&gt;</a>&nbsp;&nbsp;&nbsp;fmse_i2c_recv_char_nak
<LI><a href="#[33]">&gt;&gt;</a>&nbsp;&nbsp;&nbsp;fmse_i2c_recv_char
</UL>

<P><STRONG><a name="[4c]"></a>i2c_send_byte</STRONG> (Thumb, 84 bytes, Stack size 24 bytes, bsp_i2c.o(.text.i2c_send_byte))
<BR><BR>[Stack]<UL><LI>Max Depth = 28<LI>Call Chain = i2c_send_byte &rArr; i2c_delay
</UL>
<BR>[Calls]<UL><LI><a href="#[79]">&gt;&gt;</a>&nbsp;&nbsp;&nbsp;gpio_bit_set
<LI><a href="#[b5]">&gt;&gt;</a>&nbsp;&nbsp;&nbsp;gpio_bit_reset
<LI><a href="#[b4]">&gt;&gt;</a>&nbsp;&nbsp;&nbsp;i2c_delay
</UL>
<BR>[Called By]<UL><LI><a href="#[44]">&gt;&gt;</a>&nbsp;&nbsp;&nbsp;FM17622_WriteReg
<LI><a href="#[40]">&gt;&gt;</a>&nbsp;&nbsp;&nbsp;FM17622_ReadReg
<LI><a href="#[32]">&gt;&gt;</a>&nbsp;&nbsp;&nbsp;fmse_i2c_send_char
<LI><a href="#[34]">&gt;&gt;</a>&nbsp;&nbsp;&nbsp;fmse_i2c_send_addr
</UL>

<P><STRONG><a name="[4b]"></a>i2c_start</STRONG> (Thumb, 52 bytes, Stack size 16 bytes, bsp_i2c.o(.text.i2c_start))
<BR><BR>[Stack]<UL><LI>Max Depth = 20<LI>Call Chain = i2c_start &rArr; i2c_delay
</UL>
<BR>[Calls]<UL><LI><a href="#[79]">&gt;&gt;</a>&nbsp;&nbsp;&nbsp;gpio_bit_set
<LI><a href="#[b5]">&gt;&gt;</a>&nbsp;&nbsp;&nbsp;gpio_bit_reset
<LI><a href="#[b4]">&gt;&gt;</a>&nbsp;&nbsp;&nbsp;i2c_delay
</UL>
<BR>[Called By]<UL><LI><a href="#[44]">&gt;&gt;</a>&nbsp;&nbsp;&nbsp;FM17622_WriteReg
<LI><a href="#[40]">&gt;&gt;</a>&nbsp;&nbsp;&nbsp;FM17622_ReadReg
<LI><a href="#[30]">&gt;&gt;</a>&nbsp;&nbsp;&nbsp;fmse_i2c_start
</UL>

<P><STRONG><a name="[4f]"></a>i2c_stop</STRONG> (Thumb, 40 bytes, Stack size 16 bytes, bsp_i2c.o(.text.i2c_stop))
<BR><BR>[Stack]<UL><LI>Max Depth = 20<LI>Call Chain = i2c_stop &rArr; i2c_delay
</UL>
<BR>[Calls]<UL><LI><a href="#[79]">&gt;&gt;</a>&nbsp;&nbsp;&nbsp;gpio_bit_set
<LI><a href="#[b5]">&gt;&gt;</a>&nbsp;&nbsp;&nbsp;gpio_bit_reset
<LI><a href="#[b4]">&gt;&gt;</a>&nbsp;&nbsp;&nbsp;i2c_delay
</UL>
<BR>[Called By]<UL><LI><a href="#[44]">&gt;&gt;</a>&nbsp;&nbsp;&nbsp;FM17622_WriteReg
<LI><a href="#[40]">&gt;&gt;</a>&nbsp;&nbsp;&nbsp;FM17622_ReadReg
<LI><a href="#[4d]">&gt;&gt;</a>&nbsp;&nbsp;&nbsp;i2c_wait_ack
<LI><a href="#[b3]">&gt;&gt;</a>&nbsp;&nbsp;&nbsp;i2c_bus_recovery
<LI><a href="#[31]">&gt;&gt;</a>&nbsp;&nbsp;&nbsp;fmse_i2c_stop
</UL>

<P><STRONG><a name="[4d]"></a>i2c_wait_ack</STRONG> (Thumb, 72 bytes, Stack size 16 bytes, bsp_i2c.o(.text.i2c_wait_ack))
<BR><BR>[Stack]<UL><LI>Max Depth = 36<LI>Call Chain = i2c_wait_ack &rArr; i2c_stop &rArr; i2c_delay
</UL>
<BR>[Calls]<UL><LI><a href="#[b6]">&gt;&gt;</a>&nbsp;&nbsp;&nbsp;gpio_input_bit_get
<LI><a href="#[79]">&gt;&gt;</a>&nbsp;&nbsp;&nbsp;gpio_bit_set
<LI><a href="#[b5]">&gt;&gt;</a>&nbsp;&nbsp;&nbsp;gpio_bit_reset
<LI><a href="#[4f]">&gt;&gt;</a>&nbsp;&nbsp;&nbsp;i2c_stop
<LI><a href="#[b4]">&gt;&gt;</a>&nbsp;&nbsp;&nbsp;i2c_delay
</UL>
<BR>[Called By]<UL><LI><a href="#[44]">&gt;&gt;</a>&nbsp;&nbsp;&nbsp;FM17622_WriteReg
<LI><a href="#[40]">&gt;&gt;</a>&nbsp;&nbsp;&nbsp;FM17622_ReadReg
<LI><a href="#[32]">&gt;&gt;</a>&nbsp;&nbsp;&nbsp;fmse_i2c_send_char
<LI><a href="#[34]">&gt;&gt;</a>&nbsp;&nbsp;&nbsp;fmse_i2c_send_addr
</UL>

<P><STRONG><a name="[22]"></a>main</STRONG> (Thumb, 188 bytes, Stack size 32 bytes, main.o(.text.main))
<BR><BR>[Stack]<UL><LI>Max Depth = 1344<LI>Call Chain = main &rArr; app_rfid_poll_task &rArr; crypto_chip_encrypt &rArr; write_se_data &rArr; des3_ecb_encrypt &rArr; des3_set2key_enc &rArr; des3_set2key &rArr; des_setkey
</UL>
<BR>[Calls]<UL><LI><a href="#[5f]">&gt;&gt;</a>&nbsp;&nbsp;&nbsp;uid_read
<LI><a href="#[b7]">&gt;&gt;</a>&nbsp;&nbsp;&nbsp;systick_config
<LI><a href="#[6c]">&gt;&gt;</a>&nbsp;&nbsp;&nbsp;flash_key_read
<LI><a href="#[6b]">&gt;&gt;</a>&nbsp;&nbsp;&nbsp;flash_key_is_stored
<LI><a href="#[85]">&gt;&gt;</a>&nbsp;&nbsp;&nbsp;bsp_watchdog_init
<LI><a href="#[83]">&gt;&gt;</a>&nbsp;&nbsp;&nbsp;bsp_watchdog_feed
<LI><a href="#[7a]">&gt;&gt;</a>&nbsp;&nbsp;&nbsp;bsp_uart_init
<LI><a href="#[75]">&gt;&gt;</a>&nbsp;&nbsp;&nbsp;bsp_i2c_init
<LI><a href="#[70]">&gt;&gt;</a>&nbsp;&nbsp;&nbsp;app_uart_rx_task
<LI><a href="#[69]">&gt;&gt;</a>&nbsp;&nbsp;&nbsp;app_rfid_poll_task
<LI><a href="#[66]">&gt;&gt;</a>&nbsp;&nbsp;&nbsp;app_protocol_init
<LI><a href="#[46]">&gt;&gt;</a>&nbsp;&nbsp;&nbsp;FM17622_Init
<LI><a href="#[45]">&gt;&gt;</a>&nbsp;&nbsp;&nbsp;FM17622_CheckComm
<LI><a href="#[61]">&gt;&gt;</a>&nbsp;&nbsp;&nbsp;__2printf
<LI><a href="#[62]">&gt;&gt;</a>&nbsp;&nbsp;&nbsp;puts
</UL>
<BR>[Address Reference Count : 1]<UL><LI> entry9a.o(.ARM.Collect$$$$0000000B)
</UL>
<P><STRONG><a name="[8d]"></a>mcu_l013_mutual_auth</STRONG> (Thumb, 196 bytes, Stack size 104 bytes, se_cmd.o(.text.mcu_l013_mutual_auth))
<BR><BR>[Stack]<UL><LI>Max Depth = 1072<LI>Call Chain = mcu_l013_mutual_auth &rArr; des3_ecb_encrypt &rArr; des3_set2key_enc &rArr; des3_set2key &rArr; des_setkey
</UL>
<BR>[Calls]<UL><LI><a href="#[a3]">&gt;&gt;</a>&nbsp;&nbsp;&nbsp;memcmp
<LI><a href="#[b8]">&gt;&gt;</a>&nbsp;&nbsp;&nbsp;srand
<LI><a href="#[b9]">&gt;&gt;</a>&nbsp;&nbsp;&nbsp;rand
<LI><a href="#[bb]">&gt;&gt;</a>&nbsp;&nbsp;&nbsp;se_auth2
<LI><a href="#[ba]">&gt;&gt;</a>&nbsp;&nbsp;&nbsp;se_auth1
<LI><a href="#[b1]">&gt;&gt;</a>&nbsp;&nbsp;&nbsp;fm_memmove
<LI><a href="#[93]">&gt;&gt;</a>&nbsp;&nbsp;&nbsp;des3_ecb_encrypt
<LI><a href="#[8e]">&gt;&gt;</a>&nbsp;&nbsp;&nbsp;des3_ecb_decrypt
</UL>
<BR>[Called By]<UL><LI><a href="#[68]">&gt;&gt;</a>&nbsp;&nbsp;&nbsp;crypto_chip_init
</UL>

<P><STRONG><a name="[81]"></a>nvic_irq_enable</STRONG> (Thumb, 16 bytes, Stack size 8 bytes, gd32e23x_misc.o(.text.nvic_irq_enable))
<BR><BR>[Stack]<UL><LI>Max Depth = 8<LI>Call Chain = nvic_irq_enable
</UL>
<BR>[Calls]<UL><LI><a href="#[bc]">&gt;&gt;</a>&nbsp;&nbsp;&nbsp;__NVIC_SetPriority
<LI><a href="#[bd]">&gt;&gt;</a>&nbsp;&nbsp;&nbsp;__NVIC_EnableIRQ
</UL>
<BR>[Called By]<UL><LI><a href="#[7a]">&gt;&gt;</a>&nbsp;&nbsp;&nbsp;bsp_uart_init
</UL>

<P><STRONG><a name="[5c]"></a>nvic_vector_table_set</STRONG> (Thumb, 16 bytes, Stack size 0 bytes, gd32e23x_misc.o(.text.nvic_vector_table_set))
<BR><BR>[Called By]<UL><LI><a href="#[23]">&gt;&gt;</a>&nbsp;&nbsp;&nbsp;SystemInit
</UL>

<P><STRONG><a name="[74]"></a>protocol_get_parsed_frame</STRONG> (Thumb, 4 bytes, Stack size 0 bytes, protocol.o(.text.protocol_get_parsed_frame))
<BR><BR>[Called By]<UL><LI><a href="#[70]">&gt;&gt;</a>&nbsp;&nbsp;&nbsp;app_uart_rx_task
</UL>

<P><STRONG><a name="[73]"></a>protocol_parse_byte</STRONG> (Thumb, 232 bytes, Stack size 16 bytes, protocol.o(.text.protocol_parse_byte))
<BR><BR>[Stack]<UL><LI>Max Depth = 52<LI>Call Chain = protocol_parse_byte &rArr; protocol_verify_crc &rArr; Calculate_CRC16_Modbus
</UL>
<BR>[Calls]<UL><LI><a href="#[bf]">&gt;&gt;</a>&nbsp;&nbsp;&nbsp;protocol_verify_crc
<LI><a href="#[be]">&gt;&gt;</a>&nbsp;&nbsp;&nbsp;__aeabi_memclr4
</UL>
<BR>[Called By]<UL><LI><a href="#[70]">&gt;&gt;</a>&nbsp;&nbsp;&nbsp;app_uart_rx_task
</UL>

<P><STRONG><a name="[67]"></a>protocol_parser_init</STRONG> (Thumb, 24 bytes, Stack size 8 bytes, protocol.o(.text.protocol_parser_init))
<BR><BR>[Stack]<UL><LI>Max Depth = 8<LI>Call Chain = protocol_parser_init
</UL>
<BR>[Calls]<UL><LI><a href="#[be]">&gt;&gt;</a>&nbsp;&nbsp;&nbsp;__aeabi_memclr4
</UL>
<BR>[Called By]<UL><LI><a href="#[66]">&gt;&gt;</a>&nbsp;&nbsp;&nbsp;app_protocol_init
</UL>

<P><STRONG><a name="[bf]"></a>protocol_verify_crc</STRONG> (Thumb, 76 bytes, Stack size 16 bytes, protocol.o(.text.protocol_verify_crc))
<BR><BR>[Stack]<UL><LI>Max Depth = 36<LI>Call Chain = protocol_verify_crc &rArr; Calculate_CRC16_Modbus
</UL>
<BR>[Calls]<UL><LI><a href="#[57]">&gt;&gt;</a>&nbsp;&nbsp;&nbsp;Calculate_CRC16_Modbus
</UL>
<BR>[Called By]<UL><LI><a href="#[73]">&gt;&gt;</a>&nbsp;&nbsp;&nbsp;protocol_parse_byte
</UL>

<P><STRONG><a name="[c3]"></a>rcu_clock_freq_get</STRONG> (Thumb, 344 bytes, Stack size 24 bytes, gd32e23x_rcu.o(.text.rcu_clock_freq_get))
<BR><BR>[Stack]<UL><LI>Max Depth = 24<LI>Call Chain = rcu_clock_freq_get
</UL>
<BR>[Called By]<UL><LI><a href="#[7d]">&gt;&gt;</a>&nbsp;&nbsp;&nbsp;usart_baudrate_set
</UL>

<P><STRONG><a name="[76]"></a>rcu_periph_clock_enable</STRONG> (Thumb, 20 bytes, Stack size 0 bytes, gd32e23x_rcu.o(.text.rcu_periph_clock_enable))
<BR><BR>[Called By]<UL><LI><a href="#[7a]">&gt;&gt;</a>&nbsp;&nbsp;&nbsp;bsp_uart_init
<LI><a href="#[75]">&gt;&gt;</a>&nbsp;&nbsp;&nbsp;bsp_i2c_init
</UL>

<P><STRONG><a name="[c5]"></a>rcu_periph_reset_disable</STRONG> (Thumb, 20 bytes, Stack size 0 bytes, gd32e23x_rcu.o(.text.rcu_periph_reset_disable))
<BR><BR>[Called By]<UL><LI><a href="#[7c]">&gt;&gt;</a>&nbsp;&nbsp;&nbsp;usart_deinit
</UL>

<P><STRONG><a name="[c4]"></a>rcu_periph_reset_enable</STRONG> (Thumb, 20 bytes, Stack size 0 bytes, gd32e23x_rcu.o(.text.rcu_periph_reset_enable))
<BR><BR>[Called By]<UL><LI><a href="#[7c]">&gt;&gt;</a>&nbsp;&nbsp;&nbsp;usart_deinit
</UL>

<P><STRONG><a name="[ba]"></a>se_auth1</STRONG> (Thumb, 104 bytes, Stack size 32 bytes, se_cmd.o(.text.se_auth1))
<BR><BR>[Stack]<UL><LI>Max Depth = 48<LI>Call Chain = se_auth1 &rArr; fm_memmove
</UL>
<BR>[Calls]<UL><LI><a href="#[b1]">&gt;&gt;</a>&nbsp;&nbsp;&nbsp;fm_memmove
<LI><a href="#[b2]">&gt;&gt;</a>&nbsp;&nbsp;&nbsp;fm_chk_result
</UL>
<BR>[Called By]<UL><LI><a href="#[8d]">&gt;&gt;</a>&nbsp;&nbsp;&nbsp;mcu_l013_mutual_auth
</UL>

<P><STRONG><a name="[bb]"></a>se_auth2</STRONG> (Thumb, 104 bytes, Stack size 32 bytes, se_cmd.o(.text.se_auth2))
<BR><BR>[Stack]<UL><LI>Max Depth = 48<LI>Call Chain = se_auth2 &rArr; fm_memmove
</UL>
<BR>[Calls]<UL><LI><a href="#[b1]">&gt;&gt;</a>&nbsp;&nbsp;&nbsp;fm_memmove
<LI><a href="#[b2]">&gt;&gt;</a>&nbsp;&nbsp;&nbsp;fm_chk_result
</UL>
<BR>[Called By]<UL><LI><a href="#[8d]">&gt;&gt;</a>&nbsp;&nbsp;&nbsp;mcu_l013_mutual_auth
</UL>

<P><STRONG><a name="[55]"></a>syscfg_flag_get</STRONG> (Thumb, 16 bytes, Stack size 0 bytes, gd32e23x_syscfg.o(.text.syscfg_flag_get))
<BR><BR>[Called By]<UL><LI><a href="#[1]">&gt;&gt;</a>&nbsp;&nbsp;&nbsp;NMI_Handler
</UL>

<P><STRONG><a name="[b7]"></a>systick_config</STRONG> (Thumb, 32 bytes, Stack size 8 bytes, bsp_systick.o(.text.systick_config))
<BR><BR>[Stack]<UL><LI>Max Depth = 16<LI>Call Chain = systick_config &rArr; SysTick_Config
</UL>
<BR>[Calls]<UL><LI><a href="#[59]">&gt;&gt;</a>&nbsp;&nbsp;&nbsp;__NVIC_SetPriority
<LI><a href="#[58]">&gt;&gt;</a>&nbsp;&nbsp;&nbsp;SysTick_Config
</UL>
<BR>[Called By]<UL><LI><a href="#[22]">&gt;&gt;</a>&nbsp;&nbsp;&nbsp;main
</UL>

<P><STRONG><a name="[6d]"></a>tag_data_serialize</STRONG> (Thumb, 130 bytes, Stack size 16 bytes, bsp_fm17622.o(.text.tag_data_serialize))
<BR><BR>[Stack]<UL><LI>Max Depth = 16<LI>Call Chain = tag_data_serialize
</UL>
<BR>[Calls]<UL><LI><a href="#[48]">&gt;&gt;</a>&nbsp;&nbsp;&nbsp;__aeabi_memcpy
</UL>
<BR>[Called By]<UL><LI><a href="#[69]">&gt;&gt;</a>&nbsp;&nbsp;&nbsp;app_rfid_poll_task
</UL>

<P><STRONG><a name="[71]"></a>uart_rx_available</STRONG> (Thumb, 16 bytes, Stack size 0 bytes, bsp_usart.o(.text.uart_rx_available))
<BR><BR>[Called By]<UL><LI><a href="#[70]">&gt;&gt;</a>&nbsp;&nbsp;&nbsp;app_uart_rx_task
</UL>

<P><STRONG><a name="[a8]"></a>uart_rx_flush</STRONG> (Thumb, 12 bytes, Stack size 0 bytes, bsp_usart.o(.text.uart_rx_flush))
<BR><BR>[Called By]<UL><LI><a href="#[a1]">&gt;&gt;</a>&nbsp;&nbsp;&nbsp;flash_uart_protect_exit
</UL>

<P><STRONG><a name="[72]"></a>uart_rx_read_byte</STRONG> (Thumb, 20 bytes, Stack size 0 bytes, bsp_usart.o(.text.uart_rx_read_byte))
<BR><BR>[Called By]<UL><LI><a href="#[70]">&gt;&gt;</a>&nbsp;&nbsp;&nbsp;app_uart_rx_task
</UL>

<P><STRONG><a name="[c1]"></a>uart_send_byte</STRONG> (Thumb, 28 bytes, Stack size 16 bytes, bsp_usart.o(.text.uart_send_byte))
<BR><BR>[Stack]<UL><LI>Max Depth = 16<LI>Call Chain = uart_send_byte
</UL>
<BR>[Calls]<UL><LI><a href="#[a5]">&gt;&gt;</a>&nbsp;&nbsp;&nbsp;usart_flag_get
<LI><a href="#[b0]">&gt;&gt;</a>&nbsp;&nbsp;&nbsp;usart_data_transmit
</UL>
<BR>[Called By]<UL><LI><a href="#[60]">&gt;&gt;</a>&nbsp;&nbsp;&nbsp;uart_send_data
</UL>

<P><STRONG><a name="[60]"></a>uart_send_data</STRONG> (Thumb, 26 bytes, Stack size 16 bytes, bsp_usart.o(.text.uart_send_data))
<BR><BR>[Stack]<UL><LI>Max Depth = 32<LI>Call Chain = uart_send_data &rArr; uart_send_byte
</UL>
<BR>[Calls]<UL><LI><a href="#[c1]">&gt;&gt;</a>&nbsp;&nbsp;&nbsp;uart_send_byte
</UL>
<BR>[Called By]<UL><LI><a href="#[6f]">&gt;&gt;</a>&nbsp;&nbsp;&nbsp;app_upload_data
<LI><a href="#[63]">&gt;&gt;</a>&nbsp;&nbsp;&nbsp;app_handle_write_key
<LI><a href="#[5e]">&gt;&gt;</a>&nbsp;&nbsp;&nbsp;app_handle_query_uid
</UL>

<P><STRONG><a name="[5f]"></a>uid_read</STRONG> (Thumb, 56 bytes, Stack size 8 bytes, bsp_uid.o(.text.uid_read))
<BR><BR>[Stack]<UL><LI>Max Depth = 8<LI>Call Chain = uid_read
</UL>
<BR>[Called By]<UL><LI><a href="#[5e]">&gt;&gt;</a>&nbsp;&nbsp;&nbsp;app_handle_query_uid
<LI><a href="#[22]">&gt;&gt;</a>&nbsp;&nbsp;&nbsp;main
</UL>

<P><STRONG><a name="[5d]"></a>usart0_isr</STRONG> (Thumb, 48 bytes, Stack size 8 bytes, bsp_usart.o(.text.usart0_isr))
<BR><BR>[Stack]<UL><LI>Max Depth = 8<LI>Call Chain = usart0_isr
</UL>
<BR>[Calls]<UL><LI><a href="#[c2]">&gt;&gt;</a>&nbsp;&nbsp;&nbsp;usart_interrupt_flag_get
<LI><a href="#[a6]">&gt;&gt;</a>&nbsp;&nbsp;&nbsp;usart_data_receive
</UL>
<BR>[Called By]<UL><LI><a href="#[1e]">&gt;&gt;</a>&nbsp;&nbsp;&nbsp;USART0_IRQHandler
</UL>

<P><STRONG><a name="[7d]"></a>usart_baudrate_set</STRONG> (Thumb, 76 bytes, Stack size 16 bytes, gd32e23x_usart.o(.text.usart_baudrate_set))
<BR><BR>[Stack]<UL><LI>Max Depth = 40<LI>Call Chain = usart_baudrate_set &rArr; rcu_clock_freq_get
</UL>
<BR>[Calls]<UL><LI><a href="#[c3]">&gt;&gt;</a>&nbsp;&nbsp;&nbsp;rcu_clock_freq_get
</UL>
<BR>[Called By]<UL><LI><a href="#[7a]">&gt;&gt;</a>&nbsp;&nbsp;&nbsp;bsp_uart_init
</UL>

<P><STRONG><a name="[a6]"></a>usart_data_receive</STRONG> (Thumb, 8 bytes, Stack size 0 bytes, gd32e23x_usart.o(.text.usart_data_receive))
<BR><BR>[Called By]<UL><LI><a href="#[a1]">&gt;&gt;</a>&nbsp;&nbsp;&nbsp;flash_uart_protect_exit
<LI><a href="#[5d]">&gt;&gt;</a>&nbsp;&nbsp;&nbsp;usart0_isr
</UL>

<P><STRONG><a name="[b0]"></a>usart_data_transmit</STRONG> (Thumb, 8 bytes, Stack size 0 bytes, gd32e23x_usart.o(.text.usart_data_transmit))
<BR><BR>[Called By]<UL><LI><a href="#[c1]">&gt;&gt;</a>&nbsp;&nbsp;&nbsp;uart_send_byte
<LI><a href="#[25]">&gt;&gt;</a>&nbsp;&nbsp;&nbsp;fputc
</UL>

<P><STRONG><a name="[7c]"></a>usart_deinit</STRONG> (Thumb, 36 bytes, Stack size 8 bytes, gd32e23x_usart.o(.text.usart_deinit))
<BR><BR>[Stack]<UL><LI>Max Depth = 8<LI>Call Chain = usart_deinit
</UL>
<BR>[Calls]<UL><LI><a href="#[c4]">&gt;&gt;</a>&nbsp;&nbsp;&nbsp;rcu_periph_reset_enable
<LI><a href="#[c5]">&gt;&gt;</a>&nbsp;&nbsp;&nbsp;rcu_periph_reset_disable
</UL>
<BR>[Called By]<UL><LI><a href="#[7a]">&gt;&gt;</a>&nbsp;&nbsp;&nbsp;bsp_uart_init
</UL>

<P><STRONG><a name="[82]"></a>usart_enable</STRONG> (Thumb, 10 bytes, Stack size 0 bytes, gd32e23x_usart.o(.text.usart_enable))
<BR><BR>[Called By]<UL><LI><a href="#[7a]">&gt;&gt;</a>&nbsp;&nbsp;&nbsp;bsp_uart_init
</UL>

<P><STRONG><a name="[a7]"></a>usart_flag_clear</STRONG> (Thumb, 16 bytes, Stack size 0 bytes, gd32e23x_usart.o(.text.usart_flag_clear))
<BR><BR>[Called By]<UL><LI><a href="#[a1]">&gt;&gt;</a>&nbsp;&nbsp;&nbsp;flash_uart_protect_exit
</UL>

<P><STRONG><a name="[a5]"></a>usart_flag_get</STRONG> (Thumb, 16 bytes, Stack size 0 bytes, gd32e23x_usart.o(.text.usart_flag_get))
<BR><BR>[Called By]<UL><LI><a href="#[c1]">&gt;&gt;</a>&nbsp;&nbsp;&nbsp;uart_send_byte
<LI><a href="#[25]">&gt;&gt;</a>&nbsp;&nbsp;&nbsp;fputc
<LI><a href="#[a1]">&gt;&gt;</a>&nbsp;&nbsp;&nbsp;flash_uart_protect_exit
</UL>

<P><STRONG><a name="[a4]"></a>usart_interrupt_disable</STRONG> (Thumb, 18 bytes, Stack size 0 bytes, gd32e23x_usart.o(.text.usart_interrupt_disable))
<BR><BR>[Called By]<UL><LI><a href="#[9c]">&gt;&gt;</a>&nbsp;&nbsp;&nbsp;flash_uart_protect_enter
</UL>

<P><STRONG><a name="[80]"></a>usart_interrupt_enable</STRONG> (Thumb, 18 bytes, Stack size 0 bytes, gd32e23x_usart.o(.text.usart_interrupt_enable))
<BR><BR>[Called By]<UL><LI><a href="#[a1]">&gt;&gt;</a>&nbsp;&nbsp;&nbsp;flash_uart_protect_exit
<LI><a href="#[7a]">&gt;&gt;</a>&nbsp;&nbsp;&nbsp;bsp_uart_init
</UL>

<P><STRONG><a name="[c2]"></a>usart_interrupt_flag_get</STRONG> (Thumb, 30 bytes, Stack size 0 bytes, gd32e23x_usart.o(.text.usart_interrupt_flag_get))
<BR><BR>[Called By]<UL><LI><a href="#[5d]">&gt;&gt;</a>&nbsp;&nbsp;&nbsp;usart0_isr
</UL>

<P><STRONG><a name="[7f]"></a>usart_receive_config</STRONG> (Thumb, 16 bytes, Stack size 0 bytes, gd32e23x_usart.o(.text.usart_receive_config))
<BR><BR>[Called By]<UL><LI><a href="#[7a]">&gt;&gt;</a>&nbsp;&nbsp;&nbsp;bsp_uart_init
</UL>

<P><STRONG><a name="[7e]"></a>usart_transmit_config</STRONG> (Thumb, 16 bytes, Stack size 0 bytes, gd32e23x_usart.o(.text.usart_transmit_config))
<BR><BR>[Called By]<UL><LI><a href="#[7a]">&gt;&gt;</a>&nbsp;&nbsp;&nbsp;bsp_uart_init
</UL>

<P><STRONG><a name="[8a]"></a>write_se_data</STRONG> (Thumb, 156 bytes, Stack size 32 bytes, se_cmd.o(.text.write_se_data))
<BR><BR>[Stack]<UL><LI>Max Depth = 1000<LI>Call Chain = write_se_data &rArr; des3_ecb_encrypt &rArr; des3_set2key_enc &rArr; des3_set2key &rArr; des_setkey
</UL>
<BR>[Calls]<UL><LI><a href="#[b1]">&gt;&gt;</a>&nbsp;&nbsp;&nbsp;fm_memmove
<LI><a href="#[b2]">&gt;&gt;</a>&nbsp;&nbsp;&nbsp;fm_chk_result
<LI><a href="#[93]">&gt;&gt;</a>&nbsp;&nbsp;&nbsp;des3_ecb_encrypt
</UL>
<BR>[Called By]<UL><LI><a href="#[6e]">&gt;&gt;</a>&nbsp;&nbsp;&nbsp;crypto_chip_encrypt
</UL>

<P><STRONG><a name="[c6]"></a>__0printf$8</STRONG> (Thumb, 24 bytes, Stack size 24 bytes, printf8.o(i.__0printf$8), UNUSED)
<BR><BR>[Calls]<UL><LI><a href="#[c7]">&gt;&gt;</a>&nbsp;&nbsp;&nbsp;_printf_core
</UL>

<P><STRONG><a name="[d7]"></a>__1printf$8</STRONG> (Thumb, 0 bytes, Stack size 24 bytes, printf8.o(i.__0printf$8), UNUSED)

<P><STRONG><a name="[61]"></a>__2printf</STRONG> (Thumb, 0 bytes, Stack size 24 bytes, printf8.o(i.__0printf$8))
<BR><BR>[Stack]<UL><LI>Max Depth = 24<LI>Call Chain = __2printf
</UL>
<BR>[Called By]<UL><LI><a href="#[68]">&gt;&gt;</a>&nbsp;&nbsp;&nbsp;crypto_chip_init
<LI><a href="#[6e]">&gt;&gt;</a>&nbsp;&nbsp;&nbsp;crypto_chip_encrypt
<LI><a href="#[65]">&gt;&gt;</a>&nbsp;&nbsp;&nbsp;app_process_frame
<LI><a href="#[6f]">&gt;&gt;</a>&nbsp;&nbsp;&nbsp;app_upload_data
<LI><a href="#[63]">&gt;&gt;</a>&nbsp;&nbsp;&nbsp;app_handle_write_key
<LI><a href="#[5e]">&gt;&gt;</a>&nbsp;&nbsp;&nbsp;app_handle_query_uid
<LI><a href="#[22]">&gt;&gt;</a>&nbsp;&nbsp;&nbsp;main
<LI><a href="#[69]">&gt;&gt;</a>&nbsp;&nbsp;&nbsp;app_rfid_poll_task
</UL>

<P><STRONG><a name="[d8]"></a>__scatterload_copy</STRONG> (Thumb, 14 bytes, Stack size unknown bytes, handlers.o(i.__scatterload_copy), UNUSED)

<P><STRONG><a name="[d9]"></a>__scatterload_null</STRONG> (Thumb, 2 bytes, Stack size unknown bytes, handlers.o(i.__scatterload_null), UNUSED)

<P><STRONG><a name="[da]"></a>__scatterload_zeroinit</STRONG> (Thumb, 14 bytes, Stack size unknown bytes, handlers.o(i.__scatterload_zeroinit), UNUSED)

<P><STRONG><a name="[97]"></a>free</STRONG> (Thumb, 80 bytes, Stack size 8 bytes, malloc.o(i.free))
<BR><BR>[Stack]<UL><LI>Max Depth = 8<LI>Call Chain = free
</UL>
<BR>[Called By]<UL><LI><a href="#[93]">&gt;&gt;</a>&nbsp;&nbsp;&nbsp;des3_ecb_encrypt
</UL>

<P><STRONG><a name="[96]"></a>malloc</STRONG> (Thumb, 92 bytes, Stack size 20 bytes, malloc.o(i.malloc))
<BR><BR>[Stack]<UL><LI>Max Depth = 20<LI>Call Chain = malloc
</UL>
<BR>[Called By]<UL><LI><a href="#[93]">&gt;&gt;</a>&nbsp;&nbsp;&nbsp;des3_ecb_encrypt
</UL>

<P><STRONG><a name="[62]"></a>puts</STRONG> (Thumb, 28 bytes, Stack size 8 bytes, puts.o(i.puts))
<BR><BR>[Stack]<UL><LI>Max Depth = 24<LI>Call Chain = puts &rArr; fputc
</UL>
<BR>[Calls]<UL><LI><a href="#[25]">&gt;&gt;</a>&nbsp;&nbsp;&nbsp;fputc
</UL>
<BR>[Called By]<UL><LI><a href="#[68]">&gt;&gt;</a>&nbsp;&nbsp;&nbsp;crypto_chip_init
<LI><a href="#[6f]">&gt;&gt;</a>&nbsp;&nbsp;&nbsp;app_upload_data
<LI><a href="#[63]">&gt;&gt;</a>&nbsp;&nbsp;&nbsp;app_handle_write_key
<LI><a href="#[5e]">&gt;&gt;</a>&nbsp;&nbsp;&nbsp;app_handle_query_uid
<LI><a href="#[22]">&gt;&gt;</a>&nbsp;&nbsp;&nbsp;main
<LI><a href="#[70]">&gt;&gt;</a>&nbsp;&nbsp;&nbsp;app_uart_rx_task
<LI><a href="#[69]">&gt;&gt;</a>&nbsp;&nbsp;&nbsp;app_rfid_poll_task
<LI><a href="#[66]">&gt;&gt;</a>&nbsp;&nbsp;&nbsp;app_protocol_init
</UL>
<P>
<H3>
Local Symbols
</H3>
<P><STRONG><a name="[bd]"></a>__NVIC_EnableIRQ</STRONG> (Thumb, 24 bytes, Stack size 0 bytes, gd32e23x_misc.o(.text.__NVIC_EnableIRQ))
<BR><BR>[Called By]<UL><LI><a href="#[81]">&gt;&gt;</a>&nbsp;&nbsp;&nbsp;nvic_irq_enable
</UL>

<P><STRONG><a name="[bc]"></a>__NVIC_SetPriority</STRONG> (Thumb, 56 bytes, Stack size 0 bytes, gd32e23x_misc.o(.text.__NVIC_SetPriority))
<BR><BR>[Called By]<UL><LI><a href="#[81]">&gt;&gt;</a>&nbsp;&nbsp;&nbsp;nvic_irq_enable
</UL>

<P><STRONG><a name="[5a]"></a>_soft_delay_</STRONG> (Thumb, 34 bytes, Stack size 4 bytes, system_gd32e23x.o(.text._soft_delay_))
<BR><BR>[Stack]<UL><LI>Max Depth = 4<LI>Call Chain = _soft_delay_
</UL>
<BR>[Called By]<UL><LI><a href="#[23]">&gt;&gt;</a>&nbsp;&nbsp;&nbsp;SystemInit
</UL>

<P><STRONG><a name="[c0]"></a>system_clock_72m_hxtal</STRONG> (Thumb, 228 bytes, Stack size 28 bytes, system_gd32e23x.o(.text.system_clock_72m_hxtal))
<BR><BR>[Stack]<UL><LI>Max Depth = 28<LI>Call Chain = system_clock_72m_hxtal
</UL>
<BR>[Called By]<UL><LI><a href="#[5b]">&gt;&gt;</a>&nbsp;&nbsp;&nbsp;system_clock_config
</UL>

<P><STRONG><a name="[5b]"></a>system_clock_config</STRONG> (Thumb, 8 bytes, Stack size 8 bytes, system_gd32e23x.o(.text.system_clock_config))
<BR><BR>[Stack]<UL><LI>Max Depth = 36<LI>Call Chain = system_clock_config &rArr; system_clock_72m_hxtal
</UL>
<BR>[Calls]<UL><LI><a href="#[c0]">&gt;&gt;</a>&nbsp;&nbsp;&nbsp;system_clock_72m_hxtal
</UL>
<BR>[Called By]<UL><LI><a href="#[23]">&gt;&gt;</a>&nbsp;&nbsp;&nbsp;SystemInit
</UL>

<P><STRONG><a name="[58]"></a>SysTick_Config</STRONG> (Thumb, 32 bytes, Stack size 8 bytes, bsp_systick.o(.text.SysTick_Config))
<BR><BR>[Stack]<UL><LI>Max Depth = 8<LI>Call Chain = SysTick_Config
</UL>
<BR>[Calls]<UL><LI><a href="#[59]">&gt;&gt;</a>&nbsp;&nbsp;&nbsp;__NVIC_SetPriority
</UL>
<BR>[Called By]<UL><LI><a href="#[b7]">&gt;&gt;</a>&nbsp;&nbsp;&nbsp;systick_config
</UL>

<P><STRONG><a name="[59]"></a>__NVIC_SetPriority</STRONG> (Thumb, 20 bytes, Stack size 0 bytes, bsp_systick.o(.text.__NVIC_SetPriority))
<BR><BR>[Called By]<UL><LI><a href="#[58]">&gt;&gt;</a>&nbsp;&nbsp;&nbsp;SysTick_Config
<LI><a href="#[b7]">&gt;&gt;</a>&nbsp;&nbsp;&nbsp;systick_config
</UL>

<P><STRONG><a name="[b4]"></a>i2c_delay</STRONG> (Thumb, 22 bytes, Stack size 4 bytes, bsp_i2c.o(.text.i2c_delay))
<BR><BR>[Stack]<UL><LI>Max Depth = 4<LI>Call Chain = i2c_delay
</UL>
<BR>[Called By]<UL><LI><a href="#[4d]">&gt;&gt;</a>&nbsp;&nbsp;&nbsp;i2c_wait_ack
<LI><a href="#[4f]">&gt;&gt;</a>&nbsp;&nbsp;&nbsp;i2c_stop
<LI><a href="#[4b]">&gt;&gt;</a>&nbsp;&nbsp;&nbsp;i2c_start
<LI><a href="#[4c]">&gt;&gt;</a>&nbsp;&nbsp;&nbsp;i2c_send_byte
<LI><a href="#[4e]">&gt;&gt;</a>&nbsp;&nbsp;&nbsp;i2c_read_byte
<LI><a href="#[b3]">&gt;&gt;</a>&nbsp;&nbsp;&nbsp;i2c_bus_recovery
</UL>

<P><STRONG><a name="[43]"></a>FM17622_ClearBitMask</STRONG> (Thumb, 20 bytes, Stack size 8 bytes, bsp_fm17622.o(.text.FM17622_ClearBitMask))
<BR><BR>[Stack]<UL><LI>Max Depth = 68<LI>Call Chain = FM17622_ClearBitMask &rArr; FM17622_WriteReg &rArr; i2c_err_track &rArr; i2c_bus_recovery &rArr; i2c_stop &rArr; i2c_delay
</UL>
<BR>[Calls]<UL><LI><a href="#[44]">&gt;&gt;</a>&nbsp;&nbsp;&nbsp;FM17622_WriteReg
<LI><a href="#[40]">&gt;&gt;</a>&nbsp;&nbsp;&nbsp;FM17622_ReadReg
</UL>
<BR>[Called By]<UL><LI><a href="#[54]">&gt;&gt;</a>&nbsp;&nbsp;&nbsp;FM17622_Select
<LI><a href="#[53]">&gt;&gt;</a>&nbsp;&nbsp;&nbsp;FM17622_RequestA
<LI><a href="#[42]">&gt;&gt;</a>&nbsp;&nbsp;&nbsp;FM17622_Anticoll
<LI><a href="#[49]">&gt;&gt;</a>&nbsp;&nbsp;&nbsp;fm_transceive
</UL>

<P><STRONG><a name="[41]"></a>FM17622_SetBitMask</STRONG> (Thumb, 22 bytes, Stack size 16 bytes, bsp_fm17622.o(.text.FM17622_SetBitMask))
<BR><BR>[Stack]<UL><LI>Max Depth = 76<LI>Call Chain = FM17622_SetBitMask &rArr; FM17622_WriteReg &rArr; i2c_err_track &rArr; i2c_bus_recovery &rArr; i2c_stop &rArr; i2c_delay
</UL>
<BR>[Calls]<UL><LI><a href="#[44]">&gt;&gt;</a>&nbsp;&nbsp;&nbsp;FM17622_WriteReg
<LI><a href="#[40]">&gt;&gt;</a>&nbsp;&nbsp;&nbsp;FM17622_ReadReg
</UL>
<BR>[Called By]<UL><LI><a href="#[54]">&gt;&gt;</a>&nbsp;&nbsp;&nbsp;FM17622_Select
<LI><a href="#[53]">&gt;&gt;</a>&nbsp;&nbsp;&nbsp;FM17622_RequestA
<LI><a href="#[42]">&gt;&gt;</a>&nbsp;&nbsp;&nbsp;FM17622_Anticoll
<LI><a href="#[3f]">&gt;&gt;</a>&nbsp;&nbsp;&nbsp;FM17622_AntennaOn
<LI><a href="#[49]">&gt;&gt;</a>&nbsp;&nbsp;&nbsp;fm_transceive
</UL>

<P><STRONG><a name="[52]"></a>block_to_tag_data</STRONG> (Thumb, 144 bytes, Stack size 16 bytes, bsp_fm17622.o(.text.block_to_tag_data))
<BR><BR>[Stack]<UL><LI>Max Depth = 16<LI>Call Chain = block_to_tag_data
</UL>
<BR>[Calls]<UL><LI><a href="#[48]">&gt;&gt;</a>&nbsp;&nbsp;&nbsp;__aeabi_memcpy
</UL>
<BR>[Called By]<UL><LI><a href="#[51]">&gt;&gt;</a>&nbsp;&nbsp;&nbsp;FM17622_ReadTagData
</UL>

<P><STRONG><a name="[49]"></a>fm_transceive</STRONG> (Thumb, 176 bytes, Stack size 32 bytes, bsp_fm17622.o(.text.fm_transceive))
<BR><BR>[Stack]<UL><LI>Max Depth = 108<LI>Call Chain = fm_transceive &rArr; FM17622_SetBitMask &rArr; FM17622_WriteReg &rArr; i2c_err_track &rArr; i2c_bus_recovery &rArr; i2c_stop &rArr; i2c_delay
</UL>
<BR>[Calls]<UL><LI><a href="#[44]">&gt;&gt;</a>&nbsp;&nbsp;&nbsp;FM17622_WriteReg
<LI><a href="#[40]">&gt;&gt;</a>&nbsp;&nbsp;&nbsp;FM17622_ReadReg
<LI><a href="#[41]">&gt;&gt;</a>&nbsp;&nbsp;&nbsp;FM17622_SetBitMask
<LI><a href="#[43]">&gt;&gt;</a>&nbsp;&nbsp;&nbsp;FM17622_ClearBitMask
</UL>
<BR>[Called By]<UL><LI><a href="#[4a]">&gt;&gt;</a>&nbsp;&nbsp;&nbsp;FM17622_MifareReadBlock
<LI><a href="#[47]">&gt;&gt;</a>&nbsp;&nbsp;&nbsp;FM17622_MifareAuth
</UL>

<P><STRONG><a name="[50]"></a>i2c_err_track</STRONG> (Thumb, 32 bytes, Stack size 8 bytes, bsp_fm17622.o(.text.i2c_err_track))
<BR><BR>[Stack]<UL><LI>Max Depth = 44<LI>Call Chain = i2c_err_track &rArr; i2c_bus_recovery &rArr; i2c_stop &rArr; i2c_delay
</UL>
<BR>[Calls]<UL><LI><a href="#[b3]">&gt;&gt;</a>&nbsp;&nbsp;&nbsp;i2c_bus_recovery
</UL>
<BR>[Called By]<UL><LI><a href="#[44]">&gt;&gt;</a>&nbsp;&nbsp;&nbsp;FM17622_WriteReg
<LI><a href="#[40]">&gt;&gt;</a>&nbsp;&nbsp;&nbsp;FM17622_ReadReg
</UL>

<P><STRONG><a name="[5e]"></a>app_handle_query_uid</STRONG> (Thumb, 72 bytes, Stack size 32 bytes, app_protocol.o(.text.app_handle_query_uid))
<BR><BR>[Stack]<UL><LI>Max Depth = 68<LI>Call Chain = app_handle_query_uid &rArr; Pack_Data_Frame &rArr; Calculate_CRC16_Modbus
</UL>
<BR>[Calls]<UL><LI><a href="#[60]">&gt;&gt;</a>&nbsp;&nbsp;&nbsp;uart_send_data
<LI><a href="#[56]">&gt;&gt;</a>&nbsp;&nbsp;&nbsp;Pack_Data_Frame
<LI><a href="#[5f]">&gt;&gt;</a>&nbsp;&nbsp;&nbsp;uid_read
<LI><a href="#[61]">&gt;&gt;</a>&nbsp;&nbsp;&nbsp;__2printf
<LI><a href="#[62]">&gt;&gt;</a>&nbsp;&nbsp;&nbsp;puts
</UL>
<BR>[Called By]<UL><LI><a href="#[65]">&gt;&gt;</a>&nbsp;&nbsp;&nbsp;app_process_frame
</UL>

<P><STRONG><a name="[63]"></a>app_handle_write_key</STRONG> (Thumb, 64 bytes, Stack size 16 bytes, app_protocol.o(.text.app_handle_write_key))
<BR><BR>[Stack]<UL><LI>Max Depth = 96<LI>Call Chain = app_handle_write_key &rArr; flash_key_write &rArr; fmc_word_program &rArr; fmc_ready_wait
</UL>
<BR>[Calls]<UL><LI><a href="#[60]">&gt;&gt;</a>&nbsp;&nbsp;&nbsp;uart_send_data
<LI><a href="#[64]">&gt;&gt;</a>&nbsp;&nbsp;&nbsp;flash_key_write
<LI><a href="#[56]">&gt;&gt;</a>&nbsp;&nbsp;&nbsp;Pack_Data_Frame
<LI><a href="#[61]">&gt;&gt;</a>&nbsp;&nbsp;&nbsp;__2printf
<LI><a href="#[62]">&gt;&gt;</a>&nbsp;&nbsp;&nbsp;puts
</UL>
<BR>[Called By]<UL><LI><a href="#[65]">&gt;&gt;</a>&nbsp;&nbsp;&nbsp;app_process_frame
</UL>

<P><STRONG><a name="[6f]"></a>app_upload_data</STRONG> (Thumb, 96 bytes, Stack size 24 bytes, app_protocol.o(.text.app_upload_data))
<BR><BR>[Stack]<UL><LI>Max Depth = 60<LI>Call Chain = app_upload_data &rArr; Pack_Data_Frame &rArr; Calculate_CRC16_Modbus
</UL>
<BR>[Calls]<UL><LI><a href="#[60]">&gt;&gt;</a>&nbsp;&nbsp;&nbsp;uart_send_data
<LI><a href="#[56]">&gt;&gt;</a>&nbsp;&nbsp;&nbsp;Pack_Data_Frame
<LI><a href="#[61]">&gt;&gt;</a>&nbsp;&nbsp;&nbsp;__2printf
<LI><a href="#[62]">&gt;&gt;</a>&nbsp;&nbsp;&nbsp;puts
</UL>
<BR>[Called By]<UL><LI><a href="#[69]">&gt;&gt;</a>&nbsp;&nbsp;&nbsp;app_rfid_poll_task
</UL>

<P><STRONG><a name="[9c]"></a>flash_uart_protect_enter</STRONG> (Thumb, 12 bytes, Stack size 8 bytes, bsp_flash.o(.text.flash_uart_protect_enter))
<BR><BR>[Stack]<UL><LI>Max Depth = 8<LI>Call Chain = flash_uart_protect_enter
</UL>
<BR>[Calls]<UL><LI><a href="#[a4]">&gt;&gt;</a>&nbsp;&nbsp;&nbsp;usart_interrupt_disable
</UL>
<BR>[Called By]<UL><LI><a href="#[64]">&gt;&gt;</a>&nbsp;&nbsp;&nbsp;flash_key_write
</UL>

<P><STRONG><a name="[a1]"></a>flash_uart_protect_exit</STRONG> (Thumb, 76 bytes, Stack size 16 bytes, bsp_flash.o(.text.flash_uart_protect_exit))
<BR><BR>[Stack]<UL><LI>Max Depth = 16<LI>Call Chain = flash_uart_protect_exit
</UL>
<BR>[Calls]<UL><LI><a href="#[a8]">&gt;&gt;</a>&nbsp;&nbsp;&nbsp;uart_rx_flush
<LI><a href="#[80]">&gt;&gt;</a>&nbsp;&nbsp;&nbsp;usart_interrupt_enable
<LI><a href="#[a5]">&gt;&gt;</a>&nbsp;&nbsp;&nbsp;usart_flag_get
<LI><a href="#[a7]">&gt;&gt;</a>&nbsp;&nbsp;&nbsp;usart_flag_clear
<LI><a href="#[a6]">&gt;&gt;</a>&nbsp;&nbsp;&nbsp;usart_data_receive
</UL>
<BR>[Called By]<UL><LI><a href="#[64]">&gt;&gt;</a>&nbsp;&nbsp;&nbsp;flash_key_write
</UL>

<P><STRONG><a name="[99]"></a>des3_set2key</STRONG> (Thumb, 146 bytes, Stack size 56 bytes, des.o(.text.des3_set2key))
<BR><BR>[Stack]<UL><LI>Max Depth = 160<LI>Call Chain = des3_set2key &rArr; des_setkey
</UL>
<BR>[Calls]<UL><LI><a href="#[9a]">&gt;&gt;</a>&nbsp;&nbsp;&nbsp;des_setkey
</UL>
<BR>[Called By]<UL><LI><a href="#[94]">&gt;&gt;</a>&nbsp;&nbsp;&nbsp;des3_set2key_enc
<LI><a href="#[8f]">&gt;&gt;</a>&nbsp;&nbsp;&nbsp;des3_set2key_dec
</UL>

<P><STRONG><a name="[9b]"></a>des3_set3key</STRONG> (Thumb, 152 bytes, Stack size 48 bytes, des.o(.text.des3_set3key))
<BR><BR>[Stack]<UL><LI>Max Depth = 152<LI>Call Chain = des3_set3key &rArr; des_setkey
</UL>
<BR>[Calls]<UL><LI><a href="#[9a]">&gt;&gt;</a>&nbsp;&nbsp;&nbsp;des_setkey
</UL>
<BR>[Called By]<UL><LI><a href="#[95]">&gt;&gt;</a>&nbsp;&nbsp;&nbsp;des3_set3key_enc
<LI><a href="#[90]">&gt;&gt;</a>&nbsp;&nbsp;&nbsp;des3_set3key_dec
</UL>

<P><STRONG><a name="[98]"></a>zeroize</STRONG> (Thumb, 14 bytes, Stack size 0 bytes, des.o(.text.zeroize))
<BR><BR>[Called By]<UL><LI><a href="#[95]">&gt;&gt;</a>&nbsp;&nbsp;&nbsp;des3_set3key_enc
<LI><a href="#[90]">&gt;&gt;</a>&nbsp;&nbsp;&nbsp;des3_set3key_dec
<LI><a href="#[94]">&gt;&gt;</a>&nbsp;&nbsp;&nbsp;des3_set2key_enc
<LI><a href="#[8f]">&gt;&gt;</a>&nbsp;&nbsp;&nbsp;des3_set2key_dec
<LI><a href="#[92]">&gt;&gt;</a>&nbsp;&nbsp;&nbsp;des3_free
</UL>

<P><STRONG><a name="[2f]"></a>fmse_i2c_init</STRONG> (Thumb, 2 bytes, Stack size 0 bytes, fmse_port.o(.text.fmse_i2c_init))
<BR>[Address Reference Count : 1]<UL><LI> fmse_port.o(.data.gusr_i2c_drv)
</UL>
<P><STRONG><a name="[33]"></a>fmse_i2c_recv_char</STRONG> (Thumb, 10 bytes, Stack size 8 bytes, fmse_port.o(.text.fmse_i2c_recv_char))
<BR><BR>[Stack]<UL><LI>Max Depth = 52<LI>Call Chain = fmse_i2c_recv_char &rArr; i2c_read_byte &rArr; i2c_delay
</UL>
<BR>[Calls]<UL><LI><a href="#[4e]">&gt;&gt;</a>&nbsp;&nbsp;&nbsp;i2c_read_byte
</UL>
<BR>[Address Reference Count : 1]<UL><LI> fmse_port.o(.data.gusr_i2c_drv)
</UL>
<P><STRONG><a name="[35]"></a>fmse_i2c_recv_char_nak</STRONG> (Thumb, 10 bytes, Stack size 8 bytes, fmse_port.o(.text.fmse_i2c_recv_char_nak))
<BR><BR>[Stack]<UL><LI>Max Depth = 52<LI>Call Chain = fmse_i2c_recv_char_nak &rArr; i2c_read_byte &rArr; i2c_delay
</UL>
<BR>[Calls]<UL><LI><a href="#[4e]">&gt;&gt;</a>&nbsp;&nbsp;&nbsp;i2c_read_byte
</UL>
<BR>[Address Reference Count : 1]<UL><LI> fmse_port.o(.data.gusr_i2c_drv)
</UL>
<P><STRONG><a name="[34]"></a>fmse_i2c_send_addr</STRONG> (Thumb, 12 bytes, Stack size 8 bytes, fmse_port.o(.text.fmse_i2c_send_addr))
<BR><BR>[Stack]<UL><LI>Max Depth = 44<LI>Call Chain = fmse_i2c_send_addr &rArr; i2c_wait_ack &rArr; i2c_stop &rArr; i2c_delay
</UL>
<BR>[Calls]<UL><LI><a href="#[4d]">&gt;&gt;</a>&nbsp;&nbsp;&nbsp;i2c_wait_ack
<LI><a href="#[4c]">&gt;&gt;</a>&nbsp;&nbsp;&nbsp;i2c_send_byte
</UL>
<BR>[Address Reference Count : 1]<UL><LI> fmse_port.o(.data.gusr_i2c_drv)
</UL>
<P><STRONG><a name="[32]"></a>fmse_i2c_send_char</STRONG> (Thumb, 12 bytes, Stack size 8 bytes, fmse_port.o(.text.fmse_i2c_send_char))
<BR><BR>[Stack]<UL><LI>Max Depth = 44<LI>Call Chain = fmse_i2c_send_char &rArr; i2c_wait_ack &rArr; i2c_stop &rArr; i2c_delay
</UL>
<BR>[Calls]<UL><LI><a href="#[4d]">&gt;&gt;</a>&nbsp;&nbsp;&nbsp;i2c_wait_ack
<LI><a href="#[4c]">&gt;&gt;</a>&nbsp;&nbsp;&nbsp;i2c_send_byte
</UL>
<BR>[Address Reference Count : 1]<UL><LI> fmse_port.o(.data.gusr_i2c_drv)
</UL>
<P><STRONG><a name="[30]"></a>fmse_i2c_start</STRONG> (Thumb, 8 bytes, Stack size 8 bytes, fmse_port.o(.text.fmse_i2c_start))
<BR><BR>[Stack]<UL><LI>Max Depth = 28<LI>Call Chain = fmse_i2c_start &rArr; i2c_start &rArr; i2c_delay
</UL>
<BR>[Calls]<UL><LI><a href="#[4b]">&gt;&gt;</a>&nbsp;&nbsp;&nbsp;i2c_start
</UL>
<BR>[Address Reference Count : 1]<UL><LI> fmse_port.o(.data.gusr_i2c_drv)
</UL>
<P><STRONG><a name="[31]"></a>fmse_i2c_stop</STRONG> (Thumb, 8 bytes, Stack size 8 bytes, fmse_port.o(.text.fmse_i2c_stop))
<BR><BR>[Stack]<UL><LI>Max Depth = 28<LI>Call Chain = fmse_i2c_stop &rArr; i2c_stop &rArr; i2c_delay
</UL>
<BR>[Calls]<UL><LI><a href="#[4f]">&gt;&gt;</a>&nbsp;&nbsp;&nbsp;i2c_stop
</UL>
<BR>[Address Reference Count : 1]<UL><LI> fmse_port.o(.data.gusr_i2c_drv)
</UL>
<P><STRONG><a name="[2e]"></a>fmse_power_off</STRONG> (Thumb, 10 bytes, Stack size 8 bytes, fmse_port.o(.text.fmse_power_off))
<BR><BR>[Stack]<UL><LI>Max Depth = 8<LI>Call Chain = fmse_power_off
</UL>
<BR>[Calls]<UL><LI><a href="#[ad]">&gt;&gt;</a>&nbsp;&nbsp;&nbsp;delay_ms
</UL>
<BR>[Address Reference Count : 1]<UL><LI> fmse_port.o(.data.gusr_i2c_drv)
</UL>
<P><STRONG><a name="[2d]"></a>fmse_power_on</STRONG> (Thumb, 10 bytes, Stack size 8 bytes, fmse_port.o(.text.fmse_power_on))
<BR><BR>[Stack]<UL><LI>Max Depth = 8<LI>Call Chain = fmse_power_on
</UL>
<BR>[Calls]<UL><LI><a href="#[ad]">&gt;&gt;</a>&nbsp;&nbsp;&nbsp;delay_ms
</UL>
<BR>[Address Reference Count : 1]<UL><LI> fmse_port.o(.data.gusr_i2c_drv)
</UL>
<P><STRONG><a name="[ac]"></a>fmse_check_timeout</STRONG> (Thumb, 20 bytes, Stack size 0 bytes, fmse_i2c.o(.text.fmse_check_timeout))
<BR><BR>[Called By]<UL><LI><a href="#[2b]">&gt;&gt;</a>&nbsp;&nbsp;&nbsp;fm_i2c_transceive
<LI><a href="#[2a]">&gt;&gt;</a>&nbsp;&nbsp;&nbsp;fm_i2c_get_atr
</UL>

<P><STRONG><a name="[aa]"></a>fmse_init_timeout_ms</STRONG> (Thumb, 12 bytes, Stack size 0 bytes, fmse_i2c.o(.text.fmse_init_timeout_ms))
<BR><BR>[Called By]<UL><LI><a href="#[2b]">&gt;&gt;</a>&nbsp;&nbsp;&nbsp;fm_i2c_transceive
<LI><a href="#[2a]">&gt;&gt;</a>&nbsp;&nbsp;&nbsp;fm_i2c_get_atr
</UL>

<P><STRONG><a name="[c7]"></a>_printf_core</STRONG> (Thumb, 1020 bytes, Stack size 104 bytes, printf8.o(i._printf_core), UNUSED)
<BR><BR>[Calls]<UL><LI><a href="#[c8]">&gt;&gt;</a>&nbsp;&nbsp;&nbsp;_printf_pre_padding
<LI><a href="#[c9]">&gt;&gt;</a>&nbsp;&nbsp;&nbsp;_printf_post_padding
<LI><a href="#[3b]">&gt;&gt;</a>&nbsp;&nbsp;&nbsp;__aeabi_uldivmod
</UL>
<BR>[Called By]<UL><LI><a href="#[c6]">&gt;&gt;</a>&nbsp;&nbsp;&nbsp;__0printf$8
</UL>

<P><STRONG><a name="[c9]"></a>_printf_post_padding</STRONG> (Thumb, 32 bytes, Stack size 24 bytes, printf8.o(i._printf_post_padding), UNUSED)
<BR><BR>[Called By]<UL><LI><a href="#[c7]">&gt;&gt;</a>&nbsp;&nbsp;&nbsp;_printf_core
</UL>

<P><STRONG><a name="[c8]"></a>_printf_pre_padding</STRONG> (Thumb, 44 bytes, Stack size 40 bytes, printf8.o(i._printf_pre_padding), UNUSED)
<BR><BR>[Called By]<UL><LI><a href="#[c7]">&gt;&gt;</a>&nbsp;&nbsp;&nbsp;_printf_core
</UL>
<P>
<H3>
Undefined Global Symbols
</H3><HR></body></html>
