Component: ARM Compiler 6.16 Tool: armlink [5dfeaa00]

==============================================================================

Section Cross References

    startup_gd32e23x.o(RESET) refers to startup_gd32e23x.o(STACK) for __initial_sp
    startup_gd32e23x.o(RESET) refers to startup_gd32e23x.o(.text) for Reset_Handler
    startup_gd32e23x.o(RESET) refers to gd32e23x_it.o(.text.NMI_Handler) for NMI_Handler
    startup_gd32e23x.o(RESET) refers to gd32e23x_it.o(.text.HardFault_Handler) for HardFault_Handler
    startup_gd32e23x.o(RESET) refers to gd32e23x_it.o(.text.SVC_Handler) for SVC_Handler
    startup_gd32e23x.o(RESET) refers to gd32e23x_it.o(.text.PendSV_Handler) for PendSV_Handler
    startup_gd32e23x.o(RESET) refers to bsp_systick.o(.text.SysTick_Handler) for SysTick_Handler
    startup_gd32e23x.o(RESET) refers to gd32e23x_it.o(.text.USART0_IRQHandler) for USART0_IRQHandler
    startup_gd32e23x.o(.text) refers to system_gd32e23x.o(.text.SystemInit) for SystemInit
    startup_gd32e23x.o(.text) refers to entry.o(.ARM.Collect$$$$00000000) for __main
    gd32e23x_adc.o(.text.adc_deinit) refers to gd32e23x_rcu.o(.text.rcu_periph_reset_enable) for rcu_periph_reset_enable
    gd32e23x_adc.o(.text.adc_deinit) refers to gd32e23x_rcu.o(.text.rcu_periph_reset_disable) for rcu_periph_reset_disable
    gd32e23x_adc.o(.ARM.exidx.text.adc_deinit) refers to gd32e23x_adc.o(.text.adc_deinit) for [Anonymous Symbol]
    gd32e23x_adc.o(.ARM.exidx.text.adc_enable) refers to gd32e23x_adc.o(.text.adc_enable) for [Anonymous Symbol]
    gd32e23x_adc.o(.ARM.exidx.text.adc_disable) refers to gd32e23x_adc.o(.text.adc_disable) for [Anonymous Symbol]
    gd32e23x_adc.o(.ARM.exidx.text.adc_calibration_enable) refers to gd32e23x_adc.o(.text.adc_calibration_enable) for [Anonymous Symbol]
    gd32e23x_adc.o(.ARM.exidx.text.adc_dma_mode_enable) refers to gd32e23x_adc.o(.text.adc_dma_mode_enable) for [Anonymous Symbol]
    gd32e23x_adc.o(.ARM.exidx.text.adc_dma_mode_disable) refers to gd32e23x_adc.o(.text.adc_dma_mode_disable) for [Anonymous Symbol]
    gd32e23x_adc.o(.ARM.exidx.text.adc_tempsensor_vrefint_enable) refers to gd32e23x_adc.o(.text.adc_tempsensor_vrefint_enable) for [Anonymous Symbol]
    gd32e23x_adc.o(.ARM.exidx.text.adc_tempsensor_vrefint_disable) refers to gd32e23x_adc.o(.text.adc_tempsensor_vrefint_disable) for [Anonymous Symbol]
    gd32e23x_adc.o(.ARM.exidx.text.adc_discontinuous_mode_config) refers to gd32e23x_adc.o(.text.adc_discontinuous_mode_config) for [Anonymous Symbol]
    gd32e23x_adc.o(.ARM.exidx.text.adc_special_function_config) refers to gd32e23x_adc.o(.text.adc_special_function_config) for [Anonymous Symbol]
    gd32e23x_adc.o(.ARM.exidx.text.adc_data_alignment_config) refers to gd32e23x_adc.o(.text.adc_data_alignment_config) for [Anonymous Symbol]
    gd32e23x_adc.o(.ARM.exidx.text.adc_channel_length_config) refers to gd32e23x_adc.o(.text.adc_channel_length_config) for [Anonymous Symbol]
    gd32e23x_adc.o(.ARM.exidx.text.adc_regular_channel_config) refers to gd32e23x_adc.o(.text.adc_regular_channel_config) for [Anonymous Symbol]
    gd32e23x_adc.o(.ARM.exidx.text.adc_inserted_channel_config) refers to gd32e23x_adc.o(.text.adc_inserted_channel_config) for [Anonymous Symbol]
    gd32e23x_adc.o(.ARM.exidx.text.adc_inserted_channel_offset_config) refers to gd32e23x_adc.o(.text.adc_inserted_channel_offset_config) for [Anonymous Symbol]
    gd32e23x_adc.o(.ARM.exidx.text.adc_external_trigger_config) refers to gd32e23x_adc.o(.text.adc_external_trigger_config) for [Anonymous Symbol]
    gd32e23x_adc.o(.ARM.exidx.text.adc_external_trigger_source_config) refers to gd32e23x_adc.o(.text.adc_external_trigger_source_config) for [Anonymous Symbol]
    gd32e23x_adc.o(.ARM.exidx.text.adc_software_trigger_enable) refers to gd32e23x_adc.o(.text.adc_software_trigger_enable) for [Anonymous Symbol]
    gd32e23x_adc.o(.ARM.exidx.text.adc_regular_data_read) refers to gd32e23x_adc.o(.text.adc_regular_data_read) for [Anonymous Symbol]
    gd32e23x_adc.o(.ARM.exidx.text.adc_inserted_data_read) refers to gd32e23x_adc.o(.text.adc_inserted_data_read) for [Anonymous Symbol]
    gd32e23x_adc.o(.ARM.exidx.text.adc_flag_get) refers to gd32e23x_adc.o(.text.adc_flag_get) for [Anonymous Symbol]
    gd32e23x_adc.o(.ARM.exidx.text.adc_flag_clear) refers to gd32e23x_adc.o(.text.adc_flag_clear) for [Anonymous Symbol]
    gd32e23x_adc.o(.ARM.exidx.text.adc_interrupt_flag_get) refers to gd32e23x_adc.o(.text.adc_interrupt_flag_get) for [Anonymous Symbol]
    gd32e23x_adc.o(.ARM.exidx.text.adc_interrupt_flag_clear) refers to gd32e23x_adc.o(.text.adc_interrupt_flag_clear) for [Anonymous Symbol]
    gd32e23x_adc.o(.ARM.exidx.text.adc_interrupt_enable) refers to gd32e23x_adc.o(.text.adc_interrupt_enable) for [Anonymous Symbol]
    gd32e23x_adc.o(.ARM.exidx.text.adc_interrupt_disable) refers to gd32e23x_adc.o(.text.adc_interrupt_disable) for [Anonymous Symbol]
[...]
    __arm_cp.0_4                             0x080012f0   Number         4  bsp_crypto.o(.text.crypto_chip_init)
    __arm_cp.0_5                             0x080012f4   Number         4  bsp_crypto.o(.text.crypto_chip_init)
    __arm_cp.0_7                             0x08001324   Number         4  bsp_crypto.o(.text.crypto_chip_init)
    [Anonymous Symbol]                       0x08001328   Section        0  bsp_systick.o(.text.delay_ms)
    __arm_cp.3_0                             0x08001334   Number         4  bsp_systick.o(.text.delay_ms)
    [Anonymous Symbol]                       0x08001338   Section        0  des.o(.text.des3_crypt_ecb)
    __arm_cp.17_0                            0x080016b8   Number         4  des.o(.text.des3_crypt_ecb)
    __arm_cp.17_1                            0x080016bc   Number         4  des.o(.text.des3_crypt_ecb)
    __arm_cp.17_2                            0x080016c0   Number         4  des.o(.text.des3_crypt_ecb)
    __arm_cp.17_3                            0x080016c4   Number         4  des.o(.text.des3_crypt_ecb)
    __arm_cp.17_4                            0x080016c8   Number         4  des.o(.text.des3_crypt_ecb)
    __arm_cp.17_5                            0x080016cc   Number         4  des.o(.text.des3_crypt_ecb)
    __arm_cp.17_6                            0x080016d0   Number         4  des.o(.text.des3_crypt_ecb)
    __arm_cp.17_7                            0x080016d4   Number         4  des.o(.text.des3_crypt_ecb)
    __arm_cp.17_8                            0x080016d8   Number         4  des.o(.text.des3_crypt_ecb)
    __arm_cp.17_9                            0x080016dc   Number         4  des.o(.text.des3_crypt_ecb)
    __arm_cp.17_10                           0x080016e0   Number         4  des.o(.text.des3_crypt_ecb)
    __arm_cp.17_11                           0x080016e4   Number         4  des.o(.text.des3_crypt_ecb)
    [Anonymous Symbol]                       0x080016e8   Section        0  des.o(.text.des3_ecb_decrypt)
    [Anonymous Symbol]                       0x0800173a   Section        0  des.o(.text.des3_ecb_encrypt)
    [Anonymous Symbol]                       0x080017de   Section        0  des.o(.text.des3_free)
    des3_set2key                             0x080017ed   Thumb Code   146  des.o(.text.des3_set2key)
    [Anonymous Symbol]                       0x080017ec   Section        0  des.o(.text.des3_set2key)
    [Anonymous Symbol]                       0x0800187e   Section        0  des.o(.text.des3_set2key_dec)
    [Anonymous Symbol]                       0x0800189e   Section        0  des.o(.text.des3_set2key_enc)
    des3_set3key                             0x080018bd   Thumb Code   152  des.o(.text.des3_set3key)
    [Anonymous Symbol]                       0x080018bc   Section        0  des.o(.text.des3_set3key)
    [Anonymous Symbol]                       0x08001954   Section        0  des.o(.text.des3_set3key_dec)
    [Anonymous Symbol]                       0x08001974   Section        0  des.o(.text.des3_set3key_enc)
    [Anonymous Symbol]                       0x08001994   Section        0  des.o(.text.des_setkey)
    __arm_cp.6_0                             0x08001cb4   Number         4  des.o(.text.des_setkey)
    __arm_cp.6_1                             0x08001cb8   Number         4  des.o(.text.des_setkey)
    __arm_cp.6_2                             0x08001cbc   Number         4  des.o(.text.des_setkey)
    __arm_cp.6_3                             0x08001cc0   Number         4  des.o(.text.des_setkey)
    __arm_cp.6_4                             0x08001cc4   Number         4  des.o(.text.des_setkey)
    __arm_cp.6_5                             0x08001cc8   Number         4  des.o(.text.des_setkey)
    __arm_cp.6_6                             0x08001ccc   Number         4  des.o(.text.des_setkey)
    [Anonymous Symbol]                       0x08001cd0   Section        0  bsp_flash.o(.text.flash_key_is_stored)
    __arm_cp.0_1                             0x08001ce0   Number         4  bsp_flash.o(.text.flash_key_is_stored)
    [Anonymous Symbol]                       0x08001ce4   Section        0  bsp_flash.o(.text.flash_key_read)
    __arm_cp.1_0                             0x08001d14   Number         4  bsp_flash.o(.text.flash_key_read)
    [Anonymous Symbol]                       0x08001d18   Section        0  bsp_flash.o(.text.flash_key_write)
    __arm_cp.2_0                             0x08001dc4   Number         4  bsp_flash.o(.text.flash_key_write)
    __arm_cp.2_1                             0x08001dc8   Number         4  bsp_flash.o(.text.flash_key_write)
    flash_uart_protect_enter                 0x08001dcd   Thumb Code    12  bsp_flash.o(.text.flash_uart_protect_enter)
    [Anonymous Symbol]                       0x08001dcc   Section        0  bsp_flash.o(.text.flash_uart_protect_enter)
    flash_uart_protect_exit                  0x08001dd9   Thumb Code    76  bsp_flash.o(.text.flash_uart_protect_exit)
    [Anonymous Symbol]                       0x08001dd8   Section        0  bsp_flash.o(.text.flash_uart_protect_exit)
    __arm_cp.4_0                             0x08001e24   Number         4  bsp_flash.o(.text.flash_uart_protect_exit)
    [Anonymous Symbol]                       0x08001e28   Section        0  se_cmd.o(.text.fm_chk_result)
    __arm_cp.6_0                             0x08001e9c   Number         4  se_cmd.o(.text.fm_chk_result)
    [Anonymous Symbol]                       0x08001ea0   Section        0  fmse_i2c.o(.text.fm_i2c_close_device)
    [Anonymous Symbol]                       0x08001eb4   Section        0  fmse_i2c.o(.text.fm_i2c_dev_init)
    [Anonymous Symbol]                       0x08001ec4   Section        0  fmse_i2c.o(.text.fm_i2c_drv_reg)
    [Anonymous Symbol]                       0x08001ecc   Section        0  fmse_i2c.o(.text.fm_i2c_drv_unreg)
    [Anonymous Symbol]                       0x08001ed4   Section        0  fmse_i2c.o(.text.fm_i2c_get_atr)
    [Anonymous Symbol]                       0x08001f0c   Section        0  fmse_i2c.o(.text.fm_i2c_open_device)
    [Anonymous Symbol]                       0x08001f20   Section        0  fmse_i2c.o(.text.fm_i2c_recv_frame)
    __arm_cp.6_2                             0x08001ff4   Number         4  fmse_i2c.o(.text.fm_i2c_recv_frame)
    [Anonymous Symbol]                       0x08001ff8   Section        0  fmse_i2c.o(.text.fm_i2c_send_frame)
    __arm_cp.5_0                             0x08002090   Number         4  fmse_i2c.o(.text.fm_i2c_send_frame)
    __arm_cp.5_1                             0x08002094   Number         4  fmse_i2c.o(.text.fm_i2c_send_frame)
    [Anonymous Symbol]                       0x08002098   Section        0  fmse_i2c.o(.text.fm_i2c_transceive)
    [Anonymous Symbol]                       0x080020e8   Section        0  se_cmd.o(.text.fm_memmove)
    [Anonymous Symbol]                       0x08002120   Section        0  se_cmd.o(.text.fm_se_register)
    __arm_cp.4_0                             0x08002138   Number         4  se_cmd.o(.text.fm_se_register)
    __arm_cp.4_1                             0x0800213c   Number         4  se_cmd.o(.text.fm_se_register)
    fm_transceive                            0x08002141   Thumb Code   176  bsp_fm17622.o(.text.fm_transceive)
    [Anonymous Symbol]                       0x08002140   Section        0  bsp_fm17622.o(.text.fm_transceive)
    __arm_cp.12_0                            0x080021f0   Number         4  bsp_fm17622.o(.text.fm_transceive)
    [Anonymous Symbol]                       0x080021f4   Section        0  gd32e23x_fmc.o(.text.fmc_flag_clear)
    [Anonymous Symbol]                       0x080021fc   Section        0  gd32e23x_fmc.o(.text.fmc_lock)
    [Anonymous Symbol]                       0x08002208   Section        0  gd32e23x_fmc.o(.text.fmc_page_erase)
    [Anonymous Symbol]                       0x08002244   Section        0  gd32e23x_fmc.o(.text.fmc_ready_wait)
    [Anonymous Symbol]                       0x08002264   Section        0  gd32e23x_fmc.o(.text.fmc_state_get)
    __arm_cp.29_0                            0x08002284   Number         4  gd32e23x_fmc.o(.text.fmc_state_get)
    [Anonymous Symbol]                       0x08002288   Section        0  gd32e23x_fmc.o(.text.fmc_unlock)
    __arm_cp.0_0                             0x0800229c   Number         4  gd32e23x_fmc.o(.text.fmc_unlock)
    __arm_cp.0_1                             0x080022a0   Number         4  gd32e23x_fmc.o(.text.fmc_unlock)
    __arm_cp.0_2                             0x080022a4   Number         4  gd32e23x_fmc.o(.text.fmc_unlock)
    [Anonymous Symbol]                       0x080022a8   Section        0  gd32e23x_fmc.o(.text.fmc_word_program)
    __arm_cp.9_0                             0x080022e0   Number         4  gd32e23x_fmc.o(.text.fmc_word_program)
    fmse_check_timeout                       0x080022e5   Thumb Code    20  fmse_i2c.o(.text.fmse_check_timeout)
    [Anonymous Symbol]                       0x080022e4   Section        0  fmse_i2c.o(.text.fmse_check_timeout)
    fmse_i2c_init                            0x080022f9   Thumb Code     2  fmse_port.o(.text.fmse_i2c_init)
    [Anonymous Symbol]                       0x080022f8   Section        0  fmse_port.o(.text.fmse_i2c_init)
    fmse_i2c_recv_char                       0x080022fb   Thumb Code    10  fmse_port.o(.text.fmse_i2c_recv_char)
    [Anonymous Symbol]                       0x080022fa   Section        0  fmse_port.o(.text.fmse_i2c_recv_char)
    fmse_i2c_recv_char_nak                   0x08002305   Thumb Code    10  fmse_port.o(.text.fmse_i2c_recv_char_nak)
    [Anonymous Symbol]                       0x08002304   Section        0  fmse_port.o(.text.fmse_i2c_recv_char_nak)
    fmse_i2c_send_addr                       0x0800230f   Thumb Code    12  fmse_port.o(.text.fmse_i2c_send_addr)
    [Anonymous Symbol]                       0x0800230e   Section        0  fmse_port.o(.text.fmse_i2c_send_addr)
    fmse_i2c_send_char                       0x0800231b   Thumb Code    12  fmse_port.o(.text.fmse_i2c_send_char)
    [Anonymous Symbol]                       0x0800231a   Section        0  fmse_port.o(.text.fmse_i2c_send_char)
    fmse_i2c_start                           0x08002327   Thumb Code     8  fmse_port.o(.text.fmse_i2c_start)
    [Anonymous Symbol]                       0x08002326   Section        0  fmse_port.o(.text.fmse_i2c_start)
    fmse_i2c_stop                            0x0800232f   Thumb Code     8  fmse_port.o(.text.fmse_i2c_stop)
    [Anonymous Symbol]                       0x0800232e   Section        0  fmse_port.o(.text.fmse_i2c_stop)
    fmse_init_timeout_ms                     0x08002339   Thumb Code    12  fmse_i2c.o(.text.fmse_init_timeout_ms)
    [Anonymous Symbol]                       0x08002338   Section        0  fmse_i2c.o(.text.fmse_init_timeout_ms)
    __arm_cp.8_0                             0x08002344   Number         4  fmse_i2c.o(.text.fmse_init_timeout_ms)
    __arm_cp.8_1                             0x08002348   Number         4  fmse_i2c.o(.text.fmse_init_timeout_ms)
    fmse_power_off                           0x0800234d   Thumb Code    10  fmse_port.o(.text.fmse_power_off)
    [Anonymous Symbol]                       0x0800234c   Section        0  fmse_port.o(.text.fmse_power_off)
    fmse_power_on                            0x08002357   Thumb Code    10  fmse_port.o(.text.fmse_power_on)
    [Anonymous Symbol]                       0x08002356   Section        0  fmse_port.o(.text.fmse_power_on)
    [Anonymous Symbol]                       0x08002360   Section        0  bsp_usart.o(.text.fputc)
    __arm_cp.1_0                             0x08002380   Number         4  bsp_usart.o(.text.fputc)
    __arm_cp.1_1                             0x08002384   Number         4  bsp_usart.o(.text.fputc)
    [Anonymous Symbol]                       0x08002388   Section        0  gd32e23x_fwdgt.o(.text.fwdgt_config)
    __arm_cp.7_3                             0x080023d0   Number         4  gd32e23x_fwdgt.o(.text.fwdgt_config)
    __arm_cp.7_4                             0x080023d4   Number         4  gd32e23x_fwdgt.o(.text.fwdgt_config)
    [Anonymous Symbol]                       0x080023d8   Section        0  gd32e23x_fwdgt.o(.text.fwdgt_counter_reload)
    __arm_cp.6_1                             0x080023e0   Number         4  gd32e23x_fwdgt.o(.text.fwdgt_counter_reload)
    [Anonymous Symbol]                       0x080023e4   Section        0  gd32e23x_fwdgt.o(.text.fwdgt_enable)
    __arm_cp.2_1                             0x080023ec   Number         4  gd32e23x_fwdgt.o(.text.fwdgt_enable)
    [Anonymous Symbol]                       0x080023f0   Section        0  gd32e23x_fwdgt.o(.text.fwdgt_flag_get)
    __arm_cp.8_0                             0x08002400   Number         4  gd32e23x_fwdgt.o(.text.fwdgt_flag_get)
    [Anonymous Symbol]                       0x08002404   Section        0  gd32e23x_fwdgt.o(.text.fwdgt_write_enable)
    __arm_cp.0_0                             0x0800240c   Number         4  gd32e23x_fwdgt.o(.text.fwdgt_write_enable)
    __arm_cp.0_1                             0x08002410   Number         4  gd32e23x_fwdgt.o(.text.fwdgt_write_enable)
    [Anonymous Symbol]                       0x08002414   Section        0  se_cmd.o(.text.get_se_data)
    __arm_cp.20_0                            0x080024ec   Number         4  se_cmd.o(.text.get_se_data)
    __arm_cp.20_1                            0x080024f0   Number         4  se_cmd.o(.text.get_se_data)
    __arm_cp.20_2                            0x080024f4   Number         4  se_cmd.o(.text.get_se_data)
    __arm_cp.20_3                            0x080024f8   Number         4  se_cmd.o(.text.get_se_data)
    __arm_cp.20_4                            0x080024fc   Number         4  se_cmd.o(.text.get_se_data)
    __arm_cp.20_5                            0x08002500   Number         4  se_cmd.o(.text.get_se_data)
    __arm_cp.20_6                            0x08002504   Number         4  se_cmd.o(.text.get_se_data)
    __arm_cp.20_7                            0x08002508   Number         4  se_cmd.o(.text.get_se_data)
    __arm_cp.20_8                            0x0800250c   Number         4  se_cmd.o(.text.get_se_data)
    [Anonymous Symbol]                       0x08002510   Section        0  gd32e23x_gpio.o(.text.gpio_af_set)
    [Anonymous Symbol]                       0x0800256e   Section        0  gd32e23x_gpio.o(.text.gpio_bit_reset)
    [Anonymous Symbol]                       0x08002572   Section        0  gd32e23x_gpio.o(.text.gpio_bit_set)
    [Anonymous Symbol]                       0x08002576   Section        0  gd32e23x_gpio.o(.text.gpio_input_bit_get)
    [Anonymous Symbol]                       0x08002580   Section        0  gd32e23x_gpio.o(.text.gpio_mode_set)
    [Anonymous Symbol]                       0x080025c2   Section        0  gd32e23x_gpio.o(.text.gpio_output_options_set)
    [Anonymous Symbol]                       0x08002608   Section        0  bsp_i2c.o(.text.i2c_bus_recovery)
    i2c_delay                                0x08002641   Thumb Code    22  bsp_i2c.o(.text.i2c_delay)
    [Anonymous Symbol]                       0x08002640   Section        0  bsp_i2c.o(.text.i2c_delay)
    i2c_err_track                            0x08002659   Thumb Code    32  bsp_fm17622.o(.text.i2c_err_track)
    [Anonymous Symbol]                       0x08002658   Section        0  bsp_fm17622.o(.text.i2c_err_track)
    __arm_cp.1_0                             0x08002678   Number         4  bsp_fm17622.o(.text.i2c_err_track)
    [Anonymous Symbol]                       0x0800267c   Section        0  bsp_i2c.o(.text.i2c_read_byte)
    [Anonymous Symbol]                       0x08002704   Section        0  bsp_i2c.o(.text.i2c_send_byte)
    [Anonymous Symbol]                       0x08002758   Section        0  bsp_i2c.o(.text.i2c_start)
    [Anonymous Symbol]                       0x0800278c   Section        0  bsp_i2c.o(.text.i2c_stop)
    [Anonymous Symbol]                       0x080027b4   Section        0  bsp_i2c.o(.text.i2c_wait_ack)
    __arm_cp.5_0                             0x080027fc   Number         4  bsp_i2c.o(.text.i2c_wait_ack)
    [Anonymous Symbol]                       0x08002800   Section        0  main.o(.text.main)
    __arm_cp.0_0                             0x080028bc   Number         4  main.o(.text.main)
    __arm_cp.0_7                             0x08002944   Number         4  main.o(.text.main)
    __arm_cp.0_9                             0x0800294c   Number         4  main.o(.text.main)
    __arm_cp.0_10                            0x08002950   Number         4  main.o(.text.main)
    __arm_cp.0_11                            0x08002954   Number         4  main.o(.text.main)
    __arm_cp.0_12                            0x08002958   Number         4  main.o(.text.main)
    __arm_cp.0_13                            0x0800295c   Number         4  main.o(.text.main)
    __arm_cp.0_14                            0x08002960   Number         4  main.o(.text.main)
    [Anonymous Symbol]                       0x08002964   Section        0  se_cmd.o(.text.mcu_l013_mutual_auth)
    __arm_cp.16_0                            0x08002a28   Number         4  se_cmd.o(.text.mcu_l013_mutual_auth)
    __arm_cp.16_1                            0x08002a2c   Number         4  se_cmd.o(.text.mcu_l013_mutual_auth)
    __arm_cp.16_2                            0x08002a30   Number         4  se_cmd.o(.text.mcu_l013_mutual_auth)
    __arm_cp.16_3                            0x08002a34   Number         4  se_cmd.o(.text.mcu_l013_mutual_auth)
    __arm_cp.16_4                            0x08002a38   Number         4  se_cmd.o(.text.mcu_l013_mutual_auth)
    [Anonymous Symbol]                       0x08002a3c   Section        0  gd32e23x_misc.o(.text.nvic_irq_enable)
    [Anonymous Symbol]                       0x08002a4c   Section        0  gd32e23x_misc.o(.text.nvic_vector_table_set)
    __arm_cp.7_0                             0x08002a5c   Number         4  gd32e23x_misc.o(.text.nvic_vector_table_set)
    __arm_cp.7_1                             0x08002a60   Number         4  gd32e23x_misc.o(.text.nvic_vector_table_set)
    [Anonymous Symbol]                       0x08002a64   Section        0  protocol.o(.text.protocol_get_parsed_frame)
    [Anonymous Symbol]                       0x08002a68   Section        0  protocol.o(.text.protocol_parse_byte)
    [Anonymous Symbol]                       0x08002b50   Section        0  protocol.o(.text.protocol_parser_init)
    __arm_cp.2_0                             0x08002b68   Number         4  protocol.o(.text.protocol_parser_init)
    __arm_cp.2_1                             0x08002b6c   Number         4  protocol.o(.text.protocol_parser_init)
    __arm_cp.2_2                             0x08002b70   Number         4  protocol.o(.text.protocol_parser_init)
    [Anonymous Symbol]                       0x08002b74   Section        0  protocol.o(.text.protocol_verify_crc)
    __arm_cp.4_0                             0x08002bc0   Number         4  protocol.o(.text.protocol_verify_crc)
    [Anonymous Symbol]                       0x08002bc4   Section        0  gd32e23x_rcu.o(.text.rcu_clock_freq_get)
    __arm_cp.33_0                            0x08002d1c   Number         4  gd32e23x_rcu.o(.text.rcu_clock_freq_get)
    __arm_cp.33_1                            0x08002d20   Number         4  gd32e23x_rcu.o(.text.rcu_clock_freq_get)
    __arm_cp.33_2                            0x08002d24   Number         4  gd32e23x_rcu.o(.text.rcu_clock_freq_get)
    __arm_cp.33_5                            0x08002d40   Number         4  gd32e23x_rcu.o(.text.rcu_clock_freq_get)
    __arm_cp.33_6                            0x08002d44   Number         4  gd32e23x_rcu.o(.text.rcu_clock_freq_get)
    [Anonymous Symbol]                       0x08002d48   Section        0  gd32e23x_rcu.o(.text.rcu_periph_clock_enable)
    [Anonymous Symbol]                       0x08002d5c   Section        0  gd32e23x_rcu.o(.text.rcu_periph_reset_disable)
    [Anonymous Symbol]                       0x08002d70   Section        0  gd32e23x_rcu.o(.text.rcu_periph_reset_enable)
    __arm_cp.5_0                             0x08002d84   Number         4  gd32e23x_rcu.o(.text.rcu_periph_reset_enable)
    [Anonymous Symbol]                       0x08002d88   Section        0  se_cmd.o(.text.se_auth1)
    [Anonymous Symbol]                       0x08002df0   Section        0  se_cmd.o(.text.se_auth2)
    __arm_cp.15_0                            0x08002e58   Number         4  se_cmd.o(.text.se_auth2)
    __arm_cp.15_1                            0x08002e5c   Number         4  se_cmd.o(.text.se_auth2)
    __arm_cp.15_2                            0x08002e60   Number         4  se_cmd.o(.text.se_auth2)
    [Anonymous Symbol]                       0x08002e64   Section        0  gd32e23x_syscfg.o(.text.syscfg_flag_get)
    __arm_cp.8_0                             0x08002e74   Number         4  gd32e23x_syscfg.o(.text.syscfg_flag_get)
    system_clock_72m_hxtal                   0x08002e79   Thumb Code   228  system_gd32e23x.o(.text.system_clock_72m_hxtal)
    [Anonymous Symbol]                       0x08002e78   Section        0  system_gd32e23x.o(.text.system_clock_72m_hxtal)
    __arm_cp.5_0                             0x08002f5c   Number         4  system_gd32e23x.o(.text.system_clock_72m_hxtal)
    __arm_cp.5_1                             0x08002f60   Number         4  system_gd32e23x.o(.text.system_clock_72m_hxtal)
    __arm_cp.5_2                             0x08002f64   Number         4  system_gd32e23x.o(.text.system_clock_72m_hxtal)
    __arm_cp.5_3                             0x08002f68   Number         4  system_gd32e23x.o(.text.system_clock_72m_hxtal)
    system_clock_config                      0x08002f6d   Thumb Code     8  system_gd32e23x.o(.text.system_clock_config)
    [Anonymous Symbol]                       0x08002f6c   Section        0  system_gd32e23x.o(.text.system_clock_config)
    [Anonymous Symbol]                       0x08002f74   Section        0  bsp_systick.o(.text.systick_config)
    __arm_cp.0_0                             0x08002f94   Number         4  bsp_systick.o(.text.systick_config)
    [Anonymous Symbol]                       0x08002f98   Section        0  bsp_fm17622.o(.text.tag_data_serialize)
    [Anonymous Symbol]                       0x0800301c   Section        0  bsp_usart.o(.text.uart_rx_available)
    [Anonymous Symbol]                       0x0800302c   Section        0  bsp_usart.o(.text.uart_rx_flush)
    [Anonymous Symbol]                       0x08003038   Section        0  bsp_usart.o(.text.uart_rx_read_byte)
    [Anonymous Symbol]                       0x0800304c   Section        0  bsp_usart.o(.text.uart_send_byte)
    __arm_cp.2_1                             0x08003068   Number         4  bsp_usart.o(.text.uart_send_byte)
    [Anonymous Symbol]                       0x0800306c   Section        0  bsp_usart.o(.text.uart_send_data)
    [Anonymous Symbol]                       0x08003088   Section        0  bsp_uid.o(.text.uid_read)
    __arm_cp.0_0                             0x080030c0   Number         4  bsp_uid.o(.text.uid_read)
    [Anonymous Symbol]                       0x080030c4   Section        0  bsp_usart.o(.text.usart0_isr)
    __arm_cp.7_1                             0x080030f4   Number         4  bsp_usart.o(.text.usart0_isr)
    __arm_cp.7_2                             0x080030f8   Number         4  bsp_usart.o(.text.usart0_isr)
    __arm_cp.7_3                             0x080030fc   Number         4  bsp_usart.o(.text.usart0_isr)
    __arm_cp.7_4                             0x08003100   Number         4  bsp_usart.o(.text.usart0_isr)
    [Anonymous Symbol]                       0x08003104   Section        0  gd32e23x_usart.o(.text.usart_baudrate_set)
    __arm_cp.1_2                             0x08003150   Number         4  gd32e23x_usart.o(.text.usart_baudrate_set)
    [Anonymous Symbol]                       0x08003154   Section        0  gd32e23x_usart.o(.text.usart_data_receive)
    [Anonymous Symbol]                       0x0800315c   Section        0  gd32e23x_usart.o(.text.usart_data_transmit)
    __arm_cp.18_0                            0x08003164   Number         4  gd32e23x_usart.o(.text.usart_data_transmit)
    [Anonymous Symbol]                       0x08003168   Section        0  gd32e23x_usart.o(.text.usart_deinit)
    __arm_cp.0_0                             0x0800318c   Number         4  gd32e23x_usart.o(.text.usart_deinit)
    __arm_cp.0_1                             0x08003190   Number         4  gd32e23x_usart.o(.text.usart_deinit)
    __arm_cp.0_2                             0x08003194   Number         4  gd32e23x_usart.o(.text.usart_deinit)
    __arm_cp.0_3                             0x08003198   Number         4  gd32e23x_usart.o(.text.usart_deinit)
    [Anonymous Symbol]                       0x0800319c   Section        0  gd32e23x_usart.o(.text.usart_enable)
    [Anonymous Symbol]                       0x080031a6   Section        0  gd32e23x_usart.o(.text.usart_flag_clear)
    [Anonymous Symbol]                       0x080031b6   Section        0  gd32e23x_usart.o(.text.usart_flag_get)
    [Anonymous Symbol]                       0x080031c6   Section        0  gd32e23x_usart.o(.text.usart_interrupt_disable)
    [Anonymous Symbol]                       0x080031d8   Section        0  gd32e23x_usart.o(.text.usart_interrupt_enable)
    [Anonymous Symbol]                       0x080031ea   Section        0  gd32e23x_usart.o(.text.usart_interrupt_flag_get)
    [Anonymous Symbol]                       0x08003208   Section        0  gd32e23x_usart.o(.text.usart_receive_config)
    [Anonymous Symbol]                       0x08003218   Section        0  gd32e23x_usart.o(.text.usart_transmit_config)
    [Anonymous Symbol]                       0x08003228   Section        0  se_cmd.o(.text.write_se_data)
    __arm_cp.19_0                            0x080032c4   Number         4  se_cmd.o(.text.write_se_data)
    __arm_cp.19_1                            0x080032c8   Number         4  se_cmd.o(.text.write_se_data)
    __arm_cp.19_2                            0x080032cc   Number         4  se_cmd.o(.text.write_se_data)
    __arm_cp.19_3                            0x080032d0   Number         4  se_cmd.o(.text.write_se_data)
    __arm_cp.19_4                            0x080032d4   Number         4  se_cmd.o(.text.write_se_data)
    __arm_cp.19_5                            0x080032d8   Number         4  se_cmd.o(.text.write_se_data)
    zeroize                                  0x080032dd   Thumb Code    14  des.o(.text.zeroize)
    [Anonymous Symbol]                       0x080032dc   Section        0  des.o(.text.zeroize)
    i.__0printf$8                            0x080032ec   Section        0  printf8.o(i.__0printf$8)
    i.__scatterload_copy                     0x0800330c   Section       14  handlers.o(i.__scatterload_copy)
    i.__scatterload_null                     0x0800331a   Section        2  handlers.o(i.__scatterload_null)
    i.__scatterload_zeroinit                 0x0800331c   Section       14  handlers.o(i.__scatterload_zeroinit)
    _printf_core                             0x0800332d   Thumb Code  1020  printf8.o(i._printf_core)
    i._printf_core                           0x0800332c   Section        0  printf8.o(i._printf_core)
    _printf_post_padding                     0x08003755   Thumb Code    32  printf8.o(i._printf_post_padding)
    i._printf_post_padding                   0x08003754   Section        0  printf8.o(i._printf_post_padding)
    _printf_pre_padding                      0x08003775   Thumb Code    44  printf8.o(i._printf_pre_padding)
    i._printf_pre_padding                    0x08003774   Section        0  printf8.o(i._printf_pre_padding)
    i.free                                   0x080037a0   Section        0  malloc.o(i.free)
    i.malloc                                 0x080037f4   Section        0  malloc.o(i.malloc)
    i.puts                                   0x08003860   Section        0  puts.o(i.puts)
    LHs                                      0x08003880   Data          64  des.o(.rodata.LHs)
    [Anonymous Symbol]                       0x08003880   Section        0  des.o(.rodata.LHs)
    RHs                                      0x080038c0   Data          64  des.o(.rodata.RHs)
    [Anonymous Symbol]                       0x080038c0   Section        0  des.o(.rodata.RHs)
    SB1                                      0x08003900   Data         256  des.o(.rodata.SB1)
    [Anonymous Symbol]                       0x08003900   Section        0  des.o(.rodata.SB1)
    SB2                                      0x08003a00   Data         256  des.o(.rodata.SB2)
    [Anonymous Symbol]                       0x08003a00   Section        0  des.o(.rodata.SB2)
    SB3                                      0x08003b00   Data         256  des.o(.rodata.SB3)
    [Anonymous Symbol]                       0x08003b00   Section        0  des.o(.rodata.SB3)
    SB4                                      0x08003c00   Data         256  des.o(.rodata.SB4)
    [Anonymous Symbol]                       0x08003c00   Section        0  des.o(.rodata.SB4)
    SB5                                      0x08003d00   Data         256  des.o(.rodata.SB5)
    [Anonymous Symbol]                       0x08003d00   Section        0  des.o(.rodata.SB5)
    SB6                                      0x08003e00   Data         256  des.o(.rodata.SB6)
    [Anonymous Symbol]                       0x08003e00   Section        0  des.o(.rodata.SB6)
    SB7                                      0x08003f00   Data         256  des.o(.rodata.SB7)
    [Anonymous Symbol]                       0x08003f00   Section        0  des.o(.rodata.SB7)
    SB8                                      0x08004000   Data         256  des.o(.rodata.SB8)
    [Anonymous Symbol]                       0x08004000   Section        0  des.o(.rodata.SB8)
    [Anonymous Symbol]                       0x08004100   Section        0  main.o(.rodata.str1.1)
    [Anonymous Symbol]                       0x08004225   Section        0  app_protocol.o(.rodata.str1.1)
    [Anonymous Symbol]                       0x0800429a   Section        0  bsp_crypto.o(.rodata.str1.1)
    _rand_state                              0x20000000   Data           4  rand.o(.data)
    .data                                    0x20000000   Section        4  rand.o(.data)
    .data                                    0x20000004   Section        4  stdout.o(.data)
    .data                                    0x20000008   Section        4  mvars.o(.data)
    .data                                    0x2000000c   Section        4  mvars.o(.data)
    apdu_padding                             0x20000014   Data           8  se_cmd.o(.data.apdu_padding)
    [Anonymous Symbol]                       0x20000014   Section        0  se_cmd.o(.data.apdu_padding)
    mcu_com_key                              0x20000064   Data          16  se_cmd.o(.data.mcu_com_key)
    [Anonymous Symbol]                       0x20000064   Section        0  se_cmd.o(.data.mcu_com_key)
    apdu_cipher                              0x20000078   Data          32  se_cmd.o(.bss.apdu_cipher)
    [Anonymous Symbol]                       0x20000078   Section        0  se_cmd.o(.bss.apdu_cipher)
    apdu_plain                               0x20000098   Data          64  se_cmd.o(.bss.apdu_plain)
    [Anonymous Symbol]                       0x20000098   Section        0  se_cmd.o(.bss.apdu_plain)
    apdu_rbuf                                0x200000d8   Data          64  se_cmd.o(.bss.apdu_rbuf)
    [Anonymous Symbol]                       0x200000d8   Section        0  se_cmd.o(.bss.apdu_rbuf)
    apdu_rlen                                0x20000118   Data           2  se_cmd.o(.bss.apdu_rlen)
    [Anonymous Symbol]                       0x20000118   Section        0  se_cmd.o(.bss.apdu_rlen)
    app_rfid_poll_task.last_poll             0x2000011c   Data           4  app_protocol.o(.bss.app_rfid_poll_task.last_poll)
    [Anonymous Symbol]                       0x2000011c   Section        0  app_protocol.o(.bss.app_rfid_poll_task.last_poll)
    auth_cnt                                 0x20000120   Data           4  se_cmd.o(.bss.auth_cnt)
    [Anonymous Symbol]                       0x20000120   Section        0  se_cmd.o(.bss.auth_cnt)
    delay_count                              0x20000124   Data           4  bsp_systick.o(.bss.delay_count)
    [Anonymous Symbol]                       0x20000124   Section        0  bsp_systick.o(.bss.delay_count)
    gfm_I2CAddr                              0x2000012c   Data           1  fmse_i2c.o(.bss.gfm_I2CAddr)
    [Anonymous Symbol]                       0x2000012c   Section        0  fmse_i2c.o(.bss.gfm_I2CAddr)
    gfm_SeCmdHand                            0x2000012d   Data         261  se_cmd.o(.bss.gfm_SeCmdHand)
    [Anonymous Symbol]                       0x2000012d   Section        0  se_cmd.o(.bss.gfm_SeCmdHand)
    pgfm_I2CDrv                              0x20000234   Data           4  fmse_i2c.o(.bss.pgfm_I2CDrv)
    [Anonymous Symbol]                       0x20000234   Section        0  fmse_i2c.o(.bss.pgfm_I2CDrv)
    pgfm_SeFunc                              0x20000238   Data           4  se_cmd.o(.bss.pgfm_SeFunc)
    [Anonymous Symbol]                       0x20000238   Section        0  se_cmd.o(.bss.pgfm_SeFunc)
    protocol_verify_crc.temp_buf             0x2000023c   Data         256  protocol.o(.bss.protocol_verify_crc.temp_buf)
    [Anonymous Symbol]                       0x2000023c   Section        0  protocol.o(.bss.protocol_verify_crc.temp_buf)
    s_card_present                           0x2000033c   Data           1  app_protocol.o(.bss.s_card_present)
    [Anonymous Symbol]                       0x2000033c   Section        0  app_protocol.o(.bss.s_card_present)
    s_data_index                             0x2000033d   Data           1  protocol.o(.bss.s_data_index)
    [Anonymous Symbol]                       0x2000033d   Section        0  protocol.o(.bss.s_data_index)
    s_i2c_err_count                          0x2000033e   Data           1  bsp_fm17622.o(.bss.s_i2c_err_count)
    [Anonymous Symbol]                       0x2000033e   Section        0  bsp_fm17622.o(.bss.s_i2c_err_count)
    s_last_card_uid                          0x20000340   Data          10  app_protocol.o(.bss.s_last_card_uid)
    [Anonymous Symbol]                       0x20000340   Section        0  app_protocol.o(.bss.s_last_card_uid)
    s_last_card_uid_len                      0x2000034a   Data           1  app_protocol.o(.bss.s_last_card_uid_len)
    [Anonymous Symbol]                       0x2000034a   Section        0  app_protocol.o(.bss.s_last_card_uid_len)
    s_parse_state                            0x2000034b   Data           1  protocol.o(.bss.s_parse_state)
    [Anonymous Symbol]                       0x2000034b   Section        0  protocol.o(.bss.s_parse_state)
    s_parsed_frame                           0x2000034c   Data         254  protocol.o(.bss.s_parsed_frame)
    [Anonymous Symbol]                       0x2000034c   Section        0  protocol.o(.bss.s_parsed_frame)
    s_rx_buf                                 0x2000044a   Data         256  bsp_usart.o(.bss.s_rx_buf)
    [Anonymous Symbol]                       0x2000044a   Section        0  bsp_usart.o(.bss.s_rx_buf)
    s_rx_head                                0x2000054a   Data           2  bsp_usart.o(.bss.s_rx_head)
    [Anonymous Symbol]                       0x2000054a   Section        0  bsp_usart.o(.bss.s_rx_head)
    s_rx_tail                                0x2000054c   Data           2  bsp_usart.o(.bss.s_rx_tail)
    [Anonymous Symbol]                       0x2000054c   Section        0  bsp_usart.o(.bss.s_rx_tail)
    s_se_authenticated                       0x2000054e   Data           1  bsp_crypto.o(.bss.s_se_authenticated)
    [Anonymous Symbol]                       0x2000054e   Section        0  bsp_crypto.o(.bss.s_se_authenticated)
    s_timeout_deadline                       0x20000550   Data           4  fmse_i2c.o(.bss.s_timeout_deadline)
    [Anonymous Symbol]                       0x20000550   Section        0  fmse_i2c.o(.bss.s_timeout_deadline)
    s_tx_buf                                 0x20000554   Data         256  app_protocol.o(.bss.s_tx_buf)
    [Anonymous Symbol]                       0x20000554   Section        0  app_protocol.o(.bss.s_tx_buf)
    HEAP                                     0x20000668   Section     1024  startup_gd32e23x.o(HEAP)
    STACK                                    0x20000a68   Section     1024  startup_gd32e23x.o(STACK)

    Global Symbols

    Symbol Name                              Value     Ov Type        Size  Object(Section)

    BuildAttributes$$THM_ISAv3M$S$8M$PE$A:L22$X:L11$S22$IEEE1$IW$~IW$USESV6$~STKCKD$USESV7$~SHL$OTIME$ROPI$EBA8$MICROLIB$REQ8$PRES8$EABIv2 0x00000000   Number         0  anon$$obj.o ABSOLUTE
    _printf_a                                0x00000000   Number         0  printfstubs.o ABSOLUTE
    _printf_c                                0x00000000   Number         0  printfstubs.o ABSOLUTE
    _printf_charcount                        0x00000000   Number         0  printfstubs.o ABSOLUTE
    _printf_d                                0x00000000   Number         0  printfstubs.o ABSOLUTE
    _printf_e                                0x00000000   Number         0  printfstubs.o ABSOLUTE
    _printf_f                                0x00000000   Number         0  printfstubs.o ABSOLUTE
    _printf_flags                            0x00000000   Number         0  printfstubs.o ABSOLUTE
    _printf_fp_dec                           0x00000000   Number         0  printfstubs.o ABSOLUTE
    _printf_fp_hex                           0x00000000   Number         0  printfstubs.o ABSOLUTE
    _printf_g                                0x00000000   Number         0  printfstubs.o ABSOLUTE
    _printf_i                                0x00000000   Number         0  printfstubs.o ABSOLUTE
    _printf_int_dec                          0x00000000   Number         0  printfstubs.o ABSOLUTE
    _printf_l                                0x00000000   Number         0  printfstubs.o ABSOLUTE
    _printf_lc                               0x00000000   Number         0  printfstubs.o ABSOLUTE
    _printf_ll                               0x00000000   Number         0  printfstubs.o ABSOLUTE
    _printf_lld                              0x00000000   Number         0  printfstubs.o ABSOLUTE
    _printf_lli                              0x00000000   Number         0  printfstubs.o ABSOLUTE
    _printf_llo                              0x00000000   Number         0  printfstubs.o ABSOLUTE
    _printf_llu                              0x00000000   Number         0  printfstubs.o ABSOLUTE
    _printf_llx                              0x00000000   Number         0  printfstubs.o ABSOLUTE
    _printf_longlong_dec                     0x00000000   Number         0  printfstubs.o ABSOLUTE
    _printf_longlong_hex                     0x00000000   Number         0  printfstubs.o ABSOLUTE
    _printf_longlong_oct                     0x00000000   Number         0  printfstubs.o ABSOLUTE
    _printf_ls                               0x00000000   Number         0  printfstubs.o ABSOLUTE
    _printf_mbtowc                           0x00000000   Number         0  printfstubs.o ABSOLUTE
    _printf_n                                0x00000000   Number         0  printfstubs.o ABSOLUTE
    _printf_o                                0x00000000   Number         0  printfstubs.o ABSOLUTE
    _printf_p                                0x00000000   Number         0  printfstubs.o ABSOLUTE
    _printf_percent                          0x00000000   Number         0  printfstubs.o ABSOLUTE
    _printf_pre_padding                      0x00000000   Number         0  printfstubs.o ABSOLUTE
    _printf_return_value                     0x00000000   Number         0  printfstubs.o ABSOLUTE
    _printf_s                                0x00000000   Number         0  printfstubs.o ABSOLUTE
    _printf_sizespec                         0x00000000   Number         0  printfstubs.o ABSOLUTE
    _printf_str                              0x00000000   Number         0  printfstubs.o ABSOLUTE
    _printf_truncate_signed                  0x00000000   Number         0  printfstubs.o ABSOLUTE
    _printf_truncate_unsigned                0x00000000   Number         0  printfstubs.o ABSOLUTE
    _printf_u                                0x00000000   Number         0  printfstubs.o ABSOLUTE
    _printf_wc                               0x00000000   Number         0  printfstubs.o ABSOLUTE
    _printf_wctomb                           0x00000000   Number         0  printfstubs.o ABSOLUTE
    _printf_widthprec                        0x00000000   Number         0  printfstubs.o ABSOLUTE
    _printf_x                                0x00000000   Number         0  printfstubs.o ABSOLUTE
    __cpp_initialize__aeabi_                  - Undefined Weak Reference
    __cxa_finalize                            - Undefined Weak Reference
    __decompress                              - Undefined Weak Reference
    _clock_init                               - Undefined Weak Reference
    _microlib_exit                            - Undefined Weak Reference
    __Vectors_Size                           0x000000cc   Number         0  startup_gd32e23x.o ABSOLUTE
    __Vectors                                0x08000000   Data           4  startup_gd32e23x.o(RESET)
    __Vectors_End                            0x080000cc   Data           0  startup_gd32e23x.o(RESET)
    __main                                   0x080000cd   Thumb Code     0  entry.o(.ARM.Collect$$$$00000000)
    _main_stk                                0x080000cd   Thumb Code     0  entry2.o(.ARM.Collect$$$$00000001)
    _main_scatterload                        0x080000d1   Thumb Code     0  entry5.o(.ARM.Collect$$$$00000004)
    __main_after_scatterload                 0x080000d5   Thumb Code     0  entry5.o(.ARM.Collect$$$$00000004)
    _main_clock                              0x080000d5   Thumb Code     0  entry7b.o(.ARM.Collect$$$$00000008)
    _main_cpp_init                           0x080000d5   Thumb Code     0  entry8b.o(.ARM.Collect$$$$0000000A)
    _main_init                               0x080000d5   Thumb Code     0  entry9a.o(.ARM.Collect$$$$0000000B)
    __rt_final_cpp                           0x080000dd   Thumb Code     0  entry10a.o(.ARM.Collect$$$$0000000D)
    __rt_final_exit                          0x080000dd   Thumb Code     0  entry11a.o(.ARM.Collect$$$$0000000F)
    Reset_Handler                            0x080000e1   Thumb Code    34  startup_gd32e23x.o(.text)
    ADC_CMP_IRQHandler                       0x0800010d   Thumb Code     0  startup_gd32e23x.o(.text)
    DMA_Channel0_IRQHandler                  0x0800010d   Thumb Code     0  startup_gd32e23x.o(.text)
    DMA_Channel1_2_IRQHandler                0x0800010d   Thumb Code     0  startup_gd32e23x.o(.text)
    DMA_Channel3_4_IRQHandler                0x0800010d   Thumb Code     0  startup_gd32e23x.o(.text)
    EXTI0_1_IRQHandler                       0x0800010d   Thumb Code     0  startup_gd32e23x.o(.text)
    EXTI2_3_IRQHandler                       0x0800010d   Thumb Code     0  startup_gd32e23x.o(.text)
    EXTI4_15_IRQHandler                      0x0800010d   Thumb Code     0  startup_gd32e23x.o(.text)
    FMC_IRQHandler                           0x0800010d   Thumb Code     0  startup_gd32e23x.o(.text)
    I2C0_ER_IRQHandler                       0x0800010d   Thumb Code     0  startup_gd32e23x.o(.text)
    I2C0_EV_IRQHandler                       0x0800010d   Thumb Code     0  startup_gd32e23x.o(.text)
    I2C1_ER_IRQHandler                       0x0800010d   Thumb Code     0  startup_gd32e23x.o(.text)
    I2C1_EV_IRQHandler                       0x0800010d   Thumb Code     0  startup_gd32e23x.o(.text)
    LVD_IRQHandler                           0x0800010d   Thumb Code     0  startup_gd32e23x.o(.text)
    RCU_IRQHandler                           0x0800010d   Thumb Code     0  startup_gd32e23x.o(.text)
    RTC_IRQHandler                           0x0800010d   Thumb Code     0  startup_gd32e23x.o(.text)
    SPI0_IRQHandler                          0x0800010d   Thumb Code     0  startup_gd32e23x.o(.text)
    SPI1_IRQHandler                          0x0800010d   Thumb Code     0  startup_gd32e23x.o(.text)
    TIMER0_BRK_UP_TRG_COM_IRQHandler         0x0800010d   Thumb Code     0  startup_gd32e23x.o(.text)
    TIMER0_Channel_IRQHandler                0x0800010d   Thumb Code     0  startup_gd32e23x.o(.text)
    TIMER13_IRQHandler                       0x0800010d   Thumb Code     0  startup_gd32e23x.o(.text)
    TIMER14_IRQHandler                       0x0800010d   Thumb Code     0  startup_gd32e23x.o(.text)
    TIMER15_IRQHandler                       0x0800010d   Thumb Code     0  startup_gd32e23x.o(.text)
    TIMER16_IRQHandler                       0x0800010d   Thumb Code     0  startup_gd32e23x.o(.text)
    TIMER2_IRQHandler                        0x0800010d   Thumb Code     0  startup_gd32e23x.o(.text)
    TIMER5_IRQHandler                        0x0800010d   Thumb Code     0  startup_gd32e23x.o(.text)
    USART1_IRQHandler                        0x0800010d   Thumb Code     0  startup_gd32e23x.o(.text)
    WWDGT_IRQHandler                         0x0800010d   Thumb Code     0  startup_gd32e23x.o(.text)
    rand                                     0x08000125   Thumb Code    18  rand.o(.text)
    srand                                    0x08000137   Thumb Code     6  rand.o(.text)
    __aeabi_memcpy                           0x08000149   Thumb Code    36  memcpya.o(.text)
    __aeabi_memcpy4                          0x08000149   Thumb Code     0  memcpya.o(.text)
    __aeabi_memcpy8                          0x08000149   Thumb Code     0  memcpya.o(.text)
    __aeabi_memset                           0x0800016d   Thumb Code    14  memseta.o(.text)
    __aeabi_memset4                          0x0800016d   Thumb Code     0  memseta.o(.text)
    __aeabi_memset8                          0x0800016d   Thumb Code     0  memseta.o(.text)
    __aeabi_memclr                           0x0800017b   Thumb Code     4  memseta.o(.text)
    __aeabi_memclr4                          0x0800017b   Thumb Code     0  memseta.o(.text)
    __aeabi_memclr8                          0x0800017b   Thumb Code     0  memseta.o(.text)
    _memset$wrapper                          0x0800017f   Thumb Code    18  memseta.o(.text)
    memcmp                                   0x08000191   Thumb Code    26  memcmp.o(.text)
    __aeabi_uldivmod                         0x080001ab   Thumb Code    96  uldiv.o(.text)
    __scatterload                            0x0800020d   Thumb Code    28  init.o(.text)
    __scatterload_rt2                        0x0800020d   Thumb Code     0  init.o(.text)
    __aeabi_llsl                             0x08000231   Thumb Code    32  llshl.o(.text)
    _ll_shift_l                              0x08000231   Thumb Code     0  llshl.o(.text)
    __aeabi_llsr                             0x08000251   Thumb Code    34  llushr.o(.text)
    _ll_ushift_r                             0x08000251   Thumb Code     0  llushr.o(.text)
    Calculate_CRC16_Modbus                   0x08000275   Thumb Code    56  protocol.o(.text.Calculate_CRC16_Modbus)
    FM17622_AntennaOn                        0x080002b1   Thumb Code    26  bsp_fm17622.o(.text.FM17622_AntennaOn)
    FM17622_Anticoll                         0x080002cd   Thumb Code   476  bsp_fm17622.o(.text.FM17622_Anticoll)
    FM17622_CheckComm                        0x080004ad   Thumb Code    18  bsp_fm17622.o(.text.FM17622_CheckComm)
    FM17622_Init                             0x080004d5   Thumb Code    80  bsp_fm17622.o(.text.FM17622_Init)
    FM17622_MifareAuth                       0x0800052d   Thumb Code    64  bsp_fm17622.o(.text.FM17622_MifareAuth)
    FM17622_MifareReadBlock                  0x0800056d   Thumb Code    64  bsp_fm17622.o(.text.FM17622_MifareReadBlock)
    FM17622_ReadReg                          0x080005ad   Thumb Code    82  bsp_fm17622.o(.text.FM17622_ReadReg)
    FM17622_ReadTagData                      0x080005ff   Thumb Code    70  bsp_fm17622.o(.text.FM17622_ReadTagData)
    FM17622_RequestA                         0x08000645   Thumb Code   156  bsp_fm17622.o(.text.FM17622_RequestA)
    FM17622_Select                           0x080006e5   Thumb Code   188  bsp_fm17622.o(.text.FM17622_Select)
    FM17622_WriteReg                         0x080007bb   Thumb Code    70  bsp_fm17622.o(.text.FM17622_WriteReg)
    HardFault_Handler                        0x08000801   Thumb Code     2  gd32e23x_it.o(.text.HardFault_Handler)
    NMI_Handler                              0x08000803   Thumb Code    16  gd32e23x_it.o(.text.NMI_Handler)
    Pack_Data_Frame                          0x08000813   Thumb Code    64  protocol.o(.text.Pack_Data_Frame)
    PendSV_Handler                           0x08000853   Thumb Code     2  gd32e23x_it.o(.text.PendSV_Handler)
    SVC_Handler                              0x08000855   Thumb Code     2  gd32e23x_it.o(.text.SVC_Handler)
    SysTick_Handler                          0x0800087d   Thumb Code    24  bsp_systick.o(.text.SysTick_Handler)
    SystemInit                               0x0800089d   Thumb Code   220  system_gd32e23x.o(.text.SystemInit)
    USART0_IRQHandler                        0x08000989   Thumb Code     8  gd32e23x_it.o(.text.USART0_IRQHandler)
    app_process_frame                        0x08000b11   Thumb Code    68  app_protocol.o(.text.app_process_frame)
    app_protocol_init                        0x08000bc5   Thumb Code    48  app_protocol.o(.text.app_protocol_init)
    app_rfid_poll_task                       0x08000c69   Thumb Code   300  app_protocol.o(.text.app_rfid_poll_task)
    app_uart_rx_task                         0x08000e49   Thumb Code    64  app_protocol.o(.text.app_uart_rx_task)
    bsp_i2c_init                             0x08000fe5   Thumb Code    56  bsp_i2c.o(.text.bsp_i2c_init)
    bsp_uart_init                            0x08001025   Thumb Code   184  bsp_usart.o(.text.bsp_uart_init)
    bsp_watchdog_feed                        0x080010ed   Thumb Code     8  bsp_watchdog.o(.text.bsp_watchdog_feed)
    bsp_watchdog_init                        0x080010f5   Thumb Code    60  bsp_watchdog.o(.text.bsp_watchdog_init)
    crypto_chip_encrypt                      0x08001131   Thumb Code   128  bsp_crypto.o(.text.crypto_chip_encrypt)
    crypto_chip_init                         0x0800120d   Thumb Code   128  bsp_crypto.o(.text.crypto_chip_init)
    delay_ms                                 0x08001329   Thumb Code    12  bsp_systick.o(.text.delay_ms)
    des3_crypt_ecb                           0x08001339   Thumb Code   896  des.o(.text.des3_crypt_ecb)
    des3_ecb_decrypt                         0x080016e9   Thumb Code    82  des.o(.text.des3_ecb_decrypt)
    des3_ecb_encrypt                         0x0800173b   Thumb Code   164  des.o(.text.des3_ecb_encrypt)
    des3_free                                0x080017df   Thumb Code    14  des.o(.text.des3_free)
    des3_set2key_dec                         0x0800187f   Thumb Code    32  des.o(.text.des3_set2key_dec)
    des3_set2key_enc                         0x0800189f   Thumb Code    30  des.o(.text.des3_set2key_enc)
    des3_set3key_dec                         0x08001955   Thumb Code    32  des.o(.text.des3_set3key_dec)
    des3_set3key_enc                         0x08001975   Thumb Code    30  des.o(.text.des3_set3key_enc)
    des_setkey                               0x08001995   Thumb Code   800  des.o(.text.des_setkey)
    flash_key_is_stored                      0x08001cd1   Thumb Code    16  bsp_flash.o(.text.flash_key_is_stored)
    flash_key_read                           0x08001ce5   Thumb Code    48  bsp_flash.o(.text.flash_key_read)
    flash_key_write                          0x08001d19   Thumb Code   172  bsp_flash.o(.text.flash_key_write)
    fm_chk_result                            0x08001e29   Thumb Code   116  se_cmd.o(.text.fm_chk_result)
    fm_i2c_close_device                      0x08001ea1   Thumb Code    20  fmse_i2c.o(.text.fm_i2c_close_device)
    fm_i2c_dev_init                          0x08001eb5   Thumb Code    16  fmse_i2c.o(.text.fm_i2c_dev_init)
    fm_i2c_drv_reg                           0x08001ec5   Thumb Code     8  fmse_i2c.o(.text.fm_i2c_drv_reg)
    fm_i2c_drv_unreg                         0x08001ecd   Thumb Code     8  fmse_i2c.o(.text.fm_i2c_drv_unreg)
    fm_i2c_get_atr                           0x08001ed5   Thumb Code    56  fmse_i2c.o(.text.fm_i2c_get_atr)
    fm_i2c_open_device                       0x08001f0d   Thumb Code    20  fmse_i2c.o(.text.fm_i2c_open_device)
    fm_i2c_recv_frame                        0x08001f21   Thumb Code   212  fmse_i2c.o(.text.fm_i2c_recv_frame)
    fm_i2c_send_frame                        0x08001ff9   Thumb Code   152  fmse_i2c.o(.text.fm_i2c_send_frame)
    fm_i2c_transceive                        0x08002099   Thumb Code    80  fmse_i2c.o(.text.fm_i2c_transceive)
    fm_memmove                               0x080020e9   Thumb Code    56  se_cmd.o(.text.fm_memmove)
    fm_se_register                           0x08002121   Thumb Code    24  se_cmd.o(.text.fm_se_register)
    fmc_flag_clear                           0x080021f5   Thumb Code     8  gd32e23x_fmc.o(.text.fmc_flag_clear)
    fmc_lock                                 0x080021fd   Thumb Code    12  gd32e23x_fmc.o(.text.fmc_lock)
    fmc_page_erase                           0x08002209   Thumb Code    60  gd32e23x_fmc.o(.text.fmc_page_erase)
    fmc_ready_wait                           0x08002245   Thumb Code    32  gd32e23x_fmc.o(.text.fmc_ready_wait)
    fmc_state_get                            0x08002265   Thumb Code    32  gd32e23x_fmc.o(.text.fmc_state_get)
    fmc_unlock                               0x08002289   Thumb Code    20  gd32e23x_fmc.o(.text.fmc_unlock)
    fmc_word_program                         0x080022a9   Thumb Code    56  gd32e23x_fmc.o(.text.fmc_word_program)
    fputc                                    0x08002361   Thumb Code    32  bsp_usart.o(.text.fputc)
    fwdgt_config                             0x08002389   Thumb Code    72  gd32e23x_fwdgt.o(.text.fwdgt_config)
    fwdgt_counter_reload                     0x080023d9   Thumb Code     8  gd32e23x_fwdgt.o(.text.fwdgt_counter_reload)
    fwdgt_enable                             0x080023e5   Thumb Code     8  gd32e23x_fwdgt.o(.text.fwdgt_enable)
    fwdgt_flag_get                           0x080023f1   Thumb Code    16  gd32e23x_fwdgt.o(.text.fwdgt_flag_get)
    fwdgt_write_enable                       0x08002405   Thumb Code     8  gd32e23x_fwdgt.o(.text.fwdgt_write_enable)
    get_se_data                              0x08002415   Thumb Code   216  se_cmd.o(.text.get_se_data)
    gpio_af_set                              0x08002511   Thumb Code    94  gd32e23x_gpio.o(.text.gpio_af_set)
    gpio_bit_reset                           0x0800256f   Thumb Code     4  gd32e23x_gpio.o(.text.gpio_bit_reset)
    gpio_bit_set                             0x08002573   Thumb Code     4  gd32e23x_gpio.o(.text.gpio_bit_set)
    gpio_input_bit_get                       0x08002577   Thumb Code    10  gd32e23x_gpio.o(.text.gpio_input_bit_get)
    gpio_mode_set                            0x08002581   Thumb Code    66  gd32e23x_gpio.o(.text.gpio_mode_set)
    gpio_output_options_set                  0x080025c3   Thumb Code    70  gd32e23x_gpio.o(.text.gpio_output_options_set)
    i2c_bus_recovery                         0x08002609   Thumb Code    56  bsp_i2c.o(.text.i2c_bus_recovery)
    i2c_read_byte                            0x0800267d   Thumb Code   136  bsp_i2c.o(.text.i2c_read_byte)
    i2c_send_byte                            0x08002705   Thumb Code    84  bsp_i2c.o(.text.i2c_send_byte)
    i2c_start                                0x08002759   Thumb Code    52  bsp_i2c.o(.text.i2c_start)
    i2c_stop                                 0x0800278d   Thumb Code    40  bsp_i2c.o(.text.i2c_stop)
    i2c_wait_ack                             0x080027b5   Thumb Code    72  bsp_i2c.o(.text.i2c_wait_ack)
    main                                     0x08002801   Thumb Code   188  main.o(.text.main)
    mcu_l013_mutual_auth                     0x08002965   Thumb Code   196  se_cmd.o(.text.mcu_l013_mutual_auth)
    nvic_irq_enable                          0x08002a3d   Thumb Code    16  gd32e23x_misc.o(.text.nvic_irq_enable)
    nvic_vector_table_set                    0x08002a4d   Thumb Code    16  gd32e23x_misc.o(.text.nvic_vector_table_set)
    protocol_get_parsed_frame                0x08002a65   Thumb Code     4  protocol.o(.text.protocol_get_parsed_frame)
    protocol_parse_byte                      0x08002a69   Thumb Code   232  protocol.o(.text.protocol_parse_byte)
    protocol_parser_init                     0x08002b51   Thumb Code    24  protocol.o(.text.protocol_parser_init)
    protocol_verify_crc                      0x08002b75   Thumb Code    76  protocol.o(.text.protocol_verify_crc)
    rcu_clock_freq_get                       0x08002bc5   Thumb Code   344  gd32e23x_rcu.o(.text.rcu_clock_freq_get)
    rcu_periph_clock_enable                  0x08002d49   Thumb Code    20  gd32e23x_rcu.o(.text.rcu_periph_clock_enable)
    rcu_periph_reset_disable                 0x08002d5d   Thumb Code    20  gd32e23x_rcu.o(.text.rcu_periph_reset_disable)
    rcu_periph_reset_enable                  0x08002d71   Thumb Code    20  gd32e23x_rcu.o(.text.rcu_periph_reset_enable)
    se_auth1                                 0x08002d89   Thumb Code   104  se_cmd.o(.text.se_auth1)
    se_auth2                                 0x08002df1   Thumb Code   104  se_cmd.o(.text.se_auth2)
    syscfg_flag_get                          0x08002e65   Thumb Code    16  gd32e23x_syscfg.o(.text.syscfg_flag_get)
    systick_config                           0x08002f75   Thumb Code    32  bsp_systick.o(.text.systick_config)
    tag_data_serialize                       0x08002f99   Thumb Code   130  bsp_fm17622.o(.text.tag_data_serialize)
    uart_rx_available                        0x0800301d   Thumb Code    16  bsp_usart.o(.text.uart_rx_available)
    uart_rx_flush                            0x0800302d   Thumb Code    12  bsp_usart.o(.text.uart_rx_flush)
    uart_rx_read_byte                        0x08003039   Thumb Code    20  bsp_usart.o(.text.uart_rx_read_byte)
    uart_send_byte                           0x0800304d   Thumb Code    28  bsp_usart.o(.text.uart_send_byte)
    uart_send_data                           0x0800306d   Thumb Code    26  bsp_usart.o(.text.uart_send_data)
    uid_read                                 0x08003089   Thumb Code    56  bsp_uid.o(.text.uid_read)
    usart0_isr                               0x080030c5   Thumb Code    48  bsp_usart.o(.text.usart0_isr)
    usart_baudrate_set                       0x08003105   Thumb Code    76  gd32e23x_usart.o(.text.usart_baudrate_set)
    usart_data_receive                       0x08003155   Thumb Code     8  gd32e23x_usart.o(.text.usart_data_receive)
    usart_data_transmit                      0x0800315d   Thumb Code     8  gd32e23x_usart.o(.text.usart_data_transmit)
    usart_deinit                             0x08003169   Thumb Code    36  gd32e23x_usart.o(.text.usart_deinit)
    usart_enable                             0x0800319d   Thumb Code    10  gd32e23x_usart.o(.text.usart_enable)
    usart_flag_clear                         0x080031a7   Thumb Code    16  gd32e23x_usart.o(.text.usart_flag_clear)
    usart_flag_get                           0x080031b7   Thumb Code    16  gd32e23x_usart.o(.text.usart_flag_get)
    usart_interrupt_disable                  0x080031c7   Thumb Code    18  gd32e23x_usart.o(.text.usart_interrupt_disable)
    usart_interrupt_enable                   0x080031d9   Thumb Code    18  gd32e23x_usart.o(.text.usart_interrupt_enable)
    usart_interrupt_flag_get                 0x080031eb   Thumb Code    30  gd32e23x_usart.o(.text.usart_interrupt_flag_get)
    usart_receive_config                     0x08003209   Thumb Code    16  gd32e23x_usart.o(.text.usart_receive_config)
    usart_transmit_config                    0x08003219   Thumb Code    16  gd32e23x_usart.o(.text.usart_transmit_config)
    write_se_data                            0x08003229   Thumb Code   156  se_cmd.o(.text.write_se_data)
    __0printf$8                              0x080032ed   Thumb Code    24  printf8.o(i.__0printf$8)
    __1printf$8                              0x080032ed   Thumb Code     0  printf8.o(i.__0printf$8)
    __2printf                                0x080032ed   Thumb Code     0  printf8.o(i.__0printf$8)
    __scatterload_copy                       0x0800330d   Thumb Code    14  handlers.o(i.__scatterload_copy)
    __scatterload_null                       0x0800331b   Thumb Code     2  handlers.o(i.__scatterload_null)
    __scatterload_zeroinit                   0x0800331d   Thumb Code    14  handlers.o(i.__scatterload_zeroinit)
    free                                     0x080037a1   Thumb Code    80  malloc.o(i.free)
    malloc                                   0x080037f5   Thumb Code    92  malloc.o(i.malloc)
    puts                                     0x08003861   Thumb Code    28  puts.o(i.puts)
    Region$$Table$$Base                      0x080042b4   Number         0  anon$$obj.o(Region$$Table)
    Region$$Table$$Limit                     0x080042d4   Number         0  anon$$obj.o(Region$$Table)
    __stdout                                 0x20000004   Data           4  stdout.o(.data)
    __microlib_freelist                      0x20000008   Data           4  mvars.o(.data)
    __microlib_freelist_initialised          0x2000000c   Data           4  mvars.o(.data)
    SystemCoreClock                          0x20000010   Data           4  system_gd32e23x.o(.data.SystemCoreClock)
    gfm_se_i2c                               0x2000001c   Data          32  fmse_i2c.o(.data.gfm_se_i2c)
    gusr_i2c_drv                             0x2000003c   Data          40  fmse_port.o(.data.gusr_i2c_drv)
    g_sys_tick_ms                            0x20000128   Data           4  bsp_systick.o(.bss.g_sys_tick_ms)
    session_key                              0x20000654   Data          16  se_cmd.o(.bss.session_key)
    __heap_base                              0x20000668   Data           0  startup_gd32e23x.o(HEAP)
    __heap_limit                             0x20000a68   Data           0  startup_gd32e23x.o(HEAP)
    __initial_sp                             0x20000e68   Data           0  startup_gd32e23x.o(STACK)



==============================================================================

Memory Map of the image

  Image Entry point : 0x080000cd

  Load Region LR_IROM1 (Base: 0x08000000, Size: 0x00004350, Max: 0x00010000, ABSOLUTE)

    Execution Region ER_IROM1 (Exec base: 0x08000000, Load base: 0x08000000, Size: 0x000042d4, Max: 0x00010000, ABSOLUTE)

    Exec Addr    Load Addr    Size         Type   Attr      Idx    E Section Name        Object

    0x08000000   0x08000000   0x000000cc   Data   RO            3    RESET               startup_gd32e23x.o
    0x080000cc   0x080000cc   0x00000000   Code   RO         1611  * .ARM.Collect$$$$00000000  mc_p.l(entry.o)
    0x080000cc   0x080000cc   0x00000004   Code   RO         1920    .ARM.Collect$$$$00000001  mc_p.l(entry2.o)
    0x080000d0   0x080000d0   0x00000004   Code   RO         1923    .ARM.Collect$$$$00000004  mc_p.l(entry5.o)
    0x080000d4   0x080000d4   0x00000000   Code   RO         1925    .ARM.Collect$$$$00000008  mc_p.l(entry7b.o)
    0x080000d4   0x080000d4   0x00000000   Code   RO         1927    .ARM.Collect$$$$0000000A  mc_p.l(entry8b.o)
    0x080000d4   0x080000d4   0x00000008   Code   RO         1928    .ARM.Collect$$$$0000000B  mc_p.l(entry9a.o)
    0x080000dc   0x080000dc   0x00000000   Code   RO         1930    .ARM.Collect$$$$0000000D  mc_p.l(entry10a.o)
    0x080000dc   0x080000dc   0x00000000   Code   RO         1932    .ARM.Collect$$$$0000000F  mc_p.l(entry11a.o)
    0x080000dc   0x080000dc   0x00000004   Code   RO         1921    .ARM.Collect$$$$00002712  mc_p.l(entry2.o)
    0x080000e0   0x080000e0   0x00000044   Code   RO            4    .text               startup_gd32e23x.o
    0x08000124   0x08000124   0x00000024   Code   RO         1618    .text               mc_p.l(rand.o)
    0x08000148   0x08000148   0x00000024   Code   RO         1621    .text               mc_p.l(memcpya.o)
    0x0800016c   0x0800016c   0x00000024   Code   RO         1623    .text               mc_p.l(memseta.o)
    0x08000190   0x08000190   0x0000001a   Code   RO         1625    .text               mc_p.l(memcmp.o)
    0x080001aa   0x080001aa   0x00000060   Code   RO         1941    .text               mc_p.l(uldiv.o)
    0x0800020a   0x0800020a   0x00000002   PAD
    0x0800020c   0x0800020c   0x00000024   Code   RO         1956    .text               mc_p.l(init.o)
    0x08000230   0x08000230   0x00000020   Code   RO         1968    .text               mc_p.l(llshl.o)
    0x08000250   0x08000250   0x00000022   Code   RO         1970    .text               mc_p.l(llushr.o)
    0x08000272   0x08000272   0x00000002   PAD
    0x08000274   0x08000274   0x0000003c   Code   RO         1277    .text.Calculate_CRC16_Modbus  protocol.o
    0x080002b0   0x080002b0   0x0000001a   Code   RO         1240    .text.FM17622_AntennaOn  bsp_fm17622.o
    0x080002ca   0x080002ca   0x00000002   PAD
    0x080002cc   0x080002cc   0x000001e0   Code   RO         1252    .text.FM17622_Anticoll  bsp_fm17622.o
    0x080004ac   0x080004ac   0x00000012   Code   RO         1246    .text.FM17622_CheckComm  bsp_fm17622.o
    0x080004be   0x080004be   0x00000014   Code   RO         1250    .text.FM17622_ClearBitMask  bsp_fm17622.o
    0x080004d2   0x080004d2   0x00000002   PAD
    0x080004d4   0x080004d4   0x00000058   Code   RO         1244    .text.FM17622_Init  bsp_fm17622.o
    0x0800052c   0x0800052c   0x00000040   Code   RO         1256    .text.FM17622_MifareAuth  bsp_fm17622.o
    0x0800056c   0x0800056c   0x00000040   Code   RO         1260    .text.FM17622_MifareReadBlock  bsp_fm17622.o
    0x080005ac   0x080005ac   0x00000052   Code   RO         1238    .text.FM17622_ReadReg  bsp_fm17622.o
    0x080005fe   0x080005fe   0x00000046   Code   RO         1262    .text.FM17622_ReadTagData  bsp_fm17622.o
    0x08000644   0x08000644   0x000000a0   Code   RO         1248    .text.FM17622_RequestA  bsp_fm17622.o
    0x080006e4   0x080006e4   0x000000c0   Code   RO         1254    .text.FM17622_Select  bsp_fm17622.o
    0x080007a4   0x080007a4   0x00000016   Code   RO         1242    .text.FM17622_SetBitMask  bsp_fm17622.o
    0x080007ba   0x080007ba   0x00000046   Code   RO         1234    .text.FM17622_WriteReg  bsp_fm17622.o
    0x08000800   0x08000800   0x00000002   Code   RO         1164    .text.HardFault_Handler  gd32e23x_it.o
    0x08000802   0x08000802   0x00000010   Code   RO         1162    .text.NMI_Handler   gd32e23x_it.o
    0x08000812   0x08000812   0x00000040   Code   RO         1279    .text.Pack_Data_Frame  protocol.o
    0x08000852   0x08000852   0x00000002   Code   RO         1168    .text.PendSV_Handler  gd32e23x_it.o
    0x08000854   0x08000854   0x00000002   Code   RO         1166    .text.SVC_Handler   gd32e23x_it.o
    0x08000856   0x08000856   0x00000002   PAD
    0x08000858   0x08000858   0x00000024   Code   RO         1192    .text.SysTick_Config  bsp_systick.o
    0x0800087c   0x0800087c   0x00000020   Code   RO         1198    .text.SysTick_Handler  bsp_systick.o
    0x0800089c   0x0800089c   0x000000ec   Code   RO         1141    .text.SystemInit    system_gd32e23x.o
    0x08000988   0x08000988   0x00000008   Code   RO         1170    .text.USART0_IRQHandler  gd32e23x_it.o
    0x08000990   0x08000990   0x0000001c   Code   RO          477    .text.__NVIC_EnableIRQ  gd32e23x_misc.o
    0x080009ac   0x080009ac   0x00000040   Code   RO          475    .text.__NVIC_SetPriority  gd32e23x_misc.o
    0x080009ec   0x080009ec   0x00000018   Code   RO         1194    .text.__NVIC_SetPriority  bsp_systick.o
    0x08000a04   0x08000a04   0x00000022   Code   RO         1143    .text._soft_delay_  system_gd32e23x.o
    0x08000a26   0x08000a26   0x00000002   PAD
    0x08000a28   0x08000a28   0x0000006c   Code   RO         1305    .text.app_handle_query_uid  app_protocol.o
    0x08000a94   0x08000a94   0x0000007c   Code   RO         1307    .text.app_handle_write_key  app_protocol.o
    0x08000b10   0x08000b10   0x000000b4   Code   RO         1303    .text.app_process_frame  app_protocol.o
    0x08000bc4   0x08000bc4   0x000000a4   Code   RO         1301    .text.app_protocol_init  app_protocol.o
    0x08000c68   0x08000c68   0x000001e0   Code   RO         1309    .text.app_rfid_poll_task  app_protocol.o
    0x08000e48   0x08000e48   0x0000007c   Code   RO         1313    .text.app_uart_rx_task  app_protocol.o
    0x08000ec4   0x08000ec4   0x00000090   Code   RO         1311    .text.app_upload_data  app_protocol.o
    0x08000f54   0x08000f54   0x00000090   Code   RO         1264    .text.block_to_tag_data  bsp_fm17622.o
    0x08000fe4   0x08000fe4   0x00000040   Code   RO         1210    .text.bsp_i2c_init  bsp_i2c.o
    0x08001024   0x08001024   0x000000c8   Code   RO         1349    .text.bsp_uart_init  bsp_usart.o
    0x080010ec   0x080010ec   0x00000008   Code   RO         1403    .text.bsp_watchdog_feed  bsp_watchdog.o
    0x080010f4   0x080010f4   0x0000003c   Code   RO         1401    .text.bsp_watchdog_init  bsp_watchdog.o
    0x08001130   0x08001130   0x000000dc   Code   RO         1389    .text.crypto_chip_encrypt  bsp_crypto.o
    0x0800120c   0x0800120c   0x0000011c   Code   RO         1385    .text.crypto_chip_init  bsp_crypto.o
    0x08001328   0x08001328   0x00000010   Code   RO         1196    .text.delay_ms      bsp_systick.o
    0x08001338   0x08001338   0x000003b0   Code   RO         1446    .text.des3_crypt_ecb  des.o
    0x080016e8   0x080016e8   0x00000052   Code   RO         1460    .text.des3_ecb_decrypt  des.o
    0x0800173a   0x0800173a   0x000000a4   Code   RO         1458    .text.des3_ecb_encrypt  des.o
    0x080017de   0x080017de   0x0000000e   Code   RO         1420    .text.des3_free     des.o
    0x080017ec   0x080017ec   0x00000092   Code   RO         1432    .text.des3_set2key  des.o
    0x0800187e   0x0800187e   0x00000020   Code   RO         1434    .text.des3_set2key_dec  des.o
    0x0800189e   0x0800189e   0x0000001e   Code   RO         1430    .text.des3_set2key_enc  des.o
    0x080018bc   0x080018bc   0x00000098   Code   RO         1438    .text.des3_set3key  des.o
    0x08001954   0x08001954   0x00000020   Code   RO         1440    .text.des3_set3key_dec  des.o
    0x08001974   0x08001974   0x0000001e   Code   RO         1436    .text.des3_set3key_enc  des.o
    0x08001992   0x08001992   0x00000002   PAD
    0x08001994   0x08001994   0x0000033c   Code   RO         1424    .text.des_setkey    des.o
    0x08001cd0   0x08001cd0   0x00000014   Code   RO         1329    .text.flash_key_is_stored  bsp_flash.o
    0x08001ce4   0x08001ce4   0x00000034   Code   RO         1331    .text.flash_key_read  bsp_flash.o
    0x08001d18   0x08001d18   0x000000b4   Code   RO         1333    .text.flash_key_write  bsp_flash.o
    0x08001dcc   0x08001dcc   0x0000000c   Code   RO         1335    .text.flash_uart_protect_enter  bsp_flash.o
    0x08001dd8   0x08001dd8   0x00000050   Code   RO         1337    .text.flash_uart_protect_exit  bsp_flash.o
    0x08001e28   0x08001e28   0x00000078   Code   RO         1558    .text.fm_chk_result  se_cmd.o
    0x08001ea0   0x08001ea0   0x00000014   Code   RO         1520    .text.fm_i2c_close_device  fmse_i2c.o
    0x08001eb4   0x08001eb4   0x00000010   Code   RO         1516    .text.fm_i2c_dev_init  fmse_i2c.o
    0x08001ec4   0x08001ec4   0x00000008   Code   RO         1512    .text.fm_i2c_drv_reg  fmse_i2c.o
    0x08001ecc   0x08001ecc   0x00000008   Code   RO         1514    .text.fm_i2c_drv_unreg  fmse_i2c.o
    0x08001ed4   0x08001ed4   0x00000038   Code   RO         1526    .text.fm_i2c_get_atr  fmse_i2c.o
    0x08001f0c   0x08001f0c   0x00000014   Code   RO         1518    .text.fm_i2c_open_device  fmse_i2c.o
    0x08001f20   0x08001f20   0x000000d8   Code   RO         1524    .text.fm_i2c_recv_frame  fmse_i2c.o
    0x08001ff8   0x08001ff8   0x000000a0   Code   RO         1522    .text.fm_i2c_send_frame  fmse_i2c.o
    0x08002098   0x08002098   0x00000050   Code   RO         1532    .text.fm_i2c_transceive  fmse_i2c.o
    0x080020e8   0x080020e8   0x00000038   Code   RO         1548    .text.fm_memmove    se_cmd.o
    0x08002120   0x08002120   0x00000020   Code   RO         1554    .text.fm_se_register  se_cmd.o
    0x08002140   0x08002140   0x000000b4   Code   RO         1258    .text.fm_transceive  bsp_fm17622.o
    0x080021f4   0x080021f4   0x00000008   Code   RO          313    .text.fmc_flag_clear  gd32e23x_fmc.o
    0x080021fc   0x080021fc   0x0000000c   Code   RO          263    .text.fmc_lock      gd32e23x_fmc.o
    0x08002208   0x08002208   0x0000003c   Code   RO          271    .text.fmc_page_erase  gd32e23x_fmc.o
    0x08002244   0x08002244   0x00000020   Code   RO          273    .text.fmc_ready_wait  gd32e23x_fmc.o
    0x08002264   0x08002264   0x00000024   Code   RO          319    .text.fmc_state_get  gd32e23x_fmc.o
    0x08002288   0x08002288   0x00000020   Code   RO          261    .text.fmc_unlock    gd32e23x_fmc.o
    0x080022a8   0x080022a8   0x0000003c   Code   RO          279    .text.fmc_word_program  gd32e23x_fmc.o
    0x080022e4   0x080022e4   0x00000014   Code   RO         1530    .text.fmse_check_timeout  fmse_i2c.o
    0x080022f8   0x080022f8   0x00000002   Code   RO         1489    .text.fmse_i2c_init  fmse_port.o
    0x080022fa   0x080022fa   0x0000000a   Code   RO         1497    .text.fmse_i2c_recv_char  fmse_port.o
    0x08002304   0x08002304   0x0000000a   Code   RO         1501    .text.fmse_i2c_recv_char_nak  fmse_port.o
    0x0800230e   0x0800230e   0x0000000c   Code   RO         1499    .text.fmse_i2c_send_addr  fmse_port.o
    0x0800231a   0x0800231a   0x0000000c   Code   RO         1495    .text.fmse_i2c_send_char  fmse_port.o
    0x08002326   0x08002326   0x00000008   Code   RO         1491    .text.fmse_i2c_start  fmse_port.o
    0x0800232e   0x0800232e   0x00000008   Code   RO         1493    .text.fmse_i2c_stop  fmse_port.o
    0x08002336   0x08002336   0x00000002   PAD
    0x08002338   0x08002338   0x00000014   Code   RO         1528    .text.fmse_init_timeout_ms  fmse_i2c.o
    0x0800234c   0x0800234c   0x0000000a   Code   RO         1487    .text.fmse_power_off  fmse_port.o
    0x08002356   0x08002356   0x0000000a   Code   RO         1485    .text.fmse_power_on  fmse_port.o
    0x08002360   0x08002360   0x00000028   Code   RO         1351    .text.fputc         bsp_usart.o
    0x08002388   0x08002388   0x00000050   Code   RO          343    .text.fwdgt_config  gd32e23x_fwdgt.o
    0x080023d8   0x080023d8   0x0000000c   Code   RO          341    .text.fwdgt_counter_reload  gd32e23x_fwdgt.o
    0x080023e4   0x080023e4   0x0000000c   Code   RO          333    .text.fwdgt_enable  gd32e23x_fwdgt.o
    0x080023f0   0x080023f0   0x00000014   Code   RO          345    .text.fwdgt_flag_get  gd32e23x_fwdgt.o
    0x08002404   0x08002404   0x00000010   Code   RO          329    .text.fwdgt_write_enable  gd32e23x_fwdgt.o
    0x08002414   0x08002414   0x000000fc   Code   RO         1586    .text.get_se_data   se_cmd.o
    0x08002510   0x08002510   0x0000005e   Code   RO          377    .text.gpio_af_set   gd32e23x_gpio.o
    0x0800256e   0x0800256e   0x00000004   Code   RO          363    .text.gpio_bit_reset  gd32e23x_gpio.o
    0x08002572   0x08002572   0x00000004   Code   RO          361    .text.gpio_bit_set  gd32e23x_gpio.o
    0x08002576   0x08002576   0x0000000a   Code   RO          369    .text.gpio_input_bit_get  gd32e23x_gpio.o
    0x08002580   0x08002580   0x00000042   Code   RO          357    .text.gpio_mode_set  gd32e23x_gpio.o
    0x080025c2   0x080025c2   0x00000046   Code   RO          359    .text.gpio_output_options_set  gd32e23x_gpio.o
    0x08002608   0x08002608   0x00000038   Code   RO         1224    .text.i2c_bus_recovery  bsp_i2c.o
    0x08002640   0x08002640   0x00000016   Code   RO         1214    .text.i2c_delay     bsp_i2c.o
    0x08002656   0x08002656   0x00000002   PAD
    0x08002658   0x08002658   0x00000024   Code   RO         1236    .text.i2c_err_track  bsp_fm17622.o
    0x0800267c   0x0800267c   0x00000088   Code   RO         1222    .text.i2c_read_byte  bsp_i2c.o
    0x08002704   0x08002704   0x00000054   Code   RO         1218    .text.i2c_send_byte  bsp_i2c.o
    0x08002758   0x08002758   0x00000034   Code   RO         1212    .text.i2c_start     bsp_i2c.o
    0x0800278c   0x0800278c   0x00000028   Code   RO         1216    .text.i2c_stop      bsp_i2c.o
    0x080027b4   0x080027b4   0x0000004c   Code   RO         1220    .text.i2c_wait_ack  bsp_i2c.o
    0x08002800   0x08002800   0x00000164   Code   RO         1179    .text.main          main.o
    0x08002964   0x08002964   0x000000d8   Code   RO         1578    .text.mcu_l013_mutual_auth  se_cmd.o
    0x08002a3c   0x08002a3c   0x00000010   Code   RO          473    .text.nvic_irq_enable  gd32e23x_misc.o
    0x08002a4c   0x08002a4c   0x00000018   Code   RO          487    .text.nvic_vector_table_set  gd32e23x_misc.o
    0x08002a64   0x08002a64   0x00000004   Code   RO         1287    .text.protocol_get_parsed_frame  protocol.o
    0x08002a68   0x08002a68   0x000000e8   Code   RO         1283    .text.protocol_parse_byte  protocol.o
    0x08002b50   0x08002b50   0x00000024   Code   RO         1281    .text.protocol_parser_init  protocol.o
    0x08002b74   0x08002b74   0x00000050   Code   RO         1285    .text.protocol_verify_crc  protocol.o
    0x08002bc4   0x08002bc4   0x00000184   Code   RO          603    .text.rcu_clock_freq_get  gd32e23x_rcu.o
    0x08002d48   0x08002d48   0x00000014   Code   RO          539    .text.rcu_periph_clock_enable  gd32e23x_rcu.o
    0x08002d5c   0x08002d5c   0x00000014   Code   RO          549    .text.rcu_periph_reset_disable  gd32e23x_rcu.o
    0x08002d70   0x08002d70   0x00000018   Code   RO          547    .text.rcu_periph_reset_enable  gd32e23x_rcu.o
    0x08002d88   0x08002d88   0x00000068   Code   RO         1574    .text.se_auth1      se_cmd.o
    0x08002df0   0x08002df0   0x00000074   Code   RO         1576    .text.se_auth2      se_cmd.o
    0x08002e64   0x08002e64   0x00000014   Code   RO          803    .text.syscfg_flag_get  gd32e23x_syscfg.o
    0x08002e78   0x08002e78   0x000000f4   Code   RO         1151    .text.system_clock_72m_hxtal  system_gd32e23x.o
    0x08002f6c   0x08002f6c   0x00000008   Code   RO         1145    .text.system_clock_config  system_gd32e23x.o
    0x08002f74   0x08002f74   0x00000024   Code   RO         1190    .text.systick_config  bsp_systick.o
    0x08002f98   0x08002f98   0x00000082   Code   RO         1266    .text.tag_data_serialize  bsp_fm17622.o
    0x0800301a   0x0800301a   0x00000002   PAD
    0x0800301c   0x0800301c   0x00000010   Code   RO         1357    .text.uart_rx_available  bsp_usart.o
    0x0800302c   0x0800302c   0x0000000c   Code   RO         1361    .text.uart_rx_flush  bsp_usart.o
    0x08003038   0x08003038   0x00000014   Code   RO         1359    .text.uart_rx_read_byte  bsp_usart.o
    0x0800304c   0x0800304c   0x00000020   Code   RO         1353    .text.uart_send_byte  bsp_usart.o
    0x0800306c   0x0800306c   0x0000001a   Code   RO         1355    .text.uart_send_data  bsp_usart.o
    0x08003086   0x08003086   0x00000002   PAD
    0x08003088   0x08003088   0x0000003c   Code   RO         1376    .text.uid_read      bsp_uid.o
    0x080030c4   0x080030c4   0x00000040   Code   RO         1363    .text.usart0_isr    bsp_usart.o
    0x08003104   0x08003104   0x00000050   Code   RO          971    .text.usart_baudrate_set  gd32e23x_usart.o
    0x08003154   0x08003154   0x00000008   Code   RO         1007    .text.usart_data_receive  gd32e23x_usart.o
    0x0800315c   0x0800315c   0x0000000c   Code   RO         1005    .text.usart_data_transmit  gd32e23x_usart.o
    0x08003168   0x08003168   0x00000034   Code   RO          969    .text.usart_deinit  gd32e23x_usart.o
    0x0800319c   0x0800319c   0x0000000a   Code   RO          979    .text.usart_enable  gd32e23x_usart.o
    0x080031a6   0x080031a6   0x00000010   Code   RO         1099    .text.usart_flag_clear  gd32e23x_usart.o
    0x080031b6   0x080031b6   0x00000010   Code   RO         1097    .text.usart_flag_get  gd32e23x_usart.o
    0x080031c6   0x080031c6   0x00000012   Code   RO         1103    .text.usart_interrupt_disable  gd32e23x_usart.o
    0x080031d8   0x080031d8   0x00000012   Code   RO         1101    .text.usart_interrupt_enable  gd32e23x_usart.o
    0x080031ea   0x080031ea   0x0000001e   Code   RO         1107    .text.usart_interrupt_flag_get  gd32e23x_usart.o
    0x08003208   0x08003208   0x00000010   Code   RO          985    .text.usart_receive_config  gd32e23x_usart.o
    0x08003218   0x08003218   0x00000010   Code   RO          983    .text.usart_transmit_config  gd32e23x_usart.o
    0x08003228   0x08003228   0x000000b4   Code   RO         1584    .text.write_se_data  se_cmd.o
    0x080032dc   0x080032dc   0x0000000e   Code   RO         1416    .text.zeroize       des.o
    0x080032ea   0x080032ea   0x00000002   PAD
    0x080032ec   0x080032ec   0x00000020   Code   RO         1836    i.__0printf$8       mc_p.l(printf8.o)
    0x0800330c   0x0800330c   0x0000000e   Code   RO         1980    i.__scatterload_copy  mc_p.l(handlers.o)
    0x0800331a   0x0800331a   0x00000002   Code   RO         1981    i.__scatterload_null  mc_p.l(handlers.o)
    0x0800331c   0x0800331c   0x0000000e   Code   RO         1982    i.__scatterload_zeroinit  mc_p.l(handlers.o)
    0x0800332a   0x0800332a   0x00000002   PAD
    0x0800332c   0x0800332c   0x00000428   Code   RO         1843    i._printf_core      mc_p.l(printf8.o)
    0x08003754   0x08003754   0x00000020   Code   RO         1844    i._printf_post_padding  mc_p.l(printf8.o)
    0x08003774   0x08003774   0x0000002c   Code   RO         1845    i._printf_pre_padding  mc_p.l(printf8.o)
    0x080037a0   0x080037a0   0x00000054   Code   RO         1890    i.free              mc_p.l(malloc.o)
    0x080037f4   0x080037f4   0x0000006c   Code   RO         1891    i.malloc            mc_p.l(malloc.o)
    0x08003860   0x08003860   0x00000020   Code   RO         1614    i.puts              mc_p.l(puts.o)
    0x08003880   0x08003880   0x00000040   Data   RO         1467    .rodata.LHs         des.o
    0x080038c0   0x080038c0   0x00000040   Data   RO         1468    .rodata.RHs         des.o
    0x08003900   0x08003900   0x00000100   Data   RO         1476    .rodata.SB1         des.o
    0x08003a00   0x08003a00   0x00000100   Data   RO         1472    .rodata.SB2         des.o
    0x08003b00   0x08003b00   0x00000100   Data   RO         1475    .rodata.SB3         des.o
    0x08003c00   0x08003c00   0x00000100   Data   RO         1471    .rodata.SB4         des.o
    0x08003d00   0x08003d00   0x00000100   Data   RO         1474    .rodata.SB5         des.o
    0x08003e00   0x08003e00   0x00000100   Data   RO         1470    .rodata.SB6         des.o
    0x08003f00   0x08003f00   0x00000100   Data   RO         1473    .rodata.SB7         des.o
    0x08004000   0x08004000   0x00000100   Data   RO         1469    .rodata.SB8         des.o
    0x08004100   0x08004100   0x00000125   Data   RO         1181    .rodata.str1.1      main.o
    0x08004225   0x08004225   0x00000075   Data   RO         1319    .rodata.str1.1      app_protocol.o
    0x0800429a   0x0800429a   0x0000001a   Data   RO         1392    .rodata.str1.1      bsp_crypto.o
    0x080042b4   0x080042b4   0x00000020   Data   RO         1979    Region$$Table       anon$$obj.o


    Execution Region RW_IRAM1 (Exec base: 0x20000000, Load base: 0x080042d8, Size: 0x00000e68, Max: 0x00002000, ABSOLUTE)

    Exec Addr    Load Addr    Size         Type   Attr      Idx    E Section Name        Object

    0x20000000   0x080042d8   0x00000004   Data   RW         1619    .data               mc_p.l(rand.o)
    0x20000004   0x080042dc   0x00000004   Data   RW         1934    .data               mc_p.l(stdout.o)
    0x20000008   0x080042e0   0x00000004   Data   RW         1943    .data               mc_p.l(mvars.o)
    0x2000000c   0x080042e4   0x00000004   Data   RW         1944    .data               mc_p.l(mvars.o)
    0x20000010   0x080042e8   0x00000004   Data   RW         1153    .data.SystemCoreClock  system_gd32e23x.o
    0x20000014   0x080042ec   0x00000008   Data   RW         1602    .data.apdu_padding  se_cmd.o
    0x2000001c   0x080042f4   0x00000020   Data   RW         1536    .data.gfm_se_i2c    fmse_i2c.o
    0x2000003c   0x08004314   0x00000028   Data   RW         1503    .data.gusr_i2c_drv  fmse_port.o
    0x20000064   0x0800433c   0x00000010   Data   RW         1600    .data.mcu_com_key   se_cmd.o
    0x20000074   0x0800434c   0x00000004   PAD
    0x20000078        -       0x00000020   Zero   RW         1601    .bss.apdu_cipher    se_cmd.o
    0x20000098        -       0x00000040   Zero   RW         1603    .bss.apdu_plain     se_cmd.o
    0x200000d8        -       0x00000040   Zero   RW         1597    .bss.apdu_rbuf      se_cmd.o
    0x20000118        -       0x00000002   Zero   RW         1598    .bss.apdu_rlen      se_cmd.o
    0x2000011a   0x0800434c   0x00000002   PAD
    0x2000011c        -       0x00000004   Zero   RW         1318    .bss.app_rfid_poll_task.last_poll  app_protocol.o
    0x20000120        -       0x00000004   Zero   RW         1599    .bss.auth_cnt       se_cmd.o
    0x20000124        -       0x00000004   Zero   RW         1201    .bss.delay_count    bsp_systick.o
    0x20000128        -       0x00000004   Zero   RW         1200    .bss.g_sys_tick_ms  bsp_systick.o
    0x2000012c        -       0x00000001   Zero   RW         1535    .bss.gfm_I2CAddr    fmse_i2c.o
    0x2000012d        -       0x00000105   Zero   RW         1595    .bss.gfm_SeCmdHand  se_cmd.o
    0x20000232   0x0800434c   0x00000002   PAD
    0x20000234        -       0x00000004   Zero   RW         1534    .bss.pgfm_I2CDrv    fmse_i2c.o
    0x20000238        -       0x00000004   Zero   RW         1594    .bss.pgfm_SeFunc    se_cmd.o
    0x2000023c        -       0x00000100   Zero   RW         1292    .bss.protocol_verify_crc.temp_buf  protocol.o
    0x2000033c        -       0x00000001   Zero   RW         1315    .bss.s_card_present  app_protocol.o
    0x2000033d        -       0x00000001   Zero   RW         1291    .bss.s_data_index   protocol.o
    0x2000033e        -       0x00000001   Zero   RW         1268    .bss.s_i2c_err_count  bsp_fm17622.o
    0x2000033f   0x0800434c   0x00000001   PAD
    0x20000340        -       0x0000000a   Zero   RW         1317    .bss.s_last_card_uid  app_protocol.o
    0x2000034a        -       0x00000001   Zero   RW         1316    .bss.s_last_card_uid_len  app_protocol.o
    0x2000034b        -       0x00000001   Zero   RW         1289    .bss.s_parse_state  protocol.o
    0x2000034c        -       0x000000fe   Zero   RW         1290    .bss.s_parsed_frame  protocol.o
    0x2000044a        -       0x00000100   Zero   RW         1367    .bss.s_rx_buf       bsp_usart.o
    0x2000054a        -       0x00000002   Zero   RW         1365    .bss.s_rx_head      bsp_usart.o
    0x2000054c        -       0x00000002   Zero   RW         1366    .bss.s_rx_tail      bsp_usart.o
    0x2000054e        -       0x00000001   Zero   RW         1391    .bss.s_se_authenticated  bsp_crypto.o
    0x2000054f   0x0800434c   0x00000001   PAD
    0x20000550        -       0x00000004   Zero   RW         1537    .bss.s_timeout_deadline  fmse_i2c.o
    0x20000554        -       0x00000100   Zero   RW         1320    .bss.s_tx_buf       app_protocol.o
    0x20000654        -       0x00000010   Zero   RW         1596    .bss.session_key    se_cmd.o
    0x20000664   0x0800434c   0x00000004   PAD
    0x20000668        -       0x00000400   Zero   RW            2    HEAP                startup_gd32e23x.o
    0x20000a68        -       0x00000400   Zero   RW            1    STACK               startup_gd32e23x.o


==============================================================================

Image component sizes


      Code (inc. data)   RO Data    RW Data    ZI Data      Debug   Object Name

      1324        612        117          0        272       4371   app_protocol.o
       504        248         26          0          1       2741   bsp_crypto.o
       344         20          0          0          0       3338   bsp_flash.o
      1846         28          0          0          1       8424   bsp_fm17622.o
       530         12          0          0          0       2600   bsp_i2c.o
       144         24          0          0          8       3031   bsp_systick.o
        60          4          0          0          0        819   bsp_uid.o
       410         44          0          0        260       4942   bsp_usart.o
        68          0          0          0          0        761   bsp_watchdog.o
      2468         76       2176          0          0      14492   des.o
       624         20          0         32          9       4991   fmse_i2c.o
        82          0          0         40          0       1899   fmse_port.o
       240         20          0          0          0       7254   gd32e23x_fmc.o
       140         28          0          0          0       2882   gd32e23x_fwdgt.o
       248          0          0          0          0       4883   gd32e23x_gpio.o
        30          0          0          0          0        938   gd32e23x_it.o
       132         20          0          0          0       4039   gd32e23x_misc.o
       452         48          0          0          0      13327   gd32e23x_rcu.o
        20          4          0          0          0       2857   gd32e23x_syscfg.o
       292         24          0          0          0      13962   gd32e23x_usart.o
       356        168        293          0          0        896   main.o
       476         20          0          0        512       4016   protocol.o
      1076        104          0         24        447      17265   se_cmd.o
        68         22        204          0       2048        640   startup_gd32e23x.o
       522         32          0          4          0       2482   system_gd32e23x.o

    ----------------------------------------------------------------------
     12476       1578       2848        100       3572     127850   Object Totals
         0          0         32          0          0          0   (incl. Generated)
        20          0          0          0         14          0   (incl. Padding)

    ----------------------------------------------------------------------

      Code (inc. data)   RO Data    RW Data    ZI Data      Debug   Library Member Name

         0          0          0          0          0          0   entry.o
         0          0          0          0          0          0   entry10a.o
         0          0          0          0          0          0   entry11a.o
         8          4          0          0          0          0   entry2.o
         4          0          0          0          0          0   entry5.o
         0          0          0          0          0          0   entry7b.o
         0          0          0          0          0          0   entry8b.o
         8          4          0          0          0          0   entry9a.o
        30          0          0          0          0          0   handlers.o
        36          8          0          0          0         68   init.o
        32          0          0          0          0         68   llshl.o
        34          0          0          0          0         68   llushr.o
       192         20          0          0          0        144   malloc.o
        26          0          0          0          0         72   memcmp.o
        36          0          0          0          0         60   memcpya.o
        36          0          0          0          0        100   memseta.o
         0          0          0          8          0          0   mvars.o
      1172         52          0          0          0        324   printf8.o
        32          4          0          0          0         68   puts.o
        36         12          0          4          0        120   rand.o
         0          0          0          4          0          0   stdout.o
        96          0          0          0          0         84   uldiv.o

    ----------------------------------------------------------------------
      1784        104          0         16          0       1176   Library Totals
         6          0          0          0          0          0   (incl. Padding)

    ----------------------------------------------------------------------

      Code (inc. data)   RO Data    RW Data    ZI Data      Debug   Library Name

      1778        104          0         16          0       1176   mc_p.l

    ----------------------------------------------------------------------
      1784        104          0         16          0       1176   Library Totals

    ----------------------------------------------------------------------

==============================================================================


      Code (inc. data)   RO Data    RW Data    ZI Data      Debug   

     14260       1682       2848        116       3572     128326   Grand Totals
     14260       1682       2848        116       3572     128326   ELF Image Totals
     14260       1682       2848        116          0          0   ROM Totals

==============================================================================

    Total RO  Size (Code + RO Data)                17108 (  16.71kB)
    Total RW  Size (RW Data + ZI Data)              3688 (   3.60kB)
    Total ROM Size (Code + RO Data + RW Data)      17224 (  16.82kB)

==============================================================================

