Component: ARM Compiler 6.16 Tool: armlink [5dfeaa00]

==============================================================================

Section Cross References

    startup_gd32e23x.o(RESET) refers to startup_gd32e23x.o(STACK) for __initial_sp
    startup_gd32e23x.o(RESET) refers to startup_gd32e23x.o(.text) for Reset_Handler
    startup_gd32e23x.o(RESET) refers to gd32e23x_it.o(.text.NMI_Handler) for NMI_Handler
    startup_gd32e23x.o(RESET) refers to gd32e23x_it.o(.text.HardFault_Handler) for HardFault_Handler
    startup_gd32e23x.o(RESET) refers to gd32e23x_it.o(.text.SVC_Handler) for SVC_Handler
    startup_gd32e23x.o(RESET) refers to gd32e23x_it.o(.text.PendSV_Handler) for PendSV_Handler
    startup_gd32e23x.o(RESET) refers to bsp_systick.o(.text.SysTick_Handler) for SysTick_Handler
    startup_gd32e23x.o(RESET) refers to gd32e23x_it.o(.text.USART0_IRQHandler) for USART0_IRQHandler
    startup_gd32e23x.o(.text) refers to system_gd32e23x.o(.text.SystemInit) for SystemInit
    startup_gd32e23x.o(.text) refers to entry.o(.ARM.Collect$$$$00000000) for __main
    gd32e23x_adc.o(.text.adc_deinit) refers to gd32e23x_rcu.o(.text.rcu_periph_reset_enable) for rcu_periph_reset_enable
    gd32e23x_adc.o(.text.adc_deinit) refers to gd32e23x_rcu.o(.text.rcu_periph_reset_disable) for rcu_periph_reset_disable
    gd32e23x_adc.o(.ARM.exidx.text.adc_deinit) refers to gd32e23x_adc.o(.text.adc_deinit) for [Anonymous Symbol]
    gd32e23x_adc.o(.ARM.exidx.text.adc_enable) refers to gd32e23x_adc.o(.text.adc_enable) for [Anonymous Symbol]
    gd32e23x_adc.o(.ARM.exidx.text.adc_disable) refers to gd32e23x_adc.o(.text.adc_disable) for [Anonymous Symbol]
    gd32e23x_adc.o(.ARM.exidx.text.adc_calibration_enable) refers to gd32e23x_adc.o(.text.adc_calibration_enable) for [Anonymous Symbol]
    gd32e23x_adc.o(.ARM.exidx.text.adc_dma_mode_enable) refers to gd32e23x_adc.o(.text.adc_dma_mode_enable) for [Anonymous Symbol]
    gd32e23x_adc.o(.ARM.exidx.text.adc_dma_mode_disable) refers to gd32e23x_adc.o(.text.adc_dma_mode_disable) for [Anonymous Symbol]
    gd32e23x_adc.o(.ARM.exidx.text.adc_tempsensor_vrefint_enable) refers to gd32e23x_adc.o(.text.adc_tempsensor_vrefint_enable) for [Anonymous Symbol]
    gd32e23x_adc.o(.ARM.exidx.text.adc_tempsensor_vrefint_disable) refers to gd32e23x_adc.o(.text.adc_tempsensor_vrefint_disable) for [Anonymous Symbol]
    gd32e23x_adc.o(.ARM.exidx.text.adc_discontinuous_mode_config) refers to gd32e23x_adc.o(.text.adc_discontinuous_mode_config) for [Anonymous Symbol]
    gd32e23x_adc.o(.ARM.exidx.text.adc_special_function_config) refers to gd32e23x_adc.o(.text.adc_special_function_config) for [Anonymous Symbol]
    gd32e23x_adc.o(.ARM.exidx.text.adc_data_alignment_config) refers to gd32e23x_adc.o(.text.adc_data_alignment_config) for [Anonymous Symbol]
    gd32e23x_adc.o(.ARM.exidx.text.adc_channel_length_config) refers to gd32e23x_adc.o(.text.adc_channel_length_config) for [Anonymous Symbol]
    gd32e23x_adc.o(.ARM.exidx.text.adc_regular_channel_config) refers to gd32e23x_adc.o(.text.adc_regular_channel_config) for [Anonymous Symbol]
    gd32e23x_adc.o(.ARM.exidx.text.adc_inserted_channel_config) refers to gd32e23x_adc.o(.text.adc_inserted_channel_config) for [Anonymous Symbol]
    gd32e23x_adc.o(.ARM.exidx.text.adc_inserted_channel_offset_config) refers to gd32e23x_adc.o(.text.adc_inserted_channel_offset_config) for [Anonymous Symbol]
    gd32e23x_adc.o(.ARM.exidx.text.adc_external_trigger_config) refers to gd32e23x_adc.o(.text.adc_external_trigger_config) for [Anonymous Symbol]
    gd32e23x_adc.o(.ARM.exidx.text.adc_external_trigger_source_config) refers to gd32e23x_adc.o(.text.adc_external_trigger_source_config) for [Anonymous Symbol]
    gd32e23x_adc.o(.ARM.exidx.text.adc_software_trigger_enable) refers to gd32e23x_adc.o(.text.adc_software_trigger_enable) for [Anonymous Symbol]
    gd32e23x_adc.o(.ARM.exidx.text.adc_regular_data_read) refers to gd32e23x_adc.o(.text.adc_regular_data_read) for [Anonymous Symbol]
    gd32e23x_adc.o(.ARM.exidx.text.adc_inserted_data_read) refers to gd32e23x_adc.o(.text.adc_inserted_data_read) for [Anonymous Symbol]
    gd32e23x_adc.o(.ARM.exidx.text.adc_flag_get) refers to gd32e23x_adc.o(.text.adc_flag_get) for [Anonymous Symbol]
    gd32e23x_adc.o(.ARM.exidx.text.adc_flag_clear) refers to gd32e23x_adc.o(.text.adc_flag_clear) for [Anonymous Symbol]
    gd32e23x_adc.o(.ARM.exidx.text.adc_interrupt_flag_get) refers to gd32e23x_adc.o(.text.adc_interrupt_flag_get) for [Anonymous Symbol]
    gd32e23x_adc.o(.ARM.exidx.text.adc_interrupt_flag_clear) refers to gd32e23x_adc.o(.text.adc_interrupt_flag_clear) for [Anonymous Symbol]
    gd32e23x_adc.o(.ARM.exidx.text.adc_interrupt_enable) refers to gd32e23x_adc.o(.text.adc_interrupt_enable) for [Anonymous Symbol]
    gd32e23x_adc.o(.ARM.exidx.text.adc_interrupt_disable) refers to gd32e23x_adc.o(.text.adc_interrupt_disable) for [Anonymous Symbol]
[...]
    Removing gd32e23x_usart.o(.ARM.exidx.text.usart_data_first_config), (8 bytes).
    Removing gd32e23x_usart.o(.text.usart_invert_config), (112 bytes).
    Removing gd32e23x_usart.o(.ARM.exidx.text.usart_invert_config), (8 bytes).
    Removing gd32e23x_usart.o(.text.usart_overrun_enable), (20 bytes).
    Removing gd32e23x_usart.o(.ARM.exidx.text.usart_overrun_enable), (8 bytes).
    Removing gd32e23x_usart.o(.text.usart_overrun_disable), (20 bytes).
    Removing gd32e23x_usart.o(.ARM.exidx.text.usart_overrun_disable), (8 bytes).
    Removing gd32e23x_usart.o(.text.usart_oversample_config), (26 bytes).
    Removing gd32e23x_usart.o(.ARM.exidx.text.usart_oversample_config), (8 bytes).
    Removing gd32e23x_usart.o(.text.usart_sample_bit_config), (26 bytes).
    Removing gd32e23x_usart.o(.ARM.exidx.text.usart_sample_bit_config), (8 bytes).
    Removing gd32e23x_usart.o(.text.usart_receiver_timeout_enable), (12 bytes).
    Removing gd32e23x_usart.o(.ARM.exidx.text.usart_receiver_timeout_enable), (8 bytes).
    Removing gd32e23x_usart.o(.text.usart_receiver_timeout_disable), (12 bytes).
    Removing gd32e23x_usart.o(.ARM.exidx.text.usart_receiver_timeout_disable), (8 bytes).
    Removing gd32e23x_usart.o(.text.usart_receiver_timeout_threshold_config), (18 bytes).
    Removing gd32e23x_usart.o(.ARM.exidx.text.usart_receiver_timeout_threshold_config), (8 bytes).
    Removing gd32e23x_usart.o(.ARM.exidx.text.usart_data_transmit), (8 bytes).
    Removing gd32e23x_usart.o(.ARM.exidx.text.usart_data_receive), (8 bytes).
    Removing gd32e23x_usart.o(.text.usart_address_config), (28 bytes).
    Removing gd32e23x_usart.o(.ARM.exidx.text.usart_address_config), (8 bytes).
    Removing gd32e23x_usart.o(.text.usart_address_detection_mode_config), (26 bytes).
    Removing gd32e23x_usart.o(.ARM.exidx.text.usart_address_detection_mode_config), (8 bytes).
    Removing gd32e23x_usart.o(.text.usart_mute_mode_enable), (12 bytes).
    Removing gd32e23x_usart.o(.ARM.exidx.text.usart_mute_mode_enable), (8 bytes).
    Removing gd32e23x_usart.o(.text.usart_mute_mode_disable), (12 bytes).
    Removing gd32e23x_usart.o(.ARM.exidx.text.usart_mute_mode_disable), (8 bytes).
    Removing gd32e23x_usart.o(.text.usart_mute_mode_wakeup_config), (26 bytes).
    Removing gd32e23x_usart.o(.ARM.exidx.text.usart_mute_mode_wakeup_config), (8 bytes).
    Removing gd32e23x_usart.o(.text.usart_lin_mode_enable), (20 bytes).
    Removing gd32e23x_usart.o(.ARM.exidx.text.usart_lin_mode_enable), (8 bytes).
    Removing gd32e23x_usart.o(.text.usart_lin_mode_disable), (20 bytes).
    Removing gd32e23x_usart.o(.ARM.exidx.text.usart_lin_mode_disable), (8 bytes).
    Removing gd32e23x_usart.o(.text.usart_lin_break_detection_length_config), (26 bytes).
    Removing gd32e23x_usart.o(.ARM.exidx.text.usart_lin_break_detection_length_config), (8 bytes).
    Removing gd32e23x_usart.o(.text.usart_halfduplex_enable), (18 bytes).
    Removing gd32e23x_usart.o(.ARM.exidx.text.usart_halfduplex_enable), (8 bytes).
    Removing gd32e23x_usart.o(.text.usart_halfduplex_disable), (18 bytes).
    Removing gd32e23x_usart.o(.ARM.exidx.text.usart_halfduplex_disable), (8 bytes).
    Removing gd32e23x_usart.o(.text.usart_clock_enable), (20 bytes).
    Removing gd32e23x_usart.o(.ARM.exidx.text.usart_clock_enable), (8 bytes).
    Removing gd32e23x_usart.o(.text.usart_clock_disable), (20 bytes).
    Removing gd32e23x_usart.o(.ARM.exidx.text.usart_clock_disable), (8 bytes).
    Removing gd32e23x_usart.o(.text.usart_synchronous_clock_config), (58 bytes).
    Removing gd32e23x_usart.o(.ARM.exidx.text.usart_synchronous_clock_config), (8 bytes).
    Removing gd32e23x_usart.o(.text.usart_guard_time_config), (30 bytes).
    Removing gd32e23x_usart.o(.ARM.exidx.text.usart_guard_time_config), (8 bytes).
    Removing gd32e23x_usart.o(.text.usart_smartcard_mode_enable), (18 bytes).
    Removing gd32e23x_usart.o(.ARM.exidx.text.usart_smartcard_mode_enable), (8 bytes).
    Removing gd32e23x_usart.o(.text.usart_smartcard_mode_disable), (18 bytes).
    Removing gd32e23x_usart.o(.ARM.exidx.text.usart_smartcard_mode_disable), (8 bytes).
    Removing gd32e23x_usart.o(.text.usart_smartcard_mode_nack_enable), (18 bytes).
    Removing gd32e23x_usart.o(.ARM.exidx.text.usart_smartcard_mode_nack_enable), (8 bytes).
    Removing gd32e23x_usart.o(.text.usart_smartcard_mode_nack_disable), (18 bytes).
    Removing gd32e23x_usart.o(.ARM.exidx.text.usart_smartcard_mode_nack_disable), (8 bytes).
    Removing gd32e23x_usart.o(.text.usart_smartcard_mode_early_nack_enable), (12 bytes).
    Removing gd32e23x_usart.o(.ARM.exidx.text.usart_smartcard_mode_early_nack_enable), (8 bytes).
    Removing gd32e23x_usart.o(.text.usart_smartcard_mode_early_nack_disable), (12 bytes).
    Removing gd32e23x_usart.o(.ARM.exidx.text.usart_smartcard_mode_early_nack_disable), (8 bytes).
    Removing gd32e23x_usart.o(.text.usart_smartcard_autoretry_config), (30 bytes).
    Removing gd32e23x_usart.o(.ARM.exidx.text.usart_smartcard_autoretry_config), (8 bytes).
    Removing gd32e23x_usart.o(.text.usart_block_length_config), (20 bytes).
    Removing gd32e23x_usart.o(.ARM.exidx.text.usart_block_length_config), (8 bytes).
    Removing gd32e23x_usart.o(.text.usart_irda_mode_enable), (18 bytes).
    Removing gd32e23x_usart.o(.ARM.exidx.text.usart_irda_mode_enable), (8 bytes).
    Removing gd32e23x_usart.o(.text.usart_irda_mode_disable), (18 bytes).
    Removing gd32e23x_usart.o(.ARM.exidx.text.usart_irda_mode_disable), (8 bytes).
    Removing gd32e23x_usart.o(.text.usart_prescaler_config), (24 bytes).
    Removing gd32e23x_usart.o(.ARM.exidx.text.usart_prescaler_config), (8 bytes).
    Removing gd32e23x_usart.o(.text.usart_irda_lowpower_config), (26 bytes).
    Removing gd32e23x_usart.o(.ARM.exidx.text.usart_irda_lowpower_config), (8 bytes).
    Removing gd32e23x_usart.o(.text.usart_hardware_flow_rts_config), (26 bytes).
    Removing gd32e23x_usart.o(.ARM.exidx.text.usart_hardware_flow_rts_config), (8 bytes).
    Removing gd32e23x_usart.o(.text.usart_hardware_flow_cts_config), (26 bytes).
    Removing gd32e23x_usart.o(.ARM.exidx.text.usart_hardware_flow_cts_config), (8 bytes).
    Removing gd32e23x_usart.o(.text.usart_hardware_flow_coherence_config), (22 bytes).
    Removing gd32e23x_usart.o(.ARM.exidx.text.usart_hardware_flow_coherence_config), (8 bytes).
    Removing gd32e23x_usart.o(.text.usart_rs485_driver_enable), (20 bytes).
    Removing gd32e23x_usart.o(.ARM.exidx.text.usart_rs485_driver_enable), (8 bytes).
    Removing gd32e23x_usart.o(.text.usart_rs485_driver_disable), (20 bytes).
    Removing gd32e23x_usart.o(.ARM.exidx.text.usart_rs485_driver_disable), (8 bytes).
    Removing gd32e23x_usart.o(.text.usart_driver_assertime_config), (30 bytes).
    Removing gd32e23x_usart.o(.ARM.exidx.text.usart_driver_assertime_config), (8 bytes).
    Removing gd32e23x_usart.o(.text.usart_driver_deassertime_config), (30 bytes).
    Removing gd32e23x_usart.o(.ARM.exidx.text.usart_driver_deassertime_config), (8 bytes).
    Removing gd32e23x_usart.o(.text.usart_depolarity_config), (28 bytes).
    Removing gd32e23x_usart.o(.ARM.exidx.text.usart_depolarity_config), (8 bytes).
    Removing gd32e23x_usart.o(.text.usart_dma_receive_config), (16 bytes).
    Removing gd32e23x_usart.o(.ARM.exidx.text.usart_dma_receive_config), (8 bytes).
    Removing gd32e23x_usart.o(.text.usart_dma_transmit_config), (16 bytes).
    Removing gd32e23x_usart.o(.ARM.exidx.text.usart_dma_transmit_config), (8 bytes).
    Removing gd32e23x_usart.o(.text.usart_reception_error_dma_disable), (20 bytes).
    Removing gd32e23x_usart.o(.ARM.exidx.text.usart_reception_error_dma_disable), (8 bytes).
    Removing gd32e23x_usart.o(.text.usart_reception_error_dma_enable), (20 bytes).
    Removing gd32e23x_usart.o(.ARM.exidx.text.usart_reception_error_dma_enable), (8 bytes).
    Removing gd32e23x_usart.o(.text.usart_wakeup_enable), (10 bytes).
    Removing gd32e23x_usart.o(.ARM.exidx.text.usart_wakeup_enable), (8 bytes).
    Removing gd32e23x_usart.o(.text.usart_wakeup_disable), (10 bytes).
    Removing gd32e23x_usart.o(.ARM.exidx.text.usart_wakeup_disable), (8 bytes).
    Removing gd32e23x_usart.o(.text.usart_wakeup_mode_config), (28 bytes).
    Removing gd32e23x_usart.o(.ARM.exidx.text.usart_wakeup_mode_config), (8 bytes).
    Removing gd32e23x_usart.o(.text.usart_receive_fifo_enable), (14 bytes).
    Removing gd32e23x_usart.o(.ARM.exidx.text.usart_receive_fifo_enable), (8 bytes).
    Removing gd32e23x_usart.o(.text.usart_receive_fifo_disable), (14 bytes).
    Removing gd32e23x_usart.o(.ARM.exidx.text.usart_receive_fifo_disable), (8 bytes).
    Removing gd32e23x_usart.o(.text.usart_receive_fifo_counter_number), (10 bytes).
    Removing gd32e23x_usart.o(.ARM.exidx.text.usart_receive_fifo_counter_number), (8 bytes).
    Removing gd32e23x_usart.o(.ARM.exidx.text.usart_flag_get), (8 bytes).
    Removing gd32e23x_usart.o(.text.usart_flag_clear), (16 bytes).
    Removing gd32e23x_usart.o(.ARM.exidx.text.usart_flag_clear), (8 bytes).
    Removing gd32e23x_usart.o(.ARM.exidx.text.usart_interrupt_enable), (8 bytes).
    Removing gd32e23x_usart.o(.text.usart_interrupt_disable), (18 bytes).
    Removing gd32e23x_usart.o(.ARM.exidx.text.usart_interrupt_disable), (8 bytes).
    Removing gd32e23x_usart.o(.text.usart_command_enable), (8 bytes).
    Removing gd32e23x_usart.o(.ARM.exidx.text.usart_command_enable), (8 bytes).
    Removing gd32e23x_usart.o(.ARM.exidx.text.usart_interrupt_flag_get), (8 bytes).
    Removing gd32e23x_usart.o(.text.usart_interrupt_flag_clear), (40 bytes).
    Removing gd32e23x_usart.o(.ARM.exidx.text.usart_interrupt_flag_clear), (8 bytes).
    Removing gd32e23x_wwdgt.o(.text), (0 bytes).
    Removing gd32e23x_wwdgt.o(.text.wwdgt_deinit), (24 bytes).
    Removing gd32e23x_wwdgt.o(.ARM.exidx.text.wwdgt_deinit), (8 bytes).
    Removing gd32e23x_wwdgt.o(.text.wwdgt_enable), (16 bytes).
    Removing gd32e23x_wwdgt.o(.ARM.exidx.text.wwdgt_enable), (8 bytes).
    Removing gd32e23x_wwdgt.o(.text.wwdgt_counter_update), (16 bytes).
    Removing gd32e23x_wwdgt.o(.ARM.exidx.text.wwdgt_counter_update), (8 bytes).
    Removing gd32e23x_wwdgt.o(.text.wwdgt_config), (20 bytes).
    Removing gd32e23x_wwdgt.o(.ARM.exidx.text.wwdgt_config), (8 bytes).
    Removing gd32e23x_wwdgt.o(.text.wwdgt_flag_get), (16 bytes).
    Removing gd32e23x_wwdgt.o(.ARM.exidx.text.wwdgt_flag_get), (8 bytes).
    Removing gd32e23x_wwdgt.o(.text.wwdgt_flag_clear), (16 bytes).
    Removing gd32e23x_wwdgt.o(.ARM.exidx.text.wwdgt_flag_clear), (8 bytes).
    Removing gd32e23x_wwdgt.o(.text.wwdgt_interrupt_enable), (20 bytes).
    Removing gd32e23x_wwdgt.o(.ARM.exidx.text.wwdgt_interrupt_enable), (8 bytes).
    Removing system_gd32e23x.o(.text), (0 bytes).
    Removing system_gd32e23x.o(.ARM.exidx.text.SystemInit), (8 bytes).
    Removing system_gd32e23x.o(.ARM.exidx.text._soft_delay_), (8 bytes).
    Removing system_gd32e23x.o(.ARM.exidx.text.system_clock_config), (8 bytes).
    Removing system_gd32e23x.o(.text.SystemCoreClockUpdate), (128 bytes).
    Removing system_gd32e23x.o(.ARM.exidx.text.SystemCoreClockUpdate), (8 bytes).
    Removing system_gd32e23x.o(.text.gd32e23x_firmware_version_get), (8 bytes).
    Removing system_gd32e23x.o(.ARM.exidx.text.gd32e23x_firmware_version_get), (8 bytes).
    Removing system_gd32e23x.o(.ARM.exidx.text.system_clock_72m_hxtal), (8 bytes).
    Removing gd32e23x_it.o(.text), (0 bytes).
    Removing gd32e23x_it.o(.ARM.exidx.text.NMI_Handler), (8 bytes).
    Removing gd32e23x_it.o(.ARM.exidx.text.HardFault_Handler), (8 bytes).
    Removing gd32e23x_it.o(.ARM.exidx.text.SVC_Handler), (8 bytes).
    Removing gd32e23x_it.o(.ARM.exidx.text.PendSV_Handler), (8 bytes).
    Removing gd32e23x_it.o(.ARM.exidx.text.USART0_IRQHandler), (8 bytes).
    Removing main.o(.text), (0 bytes).
    Removing main.o(.ARM.exidx.text.main), (8 bytes).
    Removing main.o(.ARM.use_no_argv), (4 bytes).
    Removing bsp_led.o(.text), (0 bytes).
    Removing bsp_led.o(.text.bsp_led_init), (56 bytes).
    Removing bsp_led.o(.ARM.exidx.text.bsp_led_init), (8 bytes).
    Removing bsp_led.o(.text.bsp_led_on), (14 bytes).
    Removing bsp_led.o(.ARM.exidx.text.bsp_led_on), (8 bytes).
    Removing bsp_led.o(.text.bsp_led_off), (14 bytes).
    Removing bsp_led.o(.ARM.exidx.text.bsp_led_off), (8 bytes).
    Removing bsp_led.o(.text.bsp_led_toggle), (14 bytes).
    Removing bsp_led.o(.ARM.exidx.text.bsp_led_toggle), (8 bytes).
    Removing bsp_systick.o(.text), (0 bytes).
    Removing bsp_systick.o(.ARM.exidx.text.systick_config), (8 bytes).
    Removing bsp_systick.o(.ARM.exidx.text.SysTick_Config), (8 bytes).
    Removing bsp_systick.o(.ARM.exidx.text.__NVIC_SetPriority), (8 bytes).
    Removing bsp_systick.o(.text.delay_ms), (16 bytes).
    Removing bsp_systick.o(.ARM.exidx.text.delay_ms), (8 bytes).
    Removing bsp_systick.o(.ARM.exidx.text.SysTick_Handler), (8 bytes).
    Removing bsp_i2c.o(.text), (0 bytes).
    Removing bsp_i2c.o(.ARM.exidx.text.bsp_i2c_init), (8 bytes).
    Removing bsp_i2c.o(.ARM.exidx.text.i2c_start), (8 bytes).
    Removing bsp_i2c.o(.ARM.exidx.text.i2c_delay), (8 bytes).
    Removing bsp_i2c.o(.ARM.exidx.text.i2c_stop), (8 bytes).
    Removing bsp_i2c.o(.ARM.exidx.text.i2c_send_byte), (8 bytes).
    Removing bsp_i2c.o(.ARM.exidx.text.i2c_wait_ack), (8 bytes).
    Removing bsp_fm17622.o(.text), (0 bytes).
    Removing bsp_fm17622.o(.ARM.exidx.text.FM17622_WriteReg), (8 bytes).
    Removing bsp_fm17622.o(.ARM.exidx.text.FM17622_ReadReg), (8 bytes).
    Removing bsp_fm17622.o(.ARM.exidx.text.delay_i2c_bus), (8 bytes).
    Removing bsp_fm17622.o(.ARM.exidx.text.FM17622_AntennaOn), (8 bytes).
    Removing bsp_fm17622.o(.ARM.exidx.text.FM17622_SetBitMask), (8 bytes).
    Removing bsp_fm17622.o(.ARM.exidx.text.FM17622_Init), (8 bytes).
    Removing bsp_fm17622.o(.ARM.exidx.text.FM17622_CheckComm), (8 bytes).
    Removing bsp_fm17622.o(.ARM.exidx.text.FM17622_RequestA), (8 bytes).
    Removing bsp_fm17622.o(.ARM.exidx.text.FM17622_ClearBitMask), (8 bytes).
    Removing bsp_fm17622.o(.ARM.exidx.text.FM17622_Anticoll), (8 bytes).
    Removing bsp_fm17622.o(.ARM.exidx.text.FM17622_Select), (8 bytes).
    Removing bsp_fm17622.o(.ARM.exidx.text.FM17622_ReadTagData), (8 bytes).
    Removing bsp_fm17622.o(.ARM.exidx.text.tag_data_serialize), (8 bytes).
    Removing m_ams5600.o(.text), (0 bytes).
    Removing m_ams5600.o(.text.ams5600_get_raw_angle), (86 bytes).
    Removing m_ams5600.o(.ARM.exidx.text.ams5600_get_raw_angle), (8 bytes).
    Removing m_ams5600.o(.text.ams5600_i2c_read_byte), (144 bytes).
    Removing m_ams5600.o(.ARM.exidx.text.ams5600_i2c_read_byte), (8 bytes).
    Removing m_ams5600.o(.text.ams5600_get_raw_angle_average), (54 bytes).
    Removing m_ams5600.o(.ARM.exidx.text.ams5600_get_raw_angle_average), (8 bytes).
    Removing m_ams5600.o(.text.ams5600_angle_inc_init), (20 bytes).
    Removing m_ams5600.o(.ARM.exidx.text.ams5600_angle_inc_init), (8 bytes).
    Removing m_ams5600.o(.text.ams5600_angle_set_rotor_c), (10 bytes).
    Removing m_ams5600.o(.ARM.exidx.text.ams5600_angle_set_rotor_c), (8 bytes).
    Removing m_ams5600.o(.text.ams5600_angle_inc_clear), (8 bytes).
    Removing m_ams5600.o(.ARM.exidx.text.ams5600_angle_inc_clear), (8 bytes).
    Removing m_ams5600.o(.text.ams5600_angle_inc_calculation), (192 bytes).
    Removing m_ams5600.o(.ARM.exidx.text.ams5600_angle_inc_calculation), (8 bytes).
    Removing m_ams5600.o(.text.ams5600_angle_inc_stop), (6 bytes).
    Removing m_ams5600.o(.ARM.exidx.text.ams5600_angle_inc_stop), (8 bytes).
    Removing m_ams5600.o(.text.ams5600_angle_inc_restart), (8 bytes).
    Removing m_ams5600.o(.ARM.exidx.text.ams5600_angle_inc_restart), (8 bytes).
    Removing m_ams5600.o(.text.local_i2c_delay), (22 bytes).
    Removing m_ams5600.o(.ARM.exidx.text.local_i2c_delay), (8 bytes).
    Removing protocol.o(.text), (0 bytes).
    Removing protocol.o(.ARM.exidx.text.Calculate_CRC16_Modbus), (8 bytes).
    Removing protocol.o(.ARM.exidx.text.Pack_Data_Frame), (8 bytes).
    Removing protocol.o(.ARM.exidx.text.protocol_parser_init), (8 bytes).
    Removing protocol.o(.ARM.exidx.text.protocol_parse_byte), (8 bytes).
    Removing protocol.o(.ARM.exidx.text.protocol_verify_crc), (8 bytes).
    Removing protocol.o(.ARM.exidx.text.protocol_get_parsed_frame), (8 bytes).
    Removing app_protocol.o(.text), (0 bytes).
    Removing app_protocol.o(.ARM.exidx.text.app_protocol_init), (8 bytes).
    Removing app_protocol.o(.ARM.exidx.text.app_process_frame), (8 bytes).
    Removing app_protocol.o(.ARM.exidx.text.app_handle_query_uid), (8 bytes).
    Removing app_protocol.o(.ARM.exidx.text.app_handle_write_key), (8 bytes).
    Removing app_protocol.o(.ARM.exidx.text.app_rfid_poll_task), (8 bytes).
    Removing app_protocol.o(.ARM.exidx.text.app_upload_tag_data), (8 bytes).
    Removing app_protocol.o(.ARM.exidx.text.app_uart_rx_task), (8 bytes).
    Removing bsp_flash.o(.text), (0 bytes).
    Removing bsp_flash.o(.ARM.exidx.text.flash_key_is_stored), (8 bytes).
    Removing bsp_flash.o(.ARM.exidx.text.flash_key_read), (8 bytes).
    Removing bsp_flash.o(.ARM.exidx.text.flash_key_write), (8 bytes).
    Removing bsp_flash.o(.text.flash_key_erase), (48 bytes).
    Removing bsp_flash.o(.ARM.exidx.text.flash_key_erase), (8 bytes).
    Removing bsp_usart.o(.text), (0 bytes).
    Removing bsp_usart.o(.ARM.exidx.text.bsp_uart_init), (8 bytes).
    Removing bsp_usart.o(.ARM.exidx.text.fputc), (8 bytes).
    Removing bsp_usart.o(.ARM.exidx.text.uart_send_byte), (8 bytes).
    Removing bsp_usart.o(.ARM.exidx.text.uart_send_data), (8 bytes).
    Removing bsp_usart.o(.ARM.exidx.text.uart_rx_available), (8 bytes).
    Removing bsp_usart.o(.ARM.exidx.text.uart_rx_read_byte), (8 bytes).
    Removing bsp_usart.o(.ARM.exidx.text.usart0_isr), (8 bytes).
    Removing bsp_uid.o(.text), (0 bytes).
    Removing bsp_uid.o(.ARM.exidx.text.uid_read), (8 bytes).
    Removing fmul.o(.text), (122 bytes).
    Removing fdiv.o(.text), (124 bytes).
    Removing fflti.o(.text), (22 bytes).
    Removing ffixi.o(.text), (50 bytes).
    Removing fepilogue.o(.text), (130 bytes).
    Removing dadd.o(.text), (356 bytes).
    Removing dmul.o(.text), (208 bytes).
    Removing ddiv.o(.text), (240 bytes).
    Removing dfixul.o(.text), (64 bytes).
    Removing cdrcmple.o(.text), (40 bytes).
    Removing depilogue.o(.text), (190 bytes).
    Removing depilogue.o(i.__ARM_clz), (46 bytes).

1085 unused section(s) (total 23336 bytes) removed from the image.

==============================================================================

Image Symbol Table

    Local Symbols

    Symbol Name                              Value     Ov Type        Size  Object(Section)

    ../clib/division.s                       0x00000000   Number         0  aeabi_sdivfast.o ABSOLUTE
    ../clib/division.s                       0x00000000   Number         0  aeabi_sdivfast_div0.o ABSOLUTE
    ../clib/microlib/division.c              0x00000000   Number         0  uidiv.o ABSOLUTE
    ../clib/microlib/division.c              0x00000000   Number         0  uldiv.o ABSOLUTE
    ../clib/microlib/division.c              0x00000000   Number         0  uidiv_div0.o ABSOLUTE
    ../clib/microlib/division.c              0x00000000   Number         0  idiv_div0.o ABSOLUTE
    ../clib/microlib/division.c              0x00000000   Number         0  idiv0.o ABSOLUTE
    ../clib/microlib/init/entry.s            0x00000000   Number         0  entry.o ABSOLUTE
    ../clib/microlib/init/entry.s            0x00000000   Number         0  entry2.o ABSOLUTE
    ../clib/microlib/init/entry.s            0x00000000   Number         0  entry5.o ABSOLUTE
    ../clib/microlib/init/entry.s            0x00000000   Number         0  entry7a.o ABSOLUTE
    ../clib/microlib/init/entry.s            0x00000000   Number         0  entry7b.o ABSOLUTE
    ../clib/microlib/init/entry.s            0x00000000   Number         0  entry8a.o ABSOLUTE
    ../clib/microlib/init/entry.s            0x00000000   Number         0  entry8b.o ABSOLUTE
    ../clib/microlib/init/entry.s            0x00000000   Number         0  entry9a.o ABSOLUTE
    ../clib/microlib/init/entry.s            0x00000000   Number         0  entry9b.o ABSOLUTE
    ../clib/microlib/init/entry.s            0x00000000   Number         0  entry10a.o ABSOLUTE
    ../clib/microlib/init/entry.s            0x00000000   Number         0  entry10b.o ABSOLUTE
    ../clib/microlib/init/entry.s            0x00000000   Number         0  entry11a.o ABSOLUTE
    ../clib/microlib/init/entry.s            0x00000000   Number         0  entry11b.o ABSOLUTE
    ../clib/microlib/longlong.c              0x00000000   Number         0  llshl.o ABSOLUTE
    ../clib/microlib/longlong.c              0x00000000   Number         0  llushr.o ABSOLUTE
    ../clib/microlib/longlong.c              0x00000000   Number         0  llsshr.o ABSOLUTE
    ../clib/microlib/printf/printf.c         0x00000000   Number         0  printfb.o ABSOLUTE
    ../clib/microlib/printf/printf.c         0x00000000   Number         0  printf0.o ABSOLUTE
    ../clib/microlib/printf/printf.c         0x00000000   Number         0  printf1.o ABSOLUTE
    ../clib/microlib/printf/printf.c         0x00000000   Number         0  printf2.o ABSOLUTE
    ../clib/microlib/printf/printf.c         0x00000000   Number         0  printf3.o ABSOLUTE
    ../clib/microlib/printf/printf.c         0x00000000   Number         0  printf4.o ABSOLUTE
    ../clib/microlib/printf/printf.c         0x00000000   Number         0  printf5.o ABSOLUTE
    ../clib/microlib/printf/printf.c         0x00000000   Number         0  printf6.o ABSOLUTE
    ../clib/microlib/printf/printf.c         0x00000000   Number         0  printf7.o ABSOLUTE
    ../clib/microlib/printf/printf.c         0x00000000   Number         0  printf8.o ABSOLUTE
    ../clib/microlib/printf/printf.c         0x00000000   Number         0  printfa.o ABSOLUTE
    ../clib/microlib/printf/stubs.s          0x00000000   Number         0  printfstubs.o ABSOLUTE
    ../clib/microlib/stdio/puts.c            0x00000000   Number         0  puts.o ABSOLUTE
    ../clib/microlib/stdio/puts.c            0x00000000   Number         0  puts_e.o ABSOLUTE
    ../clib/microlib/stdio/streams.c         0x00000000   Number         0  stdout.o ABSOLUTE
    ../clib/microlib/string/memcmp.c         0x00000000   Number         0  memcmp.o ABSOLUTE
    ../clib/microlib/string/memcpy.c         0x00000000   Number         0  memcpya.o ABSOLUTE
    ../clib/microlib/string/memcpy.c         0x00000000   Number         0  memcpyb.o ABSOLUTE
    ../clib/microlib/string/memset.c         0x00000000   Number         0  memseta.o ABSOLUTE
    ../clib/microlib/stubs.s                 0x00000000   Number         0  iusefp.o ABSOLUTE
    ../fplib/microlib/fpadd.c                0x00000000   Number         0  dadd.o ABSOLUTE
    ../fplib/microlib/fpdiv.c                0x00000000   Number         0  fdiv.o ABSOLUTE
    ../fplib/microlib/fpdiv.c                0x00000000   Number         0  ddiv.o ABSOLUTE
    ../fplib/microlib/fpepilogue.c           0x00000000   Number         0  fepilogue.o ABSOLUTE
    ../fplib/microlib/fpepilogue.c           0x00000000   Number         0  depilogue.o ABSOLUTE
    ../fplib/microlib/fpfix.c                0x00000000   Number         0  ffixi.o ABSOLUTE
    ../fplib/microlib/fpfix.c                0x00000000   Number         0  dfixul.o ABSOLUTE
    ../fplib/microlib/fpflt.c                0x00000000   Number         0  fflti.o ABSOLUTE
    ../fplib/microlib/fpmul.c                0x00000000   Number         0  fmul.o ABSOLUTE
    ../fplib/microlib/fpmul.c                0x00000000   Number         0  dmul.o ABSOLUTE
    Start/startup_gd32e23x.s                 0x00000000   Number         0  startup_gd32e23x.o ABSOLUTE
    app_protocol.c                           0x00000000   Number         0  app_protocol.o ABSOLUTE
    bsp_flash.c                              0x00000000   Number         0  bsp_flash.o ABSOLUTE
    bsp_fm17622.c                            0x00000000   Number         0  bsp_fm17622.o ABSOLUTE
    bsp_i2c.c                                0x00000000   Number         0  bsp_i2c.o ABSOLUTE
    bsp_led.c                                0x00000000   Number         0  bsp_led.o ABSOLUTE
    bsp_systick.c                            0x00000000   Number         0  bsp_systick.o ABSOLUTE
    bsp_uid.c                                0x00000000   Number         0  bsp_uid.o ABSOLUTE
    bsp_usart.c                              0x00000000   Number         0  bsp_usart.o ABSOLUTE
    cdrcmple.s                               0x00000000   Number         0  cdrcmple.o ABSOLUTE
    dc.s                                     0x00000000   Number         0  dc.o ABSOLUTE
    gd32e23x_adc.c                           0x00000000   Number         0  gd32e23x_adc.o ABSOLUTE
    gd32e23x_cmp.c                           0x00000000   Number         0  gd32e23x_cmp.o ABSOLUTE
    gd32e23x_crc.c                           0x00000000   Number         0  gd32e23x_crc.o ABSOLUTE
    gd32e23x_dbg.c                           0x00000000   Number         0  gd32e23x_dbg.o ABSOLUTE
    gd32e23x_dma.c                           0x00000000   Number         0  gd32e23x_dma.o ABSOLUTE
    gd32e23x_exti.c                          0x00000000   Number         0  gd32e23x_exti.o ABSOLUTE
    gd32e23x_fmc.c                           0x00000000   Number         0  gd32e23x_fmc.o ABSOLUTE
    gd32e23x_fwdgt.c                         0x00000000   Number         0  gd32e23x_fwdgt.o ABSOLUTE
    gd32e23x_gpio.c                          0x00000000   Number         0  gd32e23x_gpio.o ABSOLUTE
    gd32e23x_i2c.c                           0x00000000   Number         0  gd32e23x_i2c.o ABSOLUTE
    gd32e23x_it.c                            0x00000000   Number         0  gd32e23x_it.o ABSOLUTE
    gd32e23x_misc.c                          0x00000000   Number         0  gd32e23x_misc.o ABSOLUTE
    gd32e23x_pmu.c                           0x00000000   Number         0  gd32e23x_pmu.o ABSOLUTE
    gd32e23x_rcu.c                           0x00000000   Number         0  gd32e23x_rcu.o ABSOLUTE
    gd32e23x_rtc.c                           0x00000000   Number         0  gd32e23x_rtc.o ABSOLUTE
    gd32e23x_spi.c                           0x00000000   Number         0  gd32e23x_spi.o ABSOLUTE
    gd32e23x_syscfg.c                        0x00000000   Number         0  gd32e23x_syscfg.o ABSOLUTE
    gd32e23x_timer.c                         0x00000000   Number         0  gd32e23x_timer.o ABSOLUTE
    gd32e23x_usart.c                         0x00000000   Number         0  gd32e23x_usart.o ABSOLUTE
    gd32e23x_wwdgt.c                         0x00000000   Number         0  gd32e23x_wwdgt.o ABSOLUTE
    handlers.s                               0x00000000   Number         0  handlers.o ABSOLUTE
    init.s                                   0x00000000   Number         0  init.o ABSOLUTE
    m_ams5600.c                              0x00000000   Number         0  m_ams5600.o ABSOLUTE
    main.c                                   0x00000000   Number         0  main.o ABSOLUTE
    protocol.c                               0x00000000   Number         0  protocol.o ABSOLUTE
    system_gd32e23x.c                        0x00000000   Number         0  system_gd32e23x.o ABSOLUTE
    RESET                                    0x08000000   Section      204  startup_gd32e23x.o(RESET)
    .ARM.Collect$$$$00000000                 0x080000cc   Section        0  entry.o(.ARM.Collect$$$$00000000)
    .ARM.Collect$$$$00000001                 0x080000cc   Section        4  entry2.o(.ARM.Collect$$$$00000001)
    .ARM.Collect$$$$00000004                 0x080000d0   Section        4  entry5.o(.ARM.Collect$$$$00000004)
    .ARM.Collect$$$$00000008                 0x080000d4   Section        0  entry7b.o(.ARM.Collect$$$$00000008)
    .ARM.Collect$$$$0000000A                 0x080000d4   Section        0  entry8b.o(.ARM.Collect$$$$0000000A)
    .ARM.Collect$$$$0000000B                 0x080000d4   Section        8  entry9a.o(.ARM.Collect$$$$0000000B)
    __lit__00000000                          0x080000dc   Data           4  entry2.o(.ARM.Collect$$$$00002712)
    .ARM.Collect$$$$0000000D                 0x080000dc   Section        0  entry10a.o(.ARM.Collect$$$$0000000D)
    .ARM.Collect$$$$0000000F                 0x080000dc   Section        0  entry11a.o(.ARM.Collect$$$$0000000F)
    .ARM.Collect$$$$00002712                 0x080000dc   Section        4  entry2.o(.ARM.Collect$$$$00002712)
    .text                                    0x080000e0   Section       68  startup_gd32e23x.o(.text)
    .text                                    0x08000124   Section        0  memcpya.o(.text)
    .text                                    0x08000148   Section        0  memseta.o(.text)
    .text                                    0x0800016c   Section        0  memcmp.o(.text)
    .text                                    0x08000186   Section        0  uldiv.o(.text)
    .text                                    0x080001e8   Section       36  init.o(.text)
    .text                                    0x0800020c   Section        0  llshl.o(.text)
    .text                                    0x0800022c   Section        0  llushr.o(.text)
    [Anonymous Symbol]                       0x08000250   Section        0  protocol.o(.text.Calculate_CRC16_Modbus)
    __arm_cp.0_1                             0x08000288   Number         4  protocol.o(.text.Calculate_CRC16_Modbus)
    [Anonymous Symbol]                       0x0800028c   Section        0  bsp_fm17622.o(.text.FM17622_AntennaOn)
    [Anonymous Symbol]                       0x080002a8   Section        0  bsp_fm17622.o(.text.FM17622_Anticoll)
    [Anonymous Symbol]                       0x0800037c   Section        0  bsp_fm17622.o(.text.FM17622_CheckComm)
    FM17622_ClearBitMask                     0x0800038f   Thumb Code    20  bsp_fm17622.o(.text.FM17622_ClearBitMask)
    [Anonymous Symbol]                       0x0800038e   Section        0  bsp_fm17622.o(.text.FM17622_ClearBitMask)
    [Anonymous Symbol]                       0x080003a4   Section        0  bsp_fm17622.o(.text.FM17622_Init)
    __arm_cp.5_0                             0x080003f0   Number         4  bsp_fm17622.o(.text.FM17622_Init)
    [Anonymous Symbol]                       0x080003f4   Section        0  bsp_fm17622.o(.text.FM17622_ReadReg)
    __arm_cp.1_0                             0x08000498   Number         4  bsp_fm17622.o(.text.FM17622_ReadReg)
    [Anonymous Symbol]                       0x0800049c   Section        0  bsp_fm17622.o(.text.FM17622_ReadTagData)
    [Anonymous Symbol]                       0x080004ac   Section        0  bsp_fm17622.o(.text.FM17622_RequestA)
    [Anonymous Symbol]                       0x08000548   Section        0  bsp_fm17622.o(.text.FM17622_Select)
    __arm_cp.10_0                            0x08000604   Number         4  bsp_fm17622.o(.text.FM17622_Select)
    FM17622_SetBitMask                       0x08000609   Thumb Code    22  bsp_fm17622.o(.text.FM17622_SetBitMask)
    [Anonymous Symbol]                       0x08000608   Section        0  bsp_fm17622.o(.text.FM17622_SetBitMask)
    [Anonymous Symbol]                       0x0800061e   Section        0  bsp_fm17622.o(.text.FM17622_WriteReg)
    [Anonymous Symbol]                       0x08000650   Section        0  gd32e23x_it.o(.text.HardFault_Handler)
    [Anonymous Symbol]                       0x08000652   Section        0  gd32e23x_it.o(.text.NMI_Handler)
    [Anonymous Symbol]                       0x08000662   Section        0  protocol.o(.text.Pack_Data_Frame)
    [Anonymous Symbol]                       0x080006a2   Section        0  gd32e23x_it.o(.text.PendSV_Handler)
    [Anonymous Symbol]                       0x080006a4   Section        0  gd32e23x_it.o(.text.SVC_Handler)
    SysTick_Config                           0x080006a9   Thumb Code    32  bsp_systick.o(.text.SysTick_Config)
    [Anonymous Symbol]                       0x080006a8   Section        0  bsp_systick.o(.text.SysTick_Config)
    __arm_cp.1_0                             0x080006c8   Number         4  bsp_systick.o(.text.SysTick_Config)
    [Anonymous Symbol]                       0x080006cc   Section        0  bsp_systick.o(.text.SysTick_Handler)
    __arm_cp.4_0                             0x080006dc   Number         4  bsp_systick.o(.text.SysTick_Handler)
    [Anonymous Symbol]                       0x080006e0   Section        0  system_gd32e23x.o(.text.SystemInit)
    __arm_cp.0_0                             0x080007bc   Number         4  system_gd32e23x.o(.text.SystemInit)
    __arm_cp.0_1                             0x080007c0   Number         4  system_gd32e23x.o(.text.SystemInit)
    __arm_cp.0_2                             0x080007c4   Number         4  system_gd32e23x.o(.text.SystemInit)
    __arm_cp.0_3                             0x080007c8   Number         4  system_gd32e23x.o(.text.SystemInit)
    [Anonymous Symbol]                       0x080007cc   Section        0  gd32e23x_it.o(.text.USART0_IRQHandler)
    __NVIC_EnableIRQ                         0x080007d5   Thumb Code    24  gd32e23x_misc.o(.text.__NVIC_EnableIRQ)
    [Anonymous Symbol]                       0x080007d4   Section        0  gd32e23x_misc.o(.text.__NVIC_EnableIRQ)
    __arm_cp.2_0                             0x080007ec   Number         4  gd32e23x_misc.o(.text.__NVIC_EnableIRQ)
    __NVIC_SetPriority                       0x080007f1   Thumb Code    56  gd32e23x_misc.o(.text.__NVIC_SetPriority)
    [Anonymous Symbol]                       0x080007f0   Section        0  gd32e23x_misc.o(.text.__NVIC_SetPriority)
    __arm_cp.1_0                             0x08000828   Number         4  gd32e23x_misc.o(.text.__NVIC_SetPriority)
    __arm_cp.1_1                             0x0800082c   Number         4  gd32e23x_misc.o(.text.__NVIC_SetPriority)
    __NVIC_SetPriority                       0x08000831   Thumb Code    20  bsp_systick.o(.text.__NVIC_SetPriority)
    [Anonymous Symbol]                       0x08000830   Section        0  bsp_systick.o(.text.__NVIC_SetPriority)
    __arm_cp.2_0                             0x08000844   Number         4  bsp_systick.o(.text.__NVIC_SetPriority)
    _soft_delay_                             0x08000849   Thumb Code    34  system_gd32e23x.o(.text._soft_delay_)
    [Anonymous Symbol]                       0x08000848   Section        0  system_gd32e23x.o(.text._soft_delay_)
    app_handle_query_uid                     0x0800086d   Thumb Code    72  app_protocol.o(.text.app_handle_query_uid)
    [Anonymous Symbol]                       0x0800086c   Section        0  app_protocol.o(.text.app_handle_query_uid)
    __arm_cp.2_0                             0x080008b4   Number         4  app_protocol.o(.text.app_handle_query_uid)
    __arm_cp.2_2                             0x080008d0   Number         4  app_protocol.o(.text.app_handle_query_uid)
    app_handle_write_key                     0x080008d9   Thumb Code    64  app_protocol.o(.text.app_handle_write_key)
    [Anonymous Symbol]                       0x080008d8   Section        0  app_protocol.o(.text.app_handle_write_key)
    [Anonymous Symbol]                       0x08000950   Section        0  app_protocol.o(.text.app_process_frame)
    [Anonymous Symbol]                       0x08000a04   Section        0  app_protocol.o(.text.app_protocol_init)
    __arm_cp.0_0                             0x08000a24   Number         4  app_protocol.o(.text.app_protocol_init)
    __arm_cp.0_1                             0x08000a28   Number         4  app_protocol.o(.text.app_protocol_init)
    __arm_cp.0_2                             0x08000a2c   Number         4  app_protocol.o(.text.app_protocol_init)
    [Anonymous Symbol]                       0x08000a50   Section        0  app_protocol.o(.text.app_rfid_poll_task)
    __arm_cp.4_0                             0x08000b2c   Number         4  app_protocol.o(.text.app_rfid_poll_task)
    __arm_cp.4_1                             0x08000b30   Number         4  app_protocol.o(.text.app_rfid_poll_task)
    __arm_cp.4_2                             0x08000b34   Number         4  app_protocol.o(.text.app_rfid_poll_task)
    __arm_cp.4_4                             0x08000b54   Number         4  app_protocol.o(.text.app_rfid_poll_task)
    __arm_cp.4_6                             0x08000b6c   Number         4  app_protocol.o(.text.app_rfid_poll_task)
    [Anonymous Symbol]                       0x08000bb8   Section        0  app_protocol.o(.text.app_uart_rx_task)
    app_upload_tag_data                      0x08000c35   Thumb Code    72  app_protocol.o(.text.app_upload_tag_data)
    [Anonymous Symbol]                       0x08000c34   Section        0  app_protocol.o(.text.app_upload_tag_data)
    __arm_cp.5_0                             0x08000c7c   Number         4  app_protocol.o(.text.app_upload_tag_data)
    __arm_cp.5_2                             0x08000c94   Number         4  app_protocol.o(.text.app_upload_tag_data)
    [Anonymous Symbol]                       0x08000c9c   Section        0  bsp_i2c.o(.text.bsp_i2c_init)
    __arm_cp.0_0                             0x08000cd4   Number         4  bsp_i2c.o(.text.bsp_i2c_init)
    __arm_cp.0_1                             0x08000cd8   Number         4  bsp_i2c.o(.text.bsp_i2c_init)
    [Anonymous Symbol]                       0x08000cdc   Section        0  bsp_usart.o(.text.bsp_uart_init)
    __arm_cp.0_0                             0x08000d94   Number         4  bsp_usart.o(.text.bsp_uart_init)
    __arm_cp.0_2                             0x08000d98   Number         4  bsp_usart.o(.text.bsp_uart_init)
    __arm_cp.0_3                             0x08000d9c   Number         4  bsp_usart.o(.text.bsp_uart_init)
    delay_i2c_bus                            0x08000da1   Thumb Code    20  bsp_fm17622.o(.text.delay_i2c_bus)
    [Anonymous Symbol]                       0x08000da0   Section        0  bsp_fm17622.o(.text.delay_i2c_bus)
    [Anonymous Symbol]                       0x08000db4   Section        0  bsp_flash.o(.text.flash_key_is_stored)
    __arm_cp.0_1                             0x08000dc4   Number         4  bsp_flash.o(.text.flash_key_is_stored)
    [Anonymous Symbol]                       0x08000dc8   Section        0  bsp_flash.o(.text.flash_key_read)
    __arm_cp.1_0                             0x08000df8   Number         4  bsp_flash.o(.text.flash_key_read)
    [Anonymous Symbol]                       0x08000dfc   Section        0  bsp_flash.o(.text.flash_key_write)
    __arm_cp.2_0                             0x08000e94   Number         4  bsp_flash.o(.text.flash_key_write)
    __arm_cp.2_1                             0x08000e98   Number         4  bsp_flash.o(.text.flash_key_write)
    [Anonymous Symbol]                       0x08000e9c   Section        0  gd32e23x_fmc.o(.text.fmc_flag_clear)
    [Anonymous Symbol]                       0x08000ea4   Section        0  gd32e23x_fmc.o(.text.fmc_lock)
    [Anonymous Symbol]                       0x08000eb0   Section        0  gd32e23x_fmc.o(.text.fmc_page_erase)
    [Anonymous Symbol]                       0x08000eec   Section        0  gd32e23x_fmc.o(.text.fmc_ready_wait)
    [Anonymous Symbol]                       0x08000f0c   Section        0  gd32e23x_fmc.o(.text.fmc_state_get)
    __arm_cp.29_0                            0x08000f2c   Number         4  gd32e23x_fmc.o(.text.fmc_state_get)
    [Anonymous Symbol]                       0x08000f30   Section        0  gd32e23x_fmc.o(.text.fmc_unlock)
    __arm_cp.0_0                             0x08000f44   Number         4  gd32e23x_fmc.o(.text.fmc_unlock)
    __arm_cp.0_1                             0x08000f48   Number         4  gd32e23x_fmc.o(.text.fmc_unlock)
    __arm_cp.0_2                             0x08000f4c   Number         4  gd32e23x_fmc.o(.text.fmc_unlock)
    [Anonymous Symbol]                       0x08000f50   Section        0  gd32e23x_fmc.o(.text.fmc_word_program)
    __arm_cp.9_0                             0x08000f88   Number         4  gd32e23x_fmc.o(.text.fmc_word_program)
    [Anonymous Symbol]                       0x08000f8c   Section        0  bsp_usart.o(.text.fputc)
    __arm_cp.1_0                             0x08000fac   Number         4  bsp_usart.o(.text.fputc)
    __arm_cp.1_1                             0x08000fb0   Number         4  bsp_usart.o(.text.fputc)
    [Anonymous Symbol]                       0x08000fb4   Section        0  gd32e23x_gpio.o(.text.gpio_af_set)
    [Anonymous Symbol]                       0x08001012   Section        0  gd32e23x_gpio.o(.text.gpio_bit_reset)
    [Anonymous Symbol]                       0x08001016   Section        0  gd32e23x_gpio.o(.text.gpio_bit_set)
    [Anonymous Symbol]                       0x0800101a   Section        0  gd32e23x_gpio.o(.text.gpio_input_bit_get)
    [Anonymous Symbol]                       0x08001024   Section        0  gd32e23x_gpio.o(.text.gpio_mode_set)
    [Anonymous Symbol]                       0x08001066   Section        0  gd32e23x_gpio.o(.text.gpio_output_options_set)
    i2c_delay                                0x080010ad   Thumb Code    22  bsp_i2c.o(.text.i2c_delay)
    [Anonymous Symbol]                       0x080010ac   Section        0  bsp_i2c.o(.text.i2c_delay)
    [Anonymous Symbol]                       0x080010c4   Section        0  bsp_i2c.o(.text.i2c_send_byte)
    [Anonymous Symbol]                       0x08001118   Section        0  bsp_i2c.o(.text.i2c_start)
    [Anonymous Symbol]                       0x0800114c   Section        0  bsp_i2c.o(.text.i2c_stop)
    [Anonymous Symbol]                       0x08001174   Section        0  bsp_i2c.o(.text.i2c_wait_ack)
    __arm_cp.5_0                             0x080011bc   Number         4  bsp_i2c.o(.text.i2c_wait_ack)
    [Anonymous Symbol]                       0x080011c0   Section        0  main.o(.text.main)
    __arm_cp.0_0                             0x08001270   Number         4  main.o(.text.main)
    __arm_cp.0_7                             0x080012f8   Number         4  main.o(.text.main)
    __arm_cp.0_9                             0x08001300   Number         4  main.o(.text.main)
    __arm_cp.0_10                            0x08001304   Number         4  main.o(.text.main)
    __arm_cp.0_11                            0x08001308   Number         4  main.o(.text.main)
    __arm_cp.0_12                            0x0800130c   Number         4  main.o(.text.main)
    __arm_cp.0_13                            0x08001310   Number         4  main.o(.text.main)
    [Anonymous Symbol]                       0x08001314   Section        0  gd32e23x_misc.o(.text.nvic_irq_enable)
    [Anonymous Symbol]                       0x08001324   Section        0  gd32e23x_misc.o(.text.nvic_vector_table_set)
    __arm_cp.7_0                             0x08001334   Number         4  gd32e23x_misc.o(.text.nvic_vector_table_set)
    __arm_cp.7_1                             0x08001338   Number         4  gd32e23x_misc.o(.text.nvic_vector_table_set)
    [Anonymous Symbol]                       0x0800133c   Section        0  protocol.o(.text.protocol_get_parsed_frame)
    [Anonymous Symbol]                       0x08001340   Section        0  protocol.o(.text.protocol_parse_byte)
    [Anonymous Symbol]                       0x08001428   Section        0  protocol.o(.text.protocol_parser_init)
    __arm_cp.2_0                             0x08001440   Number         4  protocol.o(.text.protocol_parser_init)
    __arm_cp.2_1                             0x08001444   Number         4  protocol.o(.text.protocol_parser_init)
    __arm_cp.2_2                             0x08001448   Number         4  protocol.o(.text.protocol_parser_init)
    [Anonymous Symbol]                       0x0800144c   Section        0  protocol.o(.text.protocol_verify_crc)
    __arm_cp.4_0                             0x08001494   Number         4  protocol.o(.text.protocol_verify_crc)
    [Anonymous Symbol]                       0x08001498   Section        0  gd32e23x_rcu.o(.text.rcu_clock_freq_get)
    __arm_cp.33_0                            0x080015f0   Number         4  gd32e23x_rcu.o(.text.rcu_clock_freq_get)
    __arm_cp.33_1                            0x080015f4   Number         4  gd32e23x_rcu.o(.text.rcu_clock_freq_get)
    __arm_cp.33_2                            0x080015f8   Number         4  gd32e23x_rcu.o(.text.rcu_clock_freq_get)
    __arm_cp.33_5                            0x08001614   Number         4  gd32e23x_rcu.o(.text.rcu_clock_freq_get)
    __arm_cp.33_6                            0x08001618   Number         4  gd32e23x_rcu.o(.text.rcu_clock_freq_get)
    [Anonymous Symbol]                       0x0800161c   Section        0  gd32e23x_rcu.o(.text.rcu_periph_clock_enable)
    [Anonymous Symbol]                       0x08001630   Section        0  gd32e23x_rcu.o(.text.rcu_periph_reset_disable)
    [Anonymous Symbol]                       0x08001644   Section        0  gd32e23x_rcu.o(.text.rcu_periph_reset_enable)
    __arm_cp.5_0                             0x08001658   Number         4  gd32e23x_rcu.o(.text.rcu_periph_reset_enable)
    [Anonymous Symbol]                       0x0800165c   Section        0  gd32e23x_syscfg.o(.text.syscfg_flag_get)
    __arm_cp.8_0                             0x0800166c   Number         4  gd32e23x_syscfg.o(.text.syscfg_flag_get)
    system_clock_72m_hxtal                   0x08001671   Thumb Code   228  system_gd32e23x.o(.text.system_clock_72m_hxtal)
    [Anonymous Symbol]                       0x08001670   Section        0  system_gd32e23x.o(.text.system_clock_72m_hxtal)
    __arm_cp.5_0                             0x08001754   Number         4  system_gd32e23x.o(.text.system_clock_72m_hxtal)
    __arm_cp.5_1                             0x08001758   Number         4  system_gd32e23x.o(.text.system_clock_72m_hxtal)
    __arm_cp.5_2                             0x0800175c   Number         4  system_gd32e23x.o(.text.system_clock_72m_hxtal)
    __arm_cp.5_3                             0x08001760   Number         4  system_gd32e23x.o(.text.system_clock_72m_hxtal)
    system_clock_config                      0x08001765   Thumb Code     8  system_gd32e23x.o(.text.system_clock_config)
    [Anonymous Symbol]                       0x08001764   Section        0  system_gd32e23x.o(.text.system_clock_config)
    [Anonymous Symbol]                       0x0800176c   Section        0  bsp_systick.o(.text.systick_config)
    __arm_cp.0_0                             0x0800178c   Number         4  bsp_systick.o(.text.systick_config)
    [Anonymous Symbol]                       0x08001790   Section        0  bsp_fm17622.o(.text.tag_data_serialize)
    [Anonymous Symbol]                       0x08001814   Section        0  bsp_usart.o(.text.uart_rx_available)
    [Anonymous Symbol]                       0x08001824   Section        0  bsp_usart.o(.text.uart_rx_read_byte)
    [Anonymous Symbol]                       0x08001838   Section        0  bsp_usart.o(.text.uart_send_byte)
    __arm_cp.2_1                             0x08001854   Number         4  bsp_usart.o(.text.uart_send_byte)
    [Anonymous Symbol]                       0x08001858   Section        0  bsp_usart.o(.text.uart_send_data)
    [Anonymous Symbol]                       0x08001874   Section        0  bsp_uid.o(.text.uid_read)
    __arm_cp.0_0                             0x080018ac   Number         4  bsp_uid.o(.text.uid_read)
    [Anonymous Symbol]                       0x080018b0   Section        0  bsp_usart.o(.text.usart0_isr)
    __arm_cp.6_1                             0x080018e0   Number         4  bsp_usart.o(.text.usart0_isr)
    __arm_cp.6_2                             0x080018e4   Number         4  bsp_usart.o(.text.usart0_isr)
    __arm_cp.6_3                             0x080018e8   Number         4  bsp_usart.o(.text.usart0_isr)
    __arm_cp.6_4                             0x080018ec   Number         4  bsp_usart.o(.text.usart0_isr)
    [Anonymous Symbol]                       0x080018f0   Section        0  gd32e23x_usart.o(.text.usart_baudrate_set)
    __arm_cp.1_2                             0x0800193c   Number         4  gd32e23x_usart.o(.text.usart_baudrate_set)
    [Anonymous Symbol]                       0x08001940   Section        0  gd32e23x_usart.o(.text.usart_data_receive)
    [Anonymous Symbol]                       0x08001948   Section        0  gd32e23x_usart.o(.text.usart_data_transmit)
    __arm_cp.18_0                            0x08001950   Number         4  gd32e23x_usart.o(.text.usart_data_transmit)
    [Anonymous Symbol]                       0x08001954   Section        0  gd32e23x_usart.o(.text.usart_deinit)
    __arm_cp.0_0                             0x08001978   Number         4  gd32e23x_usart.o(.text.usart_deinit)
    __arm_cp.0_1                             0x0800197c   Number         4  gd32e23x_usart.o(.text.usart_deinit)
    __arm_cp.0_2                             0x08001980   Number         4  gd32e23x_usart.o(.text.usart_deinit)
    __arm_cp.0_3                             0x08001984   Number         4  gd32e23x_usart.o(.text.usart_deinit)
    [Anonymous Symbol]                       0x08001988   Section        0  gd32e23x_usart.o(.text.usart_enable)
    [Anonymous Symbol]                       0x08001992   Section        0  gd32e23x_usart.o(.text.usart_flag_get)
    [Anonymous Symbol]                       0x080019a2   Section        0  gd32e23x_usart.o(.text.usart_interrupt_enable)
    [Anonymous Symbol]                       0x080019b4   Section        0  gd32e23x_usart.o(.text.usart_interrupt_flag_get)
    [Anonymous Symbol]                       0x080019d2   Section        0  gd32e23x_usart.o(.text.usart_receive_config)
    [Anonymous Symbol]                       0x080019e2   Section        0  gd32e23x_usart.o(.text.usart_transmit_config)
    i.__0printf$8                            0x080019f4   Section        0  printf8.o(i.__0printf$8)
    i.__scatterload_copy                     0x08001a14   Section       14  handlers.o(i.__scatterload_copy)
    i.__scatterload_null                     0x08001a22   Section        2  handlers.o(i.__scatterload_null)
    i.__scatterload_zeroinit                 0x08001a24   Section       14  handlers.o(i.__scatterload_zeroinit)
    _printf_core                             0x08001a35   Thumb Code  1020  printf8.o(i._printf_core)
    i._printf_core                           0x08001a34   Section        0  printf8.o(i._printf_core)
    _printf_post_padding                     0x08001e5d   Thumb Code    32  printf8.o(i._printf_post_padding)
    i._printf_post_padding                   0x08001e5c   Section        0  printf8.o(i._printf_post_padding)
    _printf_pre_padding                      0x08001e7d   Thumb Code    44  printf8.o(i._printf_pre_padding)
    i._printf_pre_padding                    0x08001e7c   Section        0  printf8.o(i._printf_pre_padding)
    i.puts                                   0x08001ea8   Section        0  puts.o(i.puts)
    [Anonymous Symbol]                       0x08001ec8   Section        0  main.o(.rodata.str1.1)
    [Anonymous Symbol]                       0x08001fc5   Section        0  app_protocol.o(.rodata.str1.1)
    .data                                    0x20000000   Section        4  stdout.o(.data)
    delay_count                              0x20000008   Data           4  bsp_systick.o(.bss.delay_count)
    [Anonymous Symbol]                       0x20000008   Section        0  bsp_systick.o(.bss.delay_count)
    s_card_present                           0x2000000c   Data           1  app_protocol.o(.bss.s_card_present)
    [Anonymous Symbol]                       0x2000000c   Section        0  app_protocol.o(.bss.s_card_present)
    s_data_index                             0x2000000d   Data           1  protocol.o(.bss.s_data_index)
    [Anonymous Symbol]                       0x2000000d   Section        0  protocol.o(.bss.s_data_index)
    s_last_card_uid                          0x20000010   Data          10  app_protocol.o(.bss.s_last_card_uid)
    [Anonymous Symbol]                       0x20000010   Section        0  app_protocol.o(.bss.s_last_card_uid)
    s_last_card_uid_len                      0x2000001a   Data           1  app_protocol.o(.bss.s_last_card_uid_len)
    [Anonymous Symbol]                       0x2000001a   Section        0  app_protocol.o(.bss.s_last_card_uid_len)
    s_parse_state                            0x2000001b   Data           1  protocol.o(.bss.s_parse_state)
    [Anonymous Symbol]                       0x2000001b   Section        0  protocol.o(.bss.s_parse_state)
    s_parsed_frame                           0x2000001c   Data         254  protocol.o(.bss.s_parsed_frame)
    [Anonymous Symbol]                       0x2000001c   Section        0  protocol.o(.bss.s_parsed_frame)
    s_rx_buf                                 0x2000011a   Data         256  bsp_usart.o(.bss.s_rx_buf)
    [Anonymous Symbol]                       0x2000011a   Section        0  bsp_usart.o(.bss.s_rx_buf)
    s_rx_head                                0x2000021a   Data           2  bsp_usart.o(.bss.s_rx_head)
    [Anonymous Symbol]                       0x2000021a   Section        0  bsp_usart.o(.bss.s_rx_head)
    s_rx_tail                                0x2000021c   Data           2  bsp_usart.o(.bss.s_rx_tail)
    [Anonymous Symbol]                       0x2000021c   Section        0  bsp_usart.o(.bss.s_rx_tail)
    s_tx_buf                                 0x2000021e   Data         256  app_protocol.o(.bss.s_tx_buf)
    [Anonymous Symbol]                       0x2000021e   Section        0  app_protocol.o(.bss.s_tx_buf)
    STACK                                    0x20000320   Section     1024  startup_gd32e23x.o(STACK)

    Global Symbols

    Symbol Name                              Value     Ov Type        Size  Object(Section)

    BuildAttributes$$THM_ISAv3M$S$8M$PE$A:L22$X:L11$S22$IEEE1$IW$~IW$USESV6$~STKCKD$USESV7$~SHL$OTIME$ROPI$EBA8$MICROLIB$REQ8$PRES8$EABIv2 0x00000000   Number         0  anon$$obj.o ABSOLUTE
    _printf_a                                0x00000000   Number         0  printfstubs.o ABSOLUTE
    _printf_c                                0x00000000   Number         0  printfstubs.o ABSOLUTE
    _printf_charcount                        0x00000000   Number         0  printfstubs.o ABSOLUTE
    _printf_d                                0x00000000   Number         0  printfstubs.o ABSOLUTE
    _printf_e                                0x00000000   Number         0  printfstubs.o ABSOLUTE
    _printf_f                                0x00000000   Number         0  printfstubs.o ABSOLUTE
    _printf_flags                            0x00000000   Number         0  printfstubs.o ABSOLUTE
    _printf_fp_dec                           0x00000000   Number         0  printfstubs.o ABSOLUTE
    _printf_fp_hex                           0x00000000   Number         0  printfstubs.o ABSOLUTE
    _printf_g                                0x00000000   Number         0  printfstubs.o ABSOLUTE
    _printf_i                                0x00000000   Number         0  printfstubs.o ABSOLUTE
    _printf_int_dec                          0x00000000   Number         0  printfstubs.o ABSOLUTE
    _printf_l                                0x00000000   Number         0  printfstubs.o ABSOLUTE
    _printf_lc                               0x00000000   Number         0  printfstubs.o ABSOLUTE
    _printf_ll                               0x00000000   Number         0  printfstubs.o ABSOLUTE
    _printf_lld                              0x00000000   Number         0  printfstubs.o ABSOLUTE
    _printf_lli                              0x00000000   Number         0  printfstubs.o ABSOLUTE
    _printf_llo                              0x00000000   Number         0  printfstubs.o ABSOLUTE
    _printf_llu                              0x00000000   Number         0  printfstubs.o ABSOLUTE
    _printf_llx                              0x00000000   Number         0  printfstubs.o ABSOLUTE
    _printf_longlong_dec                     0x00000000   Number         0  printfstubs.o ABSOLUTE
    _printf_longlong_hex                     0x00000000   Number         0  printfstubs.o ABSOLUTE
    _printf_longlong_oct                     0x00000000   Number         0  printfstubs.o ABSOLUTE
    _printf_ls                               0x00000000   Number         0  printfstubs.o ABSOLUTE
    _printf_mbtowc                           0x00000000   Number         0  printfstubs.o ABSOLUTE
    _printf_n                                0x00000000   Number         0  printfstubs.o ABSOLUTE
    _printf_o                                0x00000000   Number         0  printfstubs.o ABSOLUTE
    _printf_p                                0x00000000   Number         0  printfstubs.o ABSOLUTE
    _printf_percent                          0x00000000   Number         0  printfstubs.o ABSOLUTE
    _printf_pre_padding                      0x00000000   Number         0  printfstubs.o ABSOLUTE
    _printf_return_value                     0x00000000   Number         0  printfstubs.o ABSOLUTE
    _printf_s                                0x00000000   Number         0  printfstubs.o ABSOLUTE
    _printf_sizespec                         0x00000000   Number         0  printfstubs.o ABSOLUTE
    _printf_str                              0x00000000   Number         0  printfstubs.o ABSOLUTE
    _printf_truncate_signed                  0x00000000   Number         0  printfstubs.o ABSOLUTE
    _printf_truncate_unsigned                0x00000000   Number         0  printfstubs.o ABSOLUTE
    _printf_u                                0x00000000   Number         0  printfstubs.o ABSOLUTE
    _printf_wc                               0x00000000   Number         0  printfstubs.o ABSOLUTE
    _printf_wctomb                           0x00000000   Number         0  printfstubs.o ABSOLUTE
    _printf_widthprec                        0x00000000   Number         0  printfstubs.o ABSOLUTE
    _printf_x                                0x00000000   Number         0  printfstubs.o ABSOLUTE
    __cpp_initialize__aeabi_                  - Undefined Weak Reference
    __cxa_finalize                            - Undefined Weak Reference
    __decompress                              - Undefined Weak Reference
    _clock_init                               - Undefined Weak Reference
    _microlib_exit                            - Undefined Weak Reference
    __Vectors_Size                           0x000000cc   Number         0  startup_gd32e23x.o ABSOLUTE
    __Vectors                                0x08000000   Data           4  startup_gd32e23x.o(RESET)
    __Vectors_End                            0x080000cc   Data           0  startup_gd32e23x.o(RESET)
    __main                                   0x080000cd   Thumb Code     0  entry.o(.ARM.Collect$$$$00000000)
    _main_stk                                0x080000cd   Thumb Code     0  entry2.o(.ARM.Collect$$$$00000001)
    _main_scatterload                        0x080000d1   Thumb Code     0  entry5.o(.ARM.Collect$$$$00000004)
    __main_after_scatterload                 0x080000d5   Thumb Code     0  entry5.o(.ARM.Collect$$$$00000004)
    _main_clock                              0x080000d5   Thumb Code     0  entry7b.o(.ARM.Collect$$$$00000008)
    _main_cpp_init                           0x080000d5   Thumb Code     0  entry8b.o(.ARM.Collect$$$$0000000A)
    _main_init                               0x080000d5   Thumb Code     0  entry9a.o(.ARM.Collect$$$$0000000B)
    __rt_final_cpp                           0x080000dd   Thumb Code     0  entry10a.o(.ARM.Collect$$$$0000000D)
    __rt_final_exit                          0x080000dd   Thumb Code     0  entry11a.o(.ARM.Collect$$$$0000000F)
    Reset_Handler                            0x080000e1   Thumb Code    34  startup_gd32e23x.o(.text)
    ADC_CMP_IRQHandler                       0x0800010d   Thumb Code     0  startup_gd32e23x.o(.text)
    DMA_Channel0_IRQHandler                  0x0800010d   Thumb Code     0  startup_gd32e23x.o(.text)
    DMA_Channel1_2_IRQHandler                0x0800010d   Thumb Code     0  startup_gd32e23x.o(.text)
    DMA_Channel3_4_IRQHandler                0x0800010d   Thumb Code     0  startup_gd32e23x.o(.text)
    EXTI0_1_IRQHandler                       0x0800010d   Thumb Code     0  startup_gd32e23x.o(.text)
    EXTI2_3_IRQHandler                       0x0800010d   Thumb Code     0  startup_gd32e23x.o(.text)
    EXTI4_15_IRQHandler                      0x0800010d   Thumb Code     0  startup_gd32e23x.o(.text)
    FMC_IRQHandler                           0x0800010d   Thumb Code     0  startup_gd32e23x.o(.text)
    I2C0_ER_IRQHandler                       0x0800010d   Thumb Code     0  startup_gd32e23x.o(.text)
    I2C0_EV_IRQHandler                       0x0800010d   Thumb Code     0  startup_gd32e23x.o(.text)
    I2C1_ER_IRQHandler                       0x0800010d   Thumb Code     0  startup_gd32e23x.o(.text)
    I2C1_EV_IRQHandler                       0x0800010d   Thumb Code     0  startup_gd32e23x.o(.text)
    LVD_IRQHandler                           0x0800010d   Thumb Code     0  startup_gd32e23x.o(.text)
    RCU_IRQHandler                           0x0800010d   Thumb Code     0  startup_gd32e23x.o(.text)
    RTC_IRQHandler                           0x0800010d   Thumb Code     0  startup_gd32e23x.o(.text)
    SPI0_IRQHandler                          0x0800010d   Thumb Code     0  startup_gd32e23x.o(.text)
    SPI1_IRQHandler                          0x0800010d   Thumb Code     0  startup_gd32e23x.o(.text)
    TIMER0_BRK_UP_TRG_COM_IRQHandler         0x0800010d   Thumb Code     0  startup_gd32e23x.o(.text)
    TIMER0_Channel_IRQHandler                0x0800010d   Thumb Code     0  startup_gd32e23x.o(.text)
    TIMER13_IRQHandler                       0x0800010d   Thumb Code     0  startup_gd32e23x.o(.text)
    TIMER14_IRQHandler                       0x0800010d   Thumb Code     0  startup_gd32e23x.o(.text)
    TIMER15_IRQHandler                       0x0800010d   Thumb Code     0  startup_gd32e23x.o(.text)
    TIMER16_IRQHandler                       0x0800010d   Thumb Code     0  startup_gd32e23x.o(.text)
    TIMER2_IRQHandler                        0x0800010d   Thumb Code     0  startup_gd32e23x.o(.text)
    TIMER5_IRQHandler                        0x0800010d   Thumb Code     0  startup_gd32e23x.o(.text)
    USART1_IRQHandler                        0x0800010d   Thumb Code     0  startup_gd32e23x.o(.text)
    WWDGT_IRQHandler                         0x0800010d   Thumb Code     0  startup_gd32e23x.o(.text)
    __aeabi_memcpy                           0x08000125   Thumb Code    36  memcpya.o(.text)
    __aeabi_memcpy4                          0x08000125   Thumb Code     0  memcpya.o(.text)
    __aeabi_memcpy8                          0x08000125   Thumb Code     0  memcpya.o(.text)
    __aeabi_memset                           0x08000149   Thumb Code    14  memseta.o(.text)
    __aeabi_memset4                          0x08000149   Thumb Code     0  memseta.o(.text)
    __aeabi_memset8                          0x08000149   Thumb Code     0  memseta.o(.text)
    __aeabi_memclr                           0x08000157   Thumb Code     4  memseta.o(.text)
    __aeabi_memclr4                          0x08000157   Thumb Code     0  memseta.o(.text)
    __aeabi_memclr8                          0x08000157   Thumb Code     0  memseta.o(.text)
    _memset$wrapper                          0x0800015b   Thumb Code    18  memseta.o(.text)
    memcmp                                   0x0800016d   Thumb Code    26  memcmp.o(.text)
    __aeabi_uldivmod                         0x08000187   Thumb Code    96  uldiv.o(.text)
    __scatterload                            0x080001e9   Thumb Code    28  init.o(.text)
    __scatterload_rt2                        0x080001e9   Thumb Code     0  init.o(.text)
    __aeabi_llsl                             0x0800020d   Thumb Code    32  llshl.o(.text)
    _ll_shift_l                              0x0800020d   Thumb Code     0  llshl.o(.text)
    __aeabi_llsr                             0x0800022d   Thumb Code    34  llushr.o(.text)
    _ll_ushift_r                             0x0800022d   Thumb Code     0  llushr.o(.text)
    Calculate_CRC16_Modbus                   0x08000251   Thumb Code    56  protocol.o(.text.Calculate_CRC16_Modbus)
    FM17622_AntennaOn                        0x0800028d   Thumb Code    26  bsp_fm17622.o(.text.FM17622_AntennaOn)
    FM17622_Anticoll                         0x080002a9   Thumb Code   212  bsp_fm17622.o(.text.FM17622_Anticoll)
    FM17622_CheckComm                        0x0800037d   Thumb Code    18  bsp_fm17622.o(.text.FM17622_CheckComm)
    FM17622_Init                             0x080003a5   Thumb Code    76  bsp_fm17622.o(.text.FM17622_Init)
    FM17622_ReadReg                          0x080003f5   Thumb Code   164  bsp_fm17622.o(.text.FM17622_ReadReg)
    FM17622_ReadTagData                      0x0800049d   Thumb Code    14  bsp_fm17622.o(.text.FM17622_ReadTagData)
    FM17622_RequestA                         0x080004ad   Thumb Code   156  bsp_fm17622.o(.text.FM17622_RequestA)
    FM17622_Select                           0x08000549   Thumb Code   188  bsp_fm17622.o(.text.FM17622_Select)
    FM17622_WriteReg                         0x0800061f   Thumb Code    50  bsp_fm17622.o(.text.FM17622_WriteReg)
    HardFault_Handler                        0x08000651   Thumb Code     2  gd32e23x_it.o(.text.HardFault_Handler)
    NMI_Handler                              0x08000653   Thumb Code    16  gd32e23x_it.o(.text.NMI_Handler)
    Pack_Data_Frame                          0x08000663   Thumb Code    64  protocol.o(.text.Pack_Data_Frame)
    PendSV_Handler                           0x080006a3   Thumb Code     2  gd32e23x_it.o(.text.PendSV_Handler)
    SVC_Handler                              0x080006a5   Thumb Code     2  gd32e23x_it.o(.text.SVC_Handler)
    SysTick_Handler                          0x080006cd   Thumb Code    16  bsp_systick.o(.text.SysTick_Handler)
    SystemInit                               0x080006e1   Thumb Code   220  system_gd32e23x.o(.text.SystemInit)
    USART0_IRQHandler                        0x080007cd   Thumb Code     8  gd32e23x_it.o(.text.USART0_IRQHandler)
    app_process_frame                        0x08000951   Thumb Code    68  app_protocol.o(.text.app_process_frame)
    app_protocol_init                        0x08000a05   Thumb Code    32  app_protocol.o(.text.app_protocol_init)
    app_rfid_poll_task                       0x08000a51   Thumb Code   220  app_protocol.o(.text.app_rfid_poll_task)
    app_uart_rx_task                         0x08000bb9   Thumb Code    64  app_protocol.o(.text.app_uart_rx_task)
    bsp_i2c_init                             0x08000c9d   Thumb Code    56  bsp_i2c.o(.text.bsp_i2c_init)
    bsp_uart_init                            0x08000cdd   Thumb Code   184  bsp_usart.o(.text.bsp_uart_init)
    flash_key_is_stored                      0x08000db5   Thumb Code    16  bsp_flash.o(.text.flash_key_is_stored)
    flash_key_read                           0x08000dc9   Thumb Code    48  bsp_flash.o(.text.flash_key_read)
    flash_key_write                          0x08000dfd   Thumb Code   152  bsp_flash.o(.text.flash_key_write)
    fmc_flag_clear                           0x08000e9d   Thumb Code     8  gd32e23x_fmc.o(.text.fmc_flag_clear)
    fmc_lock                                 0x08000ea5   Thumb Code    12  gd32e23x_fmc.o(.text.fmc_lock)
    fmc_page_erase                           0x08000eb1   Thumb Code    60  gd32e23x_fmc.o(.text.fmc_page_erase)
    fmc_ready_wait                           0x08000eed   Thumb Code    32  gd32e23x_fmc.o(.text.fmc_ready_wait)
    fmc_state_get                            0x08000f0d   Thumb Code    32  gd32e23x_fmc.o(.text.fmc_state_get)
    fmc_unlock                               0x08000f31   Thumb Code    20  gd32e23x_fmc.o(.text.fmc_unlock)
    fmc_word_program                         0x08000f51   Thumb Code    56  gd32e23x_fmc.o(.text.fmc_word_program)
    fputc                                    0x08000f8d   Thumb Code    32  bsp_usart.o(.text.fputc)
    gpio_af_set                              0x08000fb5   Thumb Code    94  gd32e23x_gpio.o(.text.gpio_af_set)
    gpio_bit_reset                           0x08001013   Thumb Code     4  gd32e23x_gpio.o(.text.gpio_bit_reset)
    gpio_bit_set                             0x08001017   Thumb Code     4  gd32e23x_gpio.o(.text.gpio_bit_set)
    gpio_input_bit_get                       0x0800101b   Thumb Code    10  gd32e23x_gpio.o(.text.gpio_input_bit_get)
    gpio_mode_set                            0x08001025   Thumb Code    66  gd32e23x_gpio.o(.text.gpio_mode_set)
    gpio_output_options_set                  0x08001067   Thumb Code    70  gd32e23x_gpio.o(.text.gpio_output_options_set)
    i2c_send_byte                            0x080010c5   Thumb Code    84  bsp_i2c.o(.text.i2c_send_byte)
    i2c_start                                0x08001119   Thumb Code    52  bsp_i2c.o(.text.i2c_start)
    i2c_stop                                 0x0800114d   Thumb Code    40  bsp_i2c.o(.text.i2c_stop)
    i2c_wait_ack                             0x08001175   Thumb Code    72  bsp_i2c.o(.text.i2c_wait_ack)
    main                                     0x080011c1   Thumb Code   176  main.o(.text.main)
    nvic_irq_enable                          0x08001315   Thumb Code    16  gd32e23x_misc.o(.text.nvic_irq_enable)
    nvic_vector_table_set                    0x08001325   Thumb Code    16  gd32e23x_misc.o(.text.nvic_vector_table_set)
    protocol_get_parsed_frame                0x0800133d   Thumb Code     4  protocol.o(.text.protocol_get_parsed_frame)
    protocol_parse_byte                      0x08001341   Thumb Code   232  protocol.o(.text.protocol_parse_byte)
    protocol_parser_init                     0x08001429   Thumb Code    24  protocol.o(.text.protocol_parser_init)
    protocol_verify_crc                      0x0800144d   Thumb Code    72  protocol.o(.text.protocol_verify_crc)
    rcu_clock_freq_get                       0x08001499   Thumb Code   344  gd32e23x_rcu.o(.text.rcu_clock_freq_get)
    rcu_periph_clock_enable                  0x0800161d   Thumb Code    20  gd32e23x_rcu.o(.text.rcu_periph_clock_enable)
    rcu_periph_reset_disable                 0x08001631   Thumb Code    20  gd32e23x_rcu.o(.text.rcu_periph_reset_disable)
    rcu_periph_reset_enable                  0x08001645   Thumb Code    20  gd32e23x_rcu.o(.text.rcu_periph_reset_enable)
    syscfg_flag_get                          0x0800165d   Thumb Code    16  gd32e23x_syscfg.o(.text.syscfg_flag_get)
    systick_config                           0x0800176d   Thumb Code    32  bsp_systick.o(.text.systick_config)
    tag_data_serialize                       0x08001791   Thumb Code   130  bsp_fm17622.o(.text.tag_data_serialize)
    uart_rx_available                        0x08001815   Thumb Code    16  bsp_usart.o(.text.uart_rx_available)
    uart_rx_read_byte                        0x08001825   Thumb Code    20  bsp_usart.o(.text.uart_rx_read_byte)
    uart_send_byte                           0x08001839   Thumb Code    28  bsp_usart.o(.text.uart_send_byte)
    uart_send_data                           0x08001859   Thumb Code    26  bsp_usart.o(.text.uart_send_data)
    uid_read                                 0x08001875   Thumb Code    56  bsp_uid.o(.text.uid_read)
    usart0_isr                               0x080018b1   Thumb Code    48  bsp_usart.o(.text.usart0_isr)
    usart_baudrate_set                       0x080018f1   Thumb Code    76  gd32e23x_usart.o(.text.usart_baudrate_set)
    usart_data_receive                       0x08001941   Thumb Code     8  gd32e23x_usart.o(.text.usart_data_receive)
    usart_data_transmit                      0x08001949   Thumb Code     8  gd32e23x_usart.o(.text.usart_data_transmit)
    usart_deinit                             0x08001955   Thumb Code    36  gd32e23x_usart.o(.text.usart_deinit)
    usart_enable                             0x08001989   Thumb Code    10  gd32e23x_usart.o(.text.usart_enable)
    usart_flag_get                           0x08001993   Thumb Code    16  gd32e23x_usart.o(.text.usart_flag_get)
    usart_interrupt_enable                   0x080019a3   Thumb Code    18  gd32e23x_usart.o(.text.usart_interrupt_enable)
    usart_interrupt_flag_get                 0x080019b5   Thumb Code    30  gd32e23x_usart.o(.text.usart_interrupt_flag_get)
    usart_receive_config                     0x080019d3   Thumb Code    16  gd32e23x_usart.o(.text.usart_receive_config)
    usart_transmit_config                    0x080019e3   Thumb Code    16  gd32e23x_usart.o(.text.usart_transmit_config)
    __0printf$8                              0x080019f5   Thumb Code    24  printf8.o(i.__0printf$8)
    __1printf$8                              0x080019f5   Thumb Code     0  printf8.o(i.__0printf$8)
    __2printf                                0x080019f5   Thumb Code     0  printf8.o(i.__0printf$8)
    __scatterload_copy                       0x08001a15   Thumb Code    14  handlers.o(i.__scatterload_copy)
    __scatterload_null                       0x08001a23   Thumb Code     2  handlers.o(i.__scatterload_null)
    __scatterload_zeroinit                   0x08001a25   Thumb Code    14  handlers.o(i.__scatterload_zeroinit)
    puts                                     0x08001ea9   Thumb Code    28  puts.o(i.puts)
    Region$$Table$$Base                      0x08002008   Number         0  anon$$obj.o(Region$$Table)
    Region$$Table$$Limit                     0x08002028   Number         0  anon$$obj.o(Region$$Table)
    __stdout                                 0x20000000   Data           4  stdout.o(.data)
    SystemCoreClock                          0x20000004   Data           4  system_gd32e23x.o(.data.SystemCoreClock)
    __initial_sp                             0x20000720   Data           0  startup_gd32e23x.o(STACK)



==============================================================================

Memory Map of the image

  Image Entry point : 0x080000cd

  Load Region LR_IROM1 (Base: 0x08000000, Size: 0x00002030, Max: 0x00010000, ABSOLUTE)

    Execution Region ER_IROM1 (Exec base: 0x08000000, Load base: 0x08000000, Size: 0x00002028, Max: 0x00010000, ABSOLUTE)

    Exec Addr    Load Addr    Size         Type   Attr      Idx    E Section Name        Object

    0x08000000   0x08000000   0x000000cc   Data   RO            3    RESET               startup_gd32e23x.o
    0x080000cc   0x080000cc   0x00000000   Code   RO         1405  * .ARM.Collect$$$$00000000  mc_p.l(entry.o)
    0x080000cc   0x080000cc   0x00000004   Code   RO         1689    .ARM.Collect$$$$00000001  mc_p.l(entry2.o)
    0x080000d0   0x080000d0   0x00000004   Code   RO         1692    .ARM.Collect$$$$00000004  mc_p.l(entry5.o)
    0x080000d4   0x080000d4   0x00000000   Code   RO         1694    .ARM.Collect$$$$00000008  mc_p.l(entry7b.o)
    0x080000d4   0x080000d4   0x00000000   Code   RO         1696    .ARM.Collect$$$$0000000A  mc_p.l(entry8b.o)
    0x080000d4   0x080000d4   0x00000008   Code   RO         1697    .ARM.Collect$$$$0000000B  mc_p.l(entry9a.o)
    0x080000dc   0x080000dc   0x00000000   Code   RO         1699    .ARM.Collect$$$$0000000D  mc_p.l(entry10a.o)
    0x080000dc   0x080000dc   0x00000000   Code   RO         1701    .ARM.Collect$$$$0000000F  mc_p.l(entry11a.o)
    0x080000dc   0x080000dc   0x00000004   Code   RO         1690    .ARM.Collect$$$$00002712  mc_p.l(entry2.o)
    0x080000e0   0x080000e0   0x00000044   Code   RO            4    .text               startup_gd32e23x.o
    0x08000124   0x08000124   0x00000024   Code   RO         1412    .text               mc_p.l(memcpya.o)
    0x08000148   0x08000148   0x00000024   Code   RO         1414    .text               mc_p.l(memseta.o)
    0x0800016c   0x0800016c   0x0000001a   Code   RO         1416    .text               mc_p.l(memcmp.o)
    0x08000186   0x08000186   0x00000060   Code   RO         1710    .text               mc_p.l(uldiv.o)
    0x080001e6   0x080001e6   0x00000002   PAD
    0x080001e8   0x080001e8   0x00000024   Code   RO         1725    .text               mc_p.l(init.o)
    0x0800020c   0x0800020c   0x00000020   Code   RO         1737    .text               mc_p.l(llshl.o)
    0x0800022c   0x0800022c   0x00000022   Code   RO         1739    .text               mc_p.l(llushr.o)
    0x0800024e   0x0800024e   0x00000002   PAD
    0x08000250   0x08000250   0x0000003c   Code   RO         1306    .text.Calculate_CRC16_Modbus  protocol.o
    0x0800028c   0x0800028c   0x0000001a   Code   RO         1250    .text.FM17622_AntennaOn  bsp_fm17622.o
    0x080002a6   0x080002a6   0x00000002   PAD
    0x080002a8   0x080002a8   0x000000d4   Code   RO         1262    .text.FM17622_Anticoll  bsp_fm17622.o
    0x0800037c   0x0800037c   0x00000012   Code   RO         1256    .text.FM17622_CheckComm  bsp_fm17622.o
    0x0800038e   0x0800038e   0x00000014   Code   RO         1260    .text.FM17622_ClearBitMask  bsp_fm17622.o
    0x080003a2   0x080003a2   0x00000002   PAD
    0x080003a4   0x080003a4   0x00000050   Code   RO         1254    .text.FM17622_Init  bsp_fm17622.o
    0x080003f4   0x080003f4   0x000000a8   Code   RO         1246    .text.FM17622_ReadReg  bsp_fm17622.o
    0x0800049c   0x0800049c   0x0000000e   Code   RO         1266    .text.FM17622_ReadTagData  bsp_fm17622.o
    0x080004aa   0x080004aa   0x00000002   PAD
    0x080004ac   0x080004ac   0x0000009c   Code   RO         1258    .text.FM17622_RequestA  bsp_fm17622.o
    0x08000548   0x08000548   0x000000c0   Code   RO         1264    .text.FM17622_Select  bsp_fm17622.o
    0x08000608   0x08000608   0x00000016   Code   RO         1252    .text.FM17622_SetBitMask  bsp_fm17622.o
    0x0800061e   0x0800061e   0x00000032   Code   RO         1244    .text.FM17622_WriteReg  bsp_fm17622.o
    0x08000650   0x08000650   0x00000002   Code   RO         1164    .text.HardFault_Handler  gd32e23x_it.o
    0x08000652   0x08000652   0x00000010   Code   RO         1162    .text.NMI_Handler   gd32e23x_it.o
    0x08000662   0x08000662   0x00000040   Code   RO         1308    .text.Pack_Data_Frame  protocol.o
    0x080006a2   0x080006a2   0x00000002   Code   RO         1168    .text.PendSV_Handler  gd32e23x_it.o
    0x080006a4   0x080006a4   0x00000002   Code   RO         1166    .text.SVC_Handler   gd32e23x_it.o
    0x080006a6   0x080006a6   0x00000002   PAD
    0x080006a8   0x080006a8   0x00000024   Code   RO         1207    .text.SysTick_Config  bsp_systick.o
    0x080006cc   0x080006cc   0x00000014   Code   RO         1213    .text.SysTick_Handler  bsp_systick.o
    0x080006e0   0x080006e0   0x000000ec   Code   RO         1141    .text.SystemInit    system_gd32e23x.o
    0x080007cc   0x080007cc   0x00000008   Code   RO         1170    .text.USART0_IRQHandler  gd32e23x_it.o
    0x080007d4   0x080007d4   0x0000001c   Code   RO          477    .text.__NVIC_EnableIRQ  gd32e23x_misc.o
    0x080007f0   0x080007f0   0x00000040   Code   RO          475    .text.__NVIC_SetPriority  gd32e23x_misc.o
    0x08000830   0x08000830   0x00000018   Code   RO         1209    .text.__NVIC_SetPriority  bsp_systick.o
    0x08000848   0x08000848   0x00000022   Code   RO         1143    .text._soft_delay_  system_gd32e23x.o
    0x0800086a   0x0800086a   0x00000002   PAD
    0x0800086c   0x0800086c   0x0000006c   Code   RO         1333    .text.app_handle_query_uid  app_protocol.o
    0x080008d8   0x080008d8   0x00000078   Code   RO         1335    .text.app_handle_write_key  app_protocol.o
    0x08000950   0x08000950   0x000000b4   Code   RO         1331    .text.app_process_frame  app_protocol.o
    0x08000a04   0x08000a04   0x0000004c   Code   RO         1329    .text.app_protocol_init  app_protocol.o
    0x08000a50   0x08000a50   0x00000168   Code   RO         1337    .text.app_rfid_poll_task  app_protocol.o
    0x08000bb8   0x08000bb8   0x0000007c   Code   RO         1341    .text.app_uart_rx_task  app_protocol.o
    0x08000c34   0x08000c34   0x00000068   Code   RO         1339    .text.app_upload_tag_data  app_protocol.o
    0x08000c9c   0x08000c9c   0x00000040   Code   RO         1224    .text.bsp_i2c_init  bsp_i2c.o
    0x08000cdc   0x08000cdc   0x000000c4   Code   RO         1372    .text.bsp_uart_init  bsp_usart.o
    0x08000da0   0x08000da0   0x00000014   Code   RO         1248    .text.delay_i2c_bus  bsp_fm17622.o
    0x08000db4   0x08000db4   0x00000014   Code   RO         1356    .text.flash_key_is_stored  bsp_flash.o
    0x08000dc8   0x08000dc8   0x00000034   Code   RO         1358    .text.flash_key_read  bsp_flash.o
    0x08000dfc   0x08000dfc   0x000000a0   Code   RO         1360    .text.flash_key_write  bsp_flash.o
    0x08000e9c   0x08000e9c   0x00000008   Code   RO          313    .text.fmc_flag_clear  gd32e23x_fmc.o
    0x08000ea4   0x08000ea4   0x0000000c   Code   RO          263    .text.fmc_lock      gd32e23x_fmc.o
    0x08000eb0   0x08000eb0   0x0000003c   Code   RO          271    .text.fmc_page_erase  gd32e23x_fmc.o
    0x08000eec   0x08000eec   0x00000020   Code   RO          273    .text.fmc_ready_wait  gd32e23x_fmc.o
    0x08000f0c   0x08000f0c   0x00000024   Code   RO          319    .text.fmc_state_get  gd32e23x_fmc.o
    0x08000f30   0x08000f30   0x00000020   Code   RO          261    .text.fmc_unlock    gd32e23x_fmc.o
    0x08000f50   0x08000f50   0x0000003c   Code   RO          279    .text.fmc_word_program  gd32e23x_fmc.o
    0x08000f8c   0x08000f8c   0x00000028   Code   RO         1374    .text.fputc         bsp_usart.o
    0x08000fb4   0x08000fb4   0x0000005e   Code   RO          377    .text.gpio_af_set   gd32e23x_gpio.o
    0x08001012   0x08001012   0x00000004   Code   RO          363    .text.gpio_bit_reset  gd32e23x_gpio.o
    0x08001016   0x08001016   0x00000004   Code   RO          361    .text.gpio_bit_set  gd32e23x_gpio.o
    0x0800101a   0x0800101a   0x0000000a   Code   RO          369    .text.gpio_input_bit_get  gd32e23x_gpio.o
    0x08001024   0x08001024   0x00000042   Code   RO          357    .text.gpio_mode_set  gd32e23x_gpio.o
    0x08001066   0x08001066   0x00000046   Code   RO          359    .text.gpio_output_options_set  gd32e23x_gpio.o
    0x080010ac   0x080010ac   0x00000016   Code   RO         1228    .text.i2c_delay     bsp_i2c.o
    0x080010c2   0x080010c2   0x00000002   PAD
    0x080010c4   0x080010c4   0x00000054   Code   RO         1232    .text.i2c_send_byte  bsp_i2c.o
    0x08001118   0x08001118   0x00000034   Code   RO         1226    .text.i2c_start     bsp_i2c.o
    0x0800114c   0x0800114c   0x00000028   Code   RO         1230    .text.i2c_stop      bsp_i2c.o
    0x08001174   0x08001174   0x0000004c   Code   RO         1234    .text.i2c_wait_ack  bsp_i2c.o
    0x080011c0   0x080011c0   0x00000154   Code   RO         1179    .text.main          main.o
    0x08001314   0x08001314   0x00000010   Code   RO          473    .text.nvic_irq_enable  gd32e23x_misc.o
    0x08001324   0x08001324   0x00000018   Code   RO          487    .text.nvic_vector_table_set  gd32e23x_misc.o
    0x0800133c   0x0800133c   0x00000004   Code   RO         1316    .text.protocol_get_parsed_frame  protocol.o
    0x08001340   0x08001340   0x000000e8   Code   RO         1312    .text.protocol_parse_byte  protocol.o
    0x08001428   0x08001428   0x00000024   Code   RO         1310    .text.protocol_parser_init  protocol.o
    0x0800144c   0x0800144c   0x0000004c   Code   RO         1314    .text.protocol_verify_crc  protocol.o
    0x08001498   0x08001498   0x00000184   Code   RO          603    .text.rcu_clock_freq_get  gd32e23x_rcu.o
    0x0800161c   0x0800161c   0x00000014   Code   RO          539    .text.rcu_periph_clock_enable  gd32e23x_rcu.o
    0x08001630   0x08001630   0x00000014   Code   RO          549    .text.rcu_periph_reset_disable  gd32e23x_rcu.o
    0x08001644   0x08001644   0x00000018   Code   RO          547    .text.rcu_periph_reset_enable  gd32e23x_rcu.o
    0x0800165c   0x0800165c   0x00000014   Code   RO          803    .text.syscfg_flag_get  gd32e23x_syscfg.o
    0x08001670   0x08001670   0x000000f4   Code   RO         1151    .text.system_clock_72m_hxtal  system_gd32e23x.o
    0x08001764   0x08001764   0x00000008   Code   RO         1145    .text.system_clock_config  system_gd32e23x.o
    0x0800176c   0x0800176c   0x00000024   Code   RO         1205    .text.systick_config  bsp_systick.o
    0x08001790   0x08001790   0x00000082   Code   RO         1268    .text.tag_data_serialize  bsp_fm17622.o
    0x08001812   0x08001812   0x00000002   PAD
    0x08001814   0x08001814   0x00000010   Code   RO         1380    .text.uart_rx_available  bsp_usart.o
    0x08001824   0x08001824   0x00000014   Code   RO         1382    .text.uart_rx_read_byte  bsp_usart.o
    0x08001838   0x08001838   0x00000020   Code   RO         1376    .text.uart_send_byte  bsp_usart.o
    0x08001858   0x08001858   0x0000001a   Code   RO         1378    .text.uart_send_data  bsp_usart.o
    0x08001872   0x08001872   0x00000002   PAD
    0x08001874   0x08001874   0x0000003c   Code   RO         1397    .text.uid_read      bsp_uid.o
    0x080018b0   0x080018b0   0x00000040   Code   RO         1384    .text.usart0_isr    bsp_usart.o
    0x080018f0   0x080018f0   0x00000050   Code   RO          971    .text.usart_baudrate_set  gd32e23x_usart.o
    0x08001940   0x08001940   0x00000008   Code   RO         1007    .text.usart_data_receive  gd32e23x_usart.o
    0x08001948   0x08001948   0x0000000c   Code   RO         1005    .text.usart_data_transmit  gd32e23x_usart.o
    0x08001954   0x08001954   0x00000034   Code   RO          969    .text.usart_deinit  gd32e23x_usart.o
    0x08001988   0x08001988   0x0000000a   Code   RO          979    .text.usart_enable  gd32e23x_usart.o
    0x08001992   0x08001992   0x00000010   Code   RO         1097    .text.usart_flag_get  gd32e23x_usart.o
    0x080019a2   0x080019a2   0x00000012   Code   RO         1101    .text.usart_interrupt_enable  gd32e23x_usart.o
    0x080019b4   0x080019b4   0x0000001e   Code   RO         1107    .text.usart_interrupt_flag_get  gd32e23x_usart.o
    0x080019d2   0x080019d2   0x00000010   Code   RO          985    .text.usart_receive_config  gd32e23x_usart.o
    0x080019e2   0x080019e2   0x00000010   Code   RO          983    .text.usart_transmit_config  gd32e23x_usart.o
    0x080019f2   0x080019f2   0x00000002   PAD
    0x080019f4   0x080019f4   0x00000020   Code   RO         1627    i.__0printf$8       mc_p.l(printf8.o)
    0x08001a14   0x08001a14   0x0000000e   Code   RO         1749    i.__scatterload_copy  mc_p.l(handlers.o)
    0x08001a22   0x08001a22   0x00000002   Code   RO         1750    i.__scatterload_null  mc_p.l(handlers.o)
    0x08001a24   0x08001a24   0x0000000e   Code   RO         1751    i.__scatterload_zeroinit  mc_p.l(handlers.o)
    0x08001a32   0x08001a32   0x00000002   PAD
    0x08001a34   0x08001a34   0x00000428   Code   RO         1634    i._printf_core      mc_p.l(printf8.o)
    0x08001e5c   0x08001e5c   0x00000020   Code   RO         1635    i._printf_post_padding  mc_p.l(printf8.o)
    0x08001e7c   0x08001e7c   0x0000002c   Code   RO         1636    i._printf_pre_padding  mc_p.l(printf8.o)
    0x08001ea8   0x08001ea8   0x00000020   Code   RO         1408    i.puts              mc_p.l(puts.o)
    0x08001ec8   0x08001ec8   0x000000fd   Data   RO         1181    .rodata.str1.1      main.o
    0x08001fc5   0x08001fc5   0x00000042   Data   RO         1346    .rodata.str1.1      app_protocol.o
    0x08002007   0x08002007   0x00000001   PAD
    0x08002008   0x08002008   0x00000020   Data   RO         1748    Region$$Table       anon$$obj.o


    Execution Region RW_IRAM1 (Exec base: 0x20000000, Load base: 0x08002028, Size: 0x00000720, Max: 0x00002000, ABSOLUTE)

    Exec Addr    Load Addr    Size         Type   Attr      Idx    E Section Name        Object

    0x20000000   0x08002028   0x00000004   Data   RW         1703    .data               mc_p.l(stdout.o)
    0x20000004   0x0800202c   0x00000004   Data   RW         1153    .data.SystemCoreClock  system_gd32e23x.o
    0x20000008        -       0x00000004   Zero   RW         1215    .bss.delay_count    bsp_systick.o
    0x2000000c        -       0x00000001   Zero   RW         1343    .bss.s_card_present  app_protocol.o
    0x2000000d        -       0x00000001   Zero   RW         1320    .bss.s_data_index   protocol.o
    0x2000000e   0x08002030   0x00000002   PAD
    0x20000010        -       0x0000000a   Zero   RW         1345    .bss.s_last_card_uid  app_protocol.o
    0x2000001a        -       0x00000001   Zero   RW         1344    .bss.s_last_card_uid_len  app_protocol.o
    0x2000001b        -       0x00000001   Zero   RW         1318    .bss.s_parse_state  protocol.o
    0x2000001c        -       0x000000fe   Zero   RW         1319    .bss.s_parsed_frame  protocol.o
    0x2000011a        -       0x00000100   Zero   RW         1388    .bss.s_rx_buf       bsp_usart.o
    0x2000021a        -       0x00000002   Zero   RW         1386    .bss.s_rx_head      bsp_usart.o
    0x2000021c        -       0x00000002   Zero   RW         1387    .bss.s_rx_tail      bsp_usart.o
    0x2000021e        -       0x00000100   Zero   RW         1347    .bss.s_tx_buf       app_protocol.o
    0x2000031e   0x08002030   0x00000002   PAD
    0x20000320        -       0x00000400   Zero   RW            1    STACK               startup_gd32e23x.o


==============================================================================

Image component sizes


      Code (inc. data)   RO Data    RW Data    ZI Data      Debug   Object Name

      1072        480         66          0        268       4054   app_protocol.o
       232         16          0          0          0       2171   bsp_flash.o
      1108         12          0          0          0       5402   bsp_fm17622.o
       338         12          0          0          0       2007   bsp_i2c.o
       116         16          0          0          4       2976   bsp_systick.o
        60          4          0          0          0        817   bsp_uid.o
       394         40          0          0        260       4848   bsp_usart.o
       240         20          0          0          0       7252   gd32e23x_fmc.o
       248          0          0          0          0       4881   gd32e23x_gpio.o
        30          0          0          0          0        936   gd32e23x_it.o
       132         20          0          0          0       4037   gd32e23x_misc.o
       452         48          0          0          0      13325   gd32e23x_rcu.o
        20          4          0          0          0       2855   gd32e23x_syscfg.o
       258         24          0          0          0      13960   gd32e23x_usart.o
       340        164        253          0          0        889   main.o
       472         20          0          0        256       4006   protocol.o
        68         22        204          0       1024        636   startup_gd32e23x.o
       522         32          0          4          0       2480   system_gd32e23x.o

    ----------------------------------------------------------------------
      6120        934        556          4       1816      77532   Object Totals
         0          0         32          0          0          0   (incl. Generated)
        18          0          1          0          4          0   (incl. Padding)

    ----------------------------------------------------------------------

      Code (inc. data)   RO Data    RW Data    ZI Data      Debug   Library Member Name

         0          0          0          0          0          0   entry.o
         0          0          0          0          0          0   entry10a.o
         0          0          0          0          0          0   entry11a.o
         8          4          0          0          0          0   entry2.o
         4          0          0          0          0          0   entry5.o
         0          0          0          0          0          0   entry7b.o
         0          0          0          0          0          0   entry8b.o
         8          4          0          0          0          0   entry9a.o
        30          0          0          0          0          0   handlers.o
        36          8          0          0          0         68   init.o
        32          0          0          0          0         68   llshl.o
        34          0          0          0          0         68   llushr.o
        26          0          0          0          0         72   memcmp.o
        36          0          0          0          0         60   memcpya.o
        36          0          0          0          0        100   memseta.o
      1172         52          0          0          0        324   printf8.o
        32          4          0          0          0         68   puts.o
         0          0          0          4          0          0   stdout.o
        96          0          0          0          0         84   uldiv.o

    ----------------------------------------------------------------------
      1556         72          0          4          0        912   Library Totals
         6          0          0          0          0          0   (incl. Padding)

    ----------------------------------------------------------------------

      Code (inc. data)   RO Data    RW Data    ZI Data      Debug   Library Name

      1550         72          0          4          0        912   mc_p.l

    ----------------------------------------------------------------------
      1556         72          0          4          0        912   Library Totals

    ----------------------------------------------------------------------

==============================================================================


      Code (inc. data)   RO Data    RW Data    ZI Data      Debug   

      7676       1006        556          8       1816      77944   Grand Totals
      7676       1006        556          8       1816      77944   ELF Image Totals
      7676       1006        556          8          0          0   ROM Totals

==============================================================================

    Total RO  Size (Code + RO Data)                 8232 (   8.04kB)
    Total RW  Size (RW Data + ZI Data)              1824 (   1.78kB)
    Total ROM Size (Code + RO Data + RW Data)       8240 (   8.05kB)

==============================================================================

